core_cm7.h:2013:22:__NVIC_SetPriority	16	static
fsl_clock.h:961:20:CLOCK_SetMux	24	static
fsl_clock.h:998:20:CLOCK_SetDiv	24	static
fsl_clock.h:1023:24:CLOCK_GetDiv	16	static
freertos_sdcard.c:139:13:BOARD_USDHCClockConfiguration	8	static
freertos_sdcard.c:149:6:BOARD_PowerOffSDCARD	4	static
freertos_sdcard.c:165:6:BOARD_PowerOnSDCARD	8	static
freertos_sdcard.c:170:13:SDCARD_DetectCallBack	16	static
freertos_sdcard.c:176:13:CardDetectTask	24	static
freertos_sdcard.c:236:13:AccessCardTask	32	static
freertos_sdcard.c:279:5:main	16	static
freertos_sdcard.c:316:17:SDCARD_ReadWrite	16	static
