core_cm7.h:1885:22:__NVIC_EnableIRQ	16	static
core_cm7.h:2013:22:__NVIC_SetPriority	16	static
fsl_common.h:419:28:EnableIRQ	16	static
fsl_gpio.h:174:24:GPIO_PinRead	16	static
fsl_gpio.h:251:20:GPIO_PortEnableInterrupts	16	static
fsl_gpio.h:293:24:GPIO_PortGetInterruptFlags	16	static
fsl_gpio.h:316:20:GPIO_PortClearInterruptFlags	16	static
fsl_usdhc.h:810:20:USDHC_EnableInterruptStatus	16	static
fsl_usdhc.h:832:20:USDHC_EnableInterruptSignal	16	static
fsl_usdhc.h:843:20:USDHC_DisableInterruptSignal	16	static
fsl_usdhc.h:918:24:USDHC_GetPresentStatusFlags	16	static
fsl_usdhc.h:1068:20:USDHC_CardDetectByData3	16	static
fsl_usdhc.h:1085:20:USDHC_DetectCardInsert	16	static
fsl_usdhc.h:1192:20:UDSHC_SelectVoltage	16	static
fsl_sdmmc_host.c:90:13:SDMMCHOST_NofiyCardInsertStatus	16	static
fsl_sdmmc_host.c:110:13:SDMMCHOST_DetectCardInsertByHost	16	static
fsl_sdmmc_host.c:123:13:SDMMCHOST_DetectCardRemoveByHost	16	static
fsl_sdmmc_host.c:135:13:SDMMCHOST_CardInterrupt	16	static
fsl_sdmmc_host.c:145:13:SDMMCHOST_TransferCompleteCallback	24	static
fsl_sdmmc_host.c:159:13:SDMMCHOST_ReTuningCallback	16	static
fsl_sdmmc_host.c:165:17:SDMMCHOST_TransferFunction	32	static
fsl_sdmmc_host.c:209:6:SDMMCHOST_ErrorRecovery	24	static
fsl_sdmmc_host.c:228:17:SDMMCHOST_CardDetectInit	24	static
fsl_sdmmc_host.c:286:13:SDMMCHOST_CardDetectDeinit	8	static
fsl_sdmmc_host.c:292:6:SDMMCHOST_Delay	16	static
fsl_sdmmc_host.c:297:6:GPIO2_Combined_16_31_IRQHandler	8	static
fsl_sdmmc_host.c:309:10:SDMMCHOST_WaitCardDetectStatus	32	static
fsl_sdmmc_host.c:333:6:SDMMCHOST_IsCardPresent	4	static
fsl_sdmmc_host.c:338:6:SDMMCHOST_PowerOffCard	16	static
fsl_sdmmc_host.c:354:6:SDMMCHOST_PowerOnCard	16	static
fsl_sdmmc_host.c:371:10:SDMMCHOST_Init	64	static
fsl_sdmmc_host.c:414:6:SDMMCHOST_Reset	16	static
fsl_sdmmc_host.c:428:6:SDMMCHOST_Deinit	24	static
