core_cm7.h:1885:22:__NVIC_EnableIRQ	16	static
core_cm7.h:1921:22:__NVIC_DisableIRQ	16	static
fsl_clock.h:1034:20:CLOCK_ControlGate	32	static
fsl_clock.h:1051:20:CLOCK_EnableClock	16	static
fsl_clock.h:1061:20:CLOCK_DisableClock	16	static
fsl_common.h:419:28:EnableIRQ	16	static
fsl_common.h:457:28:DisableIRQ	16	static
fsl_usdhc.h:784:20:USDHC_EnableInternalDMA	16	static
fsl_usdhc.h:810:20:USDHC_EnableInterruptStatus	16	static
fsl_usdhc.h:821:20:USDHC_DisableInterruptStatus	16	static
fsl_usdhc.h:832:20:USDHC_EnableInterruptSignal	16	static
fsl_usdhc.h:843:20:USDHC_DisableInterruptSignal	16	static
fsl_usdhc.h:861:24:USDHC_GetEnabledInterruptStatusFlags	16	static
fsl_usdhc.h:872:24:USDHC_GetInterruptStatusFlags	16	static
fsl_usdhc.h:883:20:USDHC_ClearInterruptStatusFlags	16	static
fsl_usdhc.h:1017:20:USDHC_WriteData	16	static
fsl_usdhc.h:1030:24:USDHC_ReadData	16	static
fsl_usdhc.c:212:17:USDHC_GetInstance	24	static
fsl_usdhc.c:226:13:USDHC_SetTransferInterrupt	24	static
fsl_usdhc.c:246:17:USDHC_SetDataTransferConfig	32	static
fsl_usdhc.c:350:17:USDHC_ReceiveCommandResponse	16	static
fsl_usdhc.c:382:17:USDHC_ReadDataPort	48	static
fsl_usdhc.c:435:17:USDHC_ReadByDataPortBlocking	32	static
fsl_usdhc.c:502:17:USDHC_WriteDataPort	40	static
fsl_usdhc.c:554:17:USDHC_WriteByDataPortBlocking	32	static
fsl_usdhc.c:633:6:USDHC_SendCommand	24	static
fsl_usdhc.c:697:17:USDHC_WaitCommandDone	32	static
fsl_usdhc.c:736:17:USDHC_TransferDataBlocking	32	static
fsl_usdhc.c:808:6:USDHC_Init	32	static
fsl_usdhc.c:862:6:USDHC_Deinit	16	static
fsl_usdhc.c:879:6:USDHC_Reset	24	static
fsl_usdhc.c:901:6:USDHC_GetCapability	24	static
fsl_usdhc.c:934:10:USDHC_SetSdClock	48	static
fsl_usdhc.c:1047:6:USDHC_SetCardActive	16	static
fsl_usdhc.c:1070:6:USDHC_EnableDDRMode	32	static
fsl_usdhc.c:1115:6:USDHC_SetMmcBootConfig	24	static
fsl_usdhc.c:1159:10:USDHC_SetADMA1Descriptor	56	static
fsl_usdhc.c:1245:10:USDHC_SetADMA2Descriptor	56	static
fsl_usdhc.c:1354:10:USDHC_SetInternalDmaConfig	24	static
fsl_usdhc.c:1414:10:USDHC_SetAdmaTableConfig	48	static
fsl_usdhc.c:1485:10:USDHC_TransferBlocking	48	static
fsl_usdhc.c:1573:10:USDHC_TransferNonBlocking	48	static
fsl_usdhc.c:1654:6:USDHC_EnableManualTuning	16	static
fsl_usdhc.c:1680:10:USDHC_AdjustDelayForManualTuning	24	static
fsl_usdhc.c:1712:6:USDHC_EnableStandardTuning	32	static
fsl_usdhc.c:1746:6:USDHC_EnableAutoTuningForCmdAndData	24	static
fsl_usdhc.c:1773:13:USDHC_TransferHandleCardDetect	24	static
fsl_usdhc.c:1791:13:USDHC_TransferHandleCommand	32	static
fsl_usdhc.c:1825:13:USDHC_TransferHandleData	32	static
fsl_usdhc.c:1873:13:USDHC_TransferHandleSdioInterrupt	16	static
fsl_usdhc.c:1881:13:USDHC_TransferHandleReTuning	24	static
fsl_usdhc.c:1891:13:USDHC_TransferHandleBlockGap	16	static
fsl_usdhc.c:1907:6:USDHC_TransferCreateHandle	24	static
fsl_usdhc.c:1946:6:USDHC_TransferHandleIRQ	24	static
fsl_usdhc.c:1994:6:USDHC1_DriverIRQHandler	8	static
fsl_usdhc.c:2006:6:USDHC2_DriverIRQHandler	8	static
