Archive member included to satisfy reference by file (symbol)

c:/nxp/mcuxpressoide_11.0.1_2563/ide/plugins/com.nxp.mcuxpresso.tools.win32_11.0.1.201907311258/tools/bin/../lib/gcc/arm-none-eabi/8.2.1/../../../../arm-none-eabi/lib/thumb/v7e-m+dp/hard\libcr_nohost_nf.a(_cr__main.o)
                              ./startup/startup_mimxrt1052.o (__main)
c:/nxp/mcuxpressoide_11.0.1_2563/ide/plugins/com.nxp.mcuxpresso.tools.win32_11.0.1.201907311258/tools/bin/../lib/gcc/arm-none-eabi/8.2.1/../../../../arm-none-eabi/lib/thumb/v7e-m+dp/hard\libcr_nohost_nf.a(_cr_assert.o)
                              ./utilities/fsl_debug_console.o (__assertion_failed)
c:/nxp/mcuxpressoide_11.0.1_2563/ide/plugins/com.nxp.mcuxpresso.tools.win32_11.0.1.201907311258/tools/bin/../lib/gcc/arm-none-eabi/8.2.1/../../../../arm-none-eabi/lib/thumb/v7e-m+dp/hard\libcr_nohost_nf.a(__ciob.o)
                              c:/nxp/mcuxpressoide_11.0.1_2563/ide/plugins/com.nxp.mcuxpresso.tools.win32_11.0.1.201907311258/tools/bin/../lib/gcc/arm-none-eabi/8.2.1/../../../../arm-none-eabi/lib/thumb/v7e-m+dp/hard\libcr_nohost_nf.a(_cr_assert.o) (__Ciob)
c:/nxp/mcuxpressoide_11.0.1_2563/ide/plugins/com.nxp.mcuxpresso.tools.win32_11.0.1.201907311258/tools/bin/../lib/gcc/arm-none-eabi/8.2.1/../../../../arm-none-eabi/lib/thumb/v7e-m+dp/hard\libcr_nohost_nf.a(__sys_appexit.o)
                              c:/nxp/mcuxpressoide_11.0.1_2563/ide/plugins/com.nxp.mcuxpresso.tools.win32_11.0.1.201907311258/tools/bin/../lib/gcc/arm-none-eabi/8.2.1/../../../../arm-none-eabi/lib/thumb/v7e-m+dp/hard\libcr_nohost_nf.a(_cr_assert.o) (__sys_appexit)
c:/nxp/mcuxpressoide_11.0.1_2563/ide/plugins/com.nxp.mcuxpresso.tools.win32_11.0.1.201907311258/tools/bin/../lib/gcc/arm-none-eabi/8.2.1/../../../../arm-none-eabi/lib/thumb/v7e-m+dp/hard\libcr_c.a(memcpy.o)
                              ./amazon-freertos/freertos/queue.o (memcpy)
c:/nxp/mcuxpressoide_11.0.1_2563/ide/plugins/com.nxp.mcuxpresso.tools.win32_11.0.1.201907311258/tools/bin/../lib/gcc/arm-none-eabi/8.2.1/../../../../arm-none-eabi/lib/thumb/v7e-m+dp/hard\libcr_c.a(memset.o)
                              ./utilities/fsl_debug_console.o (memset)
c:/nxp/mcuxpressoide_11.0.1_2563/ide/plugins/com.nxp.mcuxpresso.tools.win32_11.0.1.201907311258/tools/bin/../lib/gcc/arm-none-eabi/8.2.1/../../../../arm-none-eabi/lib/thumb/v7e-m+dp/hard\libcr_c.a(_deferredlazyseek.o)
                              c:/nxp/mcuxpressoide_11.0.1_2563/ide/plugins/com.nxp.mcuxpresso.tools.win32_11.0.1.201907311258/tools/bin/../lib/gcc/arm-none-eabi/8.2.1/../../../../arm-none-eabi/lib/thumb/v7e-m+dp/hard\libcr_nohost_nf.a(_cr_assert.o) (__flsbuf)
c:/nxp/mcuxpressoide_11.0.1_2563/ide/plugins/com.nxp.mcuxpresso.tools.win32_11.0.1.201907311258/tools/bin/../lib/gcc/arm-none-eabi/8.2.1/../../../../arm-none-eabi/lib/thumb/v7e-m+dp/hard\libcr_c.a(_fflush.o)
                              c:/nxp/mcuxpressoide_11.0.1_2563/ide/plugins/com.nxp.mcuxpresso.tools.win32_11.0.1.201907311258/tools/bin/../lib/gcc/arm-none-eabi/8.2.1/../../../../arm-none-eabi/lib/thumb/v7e-m+dp/hard\libcr_c.a(_deferredlazyseek.o) (_fflush)
c:/nxp/mcuxpressoide_11.0.1_2563/ide/plugins/com.nxp.mcuxpresso.tools.win32_11.0.1.201907311258/tools/bin/../lib/gcc/arm-none-eabi/8.2.1/../../../../arm-none-eabi/lib/thumb/v7e-m+dp/hard\libcr_c.a(_writebuf.o)
                              c:/nxp/mcuxpressoide_11.0.1_2563/ide/plugins/com.nxp.mcuxpresso.tools.win32_11.0.1.201907311258/tools/bin/../lib/gcc/arm-none-eabi/8.2.1/../../../../arm-none-eabi/lib/thumb/v7e-m+dp/hard\libcr_c.a(_deferredlazyseek.o) (_Cwritebuf)
c:/nxp/mcuxpressoide_11.0.1_2563/ide/plugins/com.nxp.mcuxpresso.tools.win32_11.0.1.201907311258/tools/bin/../lib/gcc/arm-none-eabi/8.2.1/../../../../arm-none-eabi/lib/thumb/v7e-m+dp/hard\libcr_c.a(alloc.o)
                              ./drivers/fsl_common.o (malloc)
c:/nxp/mcuxpressoide_11.0.1_2563/ide/plugins/com.nxp.mcuxpresso.tools.win32_11.0.1.201907311258/tools/bin/../lib/gcc/arm-none-eabi/8.2.1/../../../../arm-none-eabi/lib/thumb/v7e-m+dp/hard\libcr_c.a(fputs.o)
                              c:/nxp/mcuxpressoide_11.0.1_2563/ide/plugins/com.nxp.mcuxpresso.tools.win32_11.0.1.201907311258/tools/bin/../lib/gcc/arm-none-eabi/8.2.1/../../../../arm-none-eabi/lib/thumb/v7e-m+dp/hard\libcr_nohost_nf.a(_cr_assert.o) (fputs)
c:/nxp/mcuxpressoide_11.0.1_2563/ide/plugins/com.nxp.mcuxpresso.tools.win32_11.0.1.201907311258/tools/bin/../lib/gcc/arm-none-eabi/8.2.1/../../../../arm-none-eabi/lib/thumb/v7e-m+dp/hard\libcr_c.a(fseek.o)
                              c:/nxp/mcuxpressoide_11.0.1_2563/ide/plugins/com.nxp.mcuxpresso.tools.win32_11.0.1.201907311258/tools/bin/../lib/gcc/arm-none-eabi/8.2.1/../../../../arm-none-eabi/lib/thumb/v7e-m+dp/hard\libcr_c.a(_deferredlazyseek.o) (fseek)
c:/nxp/mcuxpressoide_11.0.1_2563/ide/plugins/com.nxp.mcuxpresso.tools.win32_11.0.1.201907311258/tools/bin/../lib/gcc/arm-none-eabi/8.2.1/../../../../arm-none-eabi/lib/thumb/v7e-m+dp/hard\libcr_c.a(ftell.o)
[...]
Memory Configuration

Name             Origin             Length             Attributes
BOARD_FLASH      0x60000000         0x04000000         xr
SRAM_DTC         0x20000000         0x00020000         xrw
SRAM_ITC         0x00000000         0x00020000         xrw
SRAM_OC          0x20200000         0x00040000         xrw
BOARD_SDRAM      0x80000000         0x02000000         xrw
*default*        0x00000000         0xffffffff

Linker script and memory map

LOAD ./xip/evkbimxrt1050_flexspi_nor_config.o
LOAD ./xip/evkbimxrt1050_sdram_ini_dcd.o
LOAD ./xip/fsl_flexspi_nor_boot.o
LOAD ./utilities/fsl_assert.o
LOAD ./utilities/fsl_debug_console.o
LOAD ./utilities/fsl_str.o
LOAD ./startup/startup_mimxrt1052.o
LOAD ./source/freertos_lpspi.o
LOAD ./source/gyroscope_task.o
LOAD ./source/magnetometer_task.o
LOAD ./source/semihost_hardfault.o
LOAD ./drivers/freertos/fsl_lpspi_freertos.o
LOAD ./drivers/fsl_clock.o
LOAD ./drivers/fsl_common.o
LOAD ./drivers/fsl_gpio.o
LOAD ./drivers/fsl_lpspi.o
LOAD ./drivers/fsl_lpuart.o
LOAD ./device/system_MIMXRT1052.o
LOAD ./component/uart/lpuart_adapter.o
LOAD ./component/serial_manager/serial_manager.o
LOAD ./component/serial_manager/serial_port_uart.o
LOAD ./component/lists/generic_list.o
LOAD ./board/board.o
LOAD ./board/clock_config.o
LOAD ./board/peripherals.o
LOAD ./board/pin_mux.o
LOAD ./amazon-freertos/freertos/portable/heap_4.o
LOAD ./amazon-freertos/freertos/portable/port.o
LOAD ./amazon-freertos/freertos/event_groups.o
LOAD ./amazon-freertos/freertos/list.o
LOAD ./amazon-freertos/freertos/queue.o
LOAD ./amazon-freertos/freertos/stream_buffer.o
LOAD ./amazon-freertos/freertos/tasks.o
LOAD ./amazon-freertos/freertos/timers.o
START GROUP
LOAD c:/nxp/mcuxpressoide_11.0.1_2563/ide/plugins/com.nxp.mcuxpresso.tools.win32_11.0.1.201907311258/tools/bin/../lib/gcc/arm-none-eabi/8.2.1/../../../../arm-none-eabi/lib/thumb/v7e-m+dp/hard\libcr_nohost_nf.a
LOAD c:/nxp/mcuxpressoide_11.0.1_2563/ide/plugins/com.nxp.mcuxpresso.tools.win32_11.0.1.201907311258/tools/bin/../lib/gcc/arm-none-eabi/8.2.1/../../../../arm-none-eabi/lib/thumb/v7e-m+dp/hard\libcr_c.a
LOAD c:/nxp/mcuxpressoide_11.0.1_2563/ide/plugins/com.nxp.mcuxpresso.tools.win32_11.0.1.201907311258/tools/bin/../lib/gcc/arm-none-eabi/8.2.1/thumb/v7e-m+dp/hard\libcr_eabihelpers.a
LOAD c:/nxp/mcuxpressoide_11.0.1_2563/ide/plugins/com.nxp.mcuxpresso.tools.win32_11.0.1.201907311258/tools/bin/../lib/gcc/arm-none-eabi/8.2.1/thumb/v7e-m+dp/hard\libgcc.a
END GROUP
                0x60000000                __base_BOARD_FLASH = 0x60000000
                0x60000000                __base_Flash = 0x60000000
                0x64000000                __top_BOARD_FLASH = 0x64000000
                0x64000000                __top_Flash = 0x64000000
                0x20000000                __base_SRAM_DTC = 0x20000000
                0x20000000                __base_RAM = 0x20000000
                0x20020000                __top_SRAM_DTC = 0x20020000
                0x20020000                __top_RAM = 0x20020000
                0x00000000                __base_SRAM_ITC = 0x0
                0x00000000                __base_RAM2 = 0x0
                0x00020000                __top_SRAM_ITC = 0x20000
                0x00020000                __top_RAM2 = 0x20000
                0x20200000                __base_SRAM_OC = 0x20200000
                0x20200000                __base_RAM3 = 0x20200000
                0x20240000                __top_SRAM_OC = 0x20240000
                0x20240000                __top_RAM3 = 0x20240000
                0x80000000                __base_BOARD_SDRAM = 0x80000000
                0x80000000                __base_RAM4 = 0x80000000
                0x82000000                __top_BOARD_SDRAM = 0x82000000
                0x82000000                __top_RAM4 = 0x82000000

.boot_hdr       0x60000000     0x2000
 FILL mask 0xff
                0x60000000                __boot_hdr_start__ = ABSOLUTE (.)
 *(SORT_BY_ALIGNMENT(.boot_hdr.conf))
 .boot_hdr.conf
                0x60000000      0x200 ./xip/evkbimxrt1050_flexspi_nor_config.o
                0x60000000                hyperflash_config
                0x00001000                . = 0x1000
 *fill*         0x60000200      0xe00 ff
 *(SORT_BY_ALIGNMENT(.boot_hdr.ivt))
 .boot_hdr.ivt  0x60001000       0x20 ./xip/fsl_flexspi_nor_boot.o
                0x60001000                image_vector_table
                0x00001020                . = 0x1020
 *(SORT_BY_ALIGNMENT(.boot_hdr.boot_data))
 .boot_hdr.boot_data
                0x60001020       0x10 ./xip/fsl_flexspi_nor_boot.o
                0x60001020                boot_data
                0x00001030                . = 0x1030
 *(SORT_BY_ALIGNMENT(.boot_hdr.dcd_data))
                0x00001030                __boot_hdr_end__ = ABSOLUTE (.)
                0x00002000                . = 0x2000
 *fill*         0x60001030      0xfd0 ff

.text           0x60002000     0xbae8
 FILL mask 0xff
                0x60002000                __vectors_start__ = ABSOLUTE (.)
 *(SORT_BY_ALIGNMENT(.isr_vector))
 .isr_vector    0x60002000      0x2a0 ./startup/startup_mimxrt1052.o
                0x60002000                g_pfnVectors
                0x60002000                __Vectors
                0x600022a0                . = ALIGN (0x4)
                0x600022a0                __section_table_start = .
                0x600022a0                __data_section_table = .
                0x600022a0        0x4 LONG 0x6000dae8 LOADADDR (.data)
                0x600022a4        0x4 LONG 0x20000000 ADDR (.data)
                0x600022a8        0x4 LONG 0x8 SIZEOF (.data)
                0x600022ac        0x4 LONG 0x6000dae8 LOADADDR (.data_RAM2)
                0x600022b0        0x4 LONG 0x0 ADDR (.data_RAM2)
                0x600022b4        0x4 LONG 0x0 SIZEOF (.data_RAM2)
                0x600022b8        0x4 LONG 0x6000dae8 LOADADDR (.data_RAM3)
                0x600022bc        0x4 LONG 0x20200000 ADDR (.data_RAM3)
                0x600022c0        0x4 LONG 0x0 SIZEOF (.data_RAM3)
                0x600022c4        0x4 LONG 0x6000dae8 LOADADDR (.data_RAM4)
                0x600022c8        0x4 LONG 0x80000000 ADDR (.data_RAM4)
                0x600022cc        0x4 LONG 0x0 SIZEOF (.data_RAM4)
                0x600022d0                __data_section_table_end = .
                0x600022d0                __bss_section_table = .
                0x600022d0        0x4 LONG 0x20000008 ADDR (.bss)
                0x600022d4        0x4 LONG 0x52fc SIZEOF (.bss)
                0x600022d8        0x4 LONG 0x0 ADDR (.bss_RAM2)
                0x600022dc        0x4 LONG 0x0 SIZEOF (.bss_RAM2)
                0x600022e0        0x4 LONG 0x20200000 ADDR (.bss_RAM3)
                0x600022e4        0x4 LONG 0x0 SIZEOF (.bss_RAM3)
                0x600022e8        0x4 LONG 0x80000000 ADDR (.bss_RAM4)
                0x600022ec        0x4 LONG 0x0 SIZEOF (.bss_RAM4)
                0x600022f0                __bss_section_table_end = .
                0x600022f0                __section_table_end = .
 *(SORT_BY_ALIGNMENT(.after_vectors*))
 .after_vectors.reset
                0x600022f0       0x4c ./startup/startup_mimxrt1052.o
                0x600022f0                ResetISR
 .after_vectors.init_data
                0x6000233c       0x1e ./startup/startup_mimxrt1052.o
                0x6000233c                data_init
 .after_vectors.init_bss
                0x6000235a       0x12 ./startup/startup_mimxrt1052.o
                0x6000235a                bss_init
 .after_vectors
                0x6000236c        0xc ./startup/startup_mimxrt1052.o
                0x6000236c                NMI_Handler
                0x60002376                Reserved87_DriverIRQHandler
                0x60002376                KPP_DriverIRQHandler
                0x60002376                LCDIF_DriverIRQHandler
                0x60002376                SAI3_RX_DriverIRQHandler
                0x60002376                CCM_2_DriverIRQHandler
                0x60002376                PIT_DriverIRQHandler
                0x60002376                PMU_EVENT_DriverIRQHandler
                0x60002376                PWM4_FAULT_DriverIRQHandler
                0x60002376                DMA13_DMA29_DriverIRQHandler
                0x60002376                FLEXRAM_DriverIRQHandler
                0x60002376                SEMC_DriverIRQHandler
                0x60002376                SPDIF_DriverIRQHandler
                0x60002376                PWM4_3_DriverIRQHandler
                0x60002376                ACMP4_DriverIRQHandler
                0x60002376                USB_PHY1_DriverIRQHandler
                0x60002376                GPIO3_Combined_0_15_DriverIRQHandler
                0x60002376                DMA7_DMA23_DriverIRQHandler
                0x60002376                BEE_DriverIRQHandler
                0x60002376                LPI2C3_DriverIRQHandler
                0x60002376                GPR_IRQ_DriverIRQHandler
                0x60002376                PWM2_FAULT_DriverIRQHandler
                0x60002376                PWM3_1_DriverIRQHandler
                0x60002376                DMA14_DMA30_DriverIRQHandler
                0x60002376                TMR1_DriverIRQHandler
                0x60002376                TRNG_DriverIRQHandler
                0x60002376                PWM3_2_DriverIRQHandler
                0x60002376                ENET_1588_Timer_DriverIRQHandler
                0x60002376                FLEXIO2_DriverIRQHandler
                0x60002376                GPIO2_Combined_16_31_DriverIRQHandler
                0x60002376                Reserved143_DriverIRQHandler
                0x60002376                PWM4_1_DriverIRQHandler
                0x60002376                PWM3_3_DriverIRQHandler
                0x60002376                DMA0_DMA16_DriverIRQHandler
                0x60002376                IntDefaultHandler
                0x60002376                DMA2_DMA18_DriverIRQHandler
                0x60002376                SRC_DriverIRQHandler
                0x60002376                GPIO1_INT4_DriverIRQHandler
                0x60002376                Reserved144_DriverIRQHandler
                0x60002376                USDHC1_DriverIRQHandler
                0x60002376                ENC3_DriverIRQHandler
                0x60002376                PWM3_FAULT_DriverIRQHandler
                0x60002376                EWM_DriverIRQHandler
                0x60002376                TSC_DIG_DriverIRQHandler
                0x60002376                WDOG1_DriverIRQHandler
                0x60002376                FLEXIO1_DriverIRQHandler
                0x60002376                ENET_DriverIRQHandler
                0x60002376                Reserved78_DriverIRQHandler
                0x60002376                TMR4_DriverIRQHandler
                0x60002376                ENC2_DriverIRQHandler
                0x60002376                ADC_ETC_IRQ2_DriverIRQHandler
                0x60002376                GPIO1_Combined_16_31_DriverIRQHandler
                0x60002376                GPIO1_INT7_DriverIRQHandler
                0x60002376                SAI1_DriverIRQHandler
                0x60002376                DCDC_DriverIRQHandler
                0x60002376                DMA12_DMA28_DriverIRQHandler
                0x60002376                PWM4_0_DriverIRQHandler
                0x60002376                ADC_ETC_ERROR_IRQ_DriverIRQHandler
                0x60002376                ACMP2_DriverIRQHandler
                0x60002376                GPIO5_Combined_0_15_DriverIRQHandler
                0x60002376                GPIO1_INT0_DriverIRQHandler
                0x60002376                GPIO1_INT2_DriverIRQHandler
                0x60002376                RTWDOG_DriverIRQHandler
                0x60002376                FLEXSPI_DriverIRQHandler
                0x60002376                GPT2_DriverIRQHandler
                0x60002376                USB_PHY2_DriverIRQHandler
                0x60002376                DMA10_DMA26_DriverIRQHandler
                0x60002376                PWM2_1_DriverIRQHandler
                0x60002376                PWM1_1_DriverIRQHandler
                0x60002376                PXP_DriverIRQHandler
                0x60002376                ADC1_DriverIRQHandler
                0x60002376                PWM1_0_DriverIRQHandler
                0x60002376                SJC_DriverIRQHandler
                0x60002376                DMA1_DMA17_DriverIRQHandler
                0x60002376                ENC1_DriverIRQHandler
                0x60002376                ENC4_DriverIRQHandler
                0x60002376                CAN2_DriverIRQHandler
                0x60002376                DCP_DriverIRQHandler
                0x60002376                CTI0_ERROR_DriverIRQHandler
                0x60002376                DMA8_DMA24_DriverIRQHandler
                0x60002376                GPT1_DriverIRQHandler
                0x60002376                ACMP3_DriverIRQHandler
                0x60002376                DMA6_DMA22_DriverIRQHandler
                0x60002376                CSU_DriverIRQHandler
                0x60002376                GPIO1_INT5_DriverIRQHandler
                0x60002376                TMR3_DriverIRQHandler
                0x60002376                TMR2_DriverIRQHandler
                0x60002376                CTI1_ERROR_DriverIRQHandler
                0x60002376                GPIO1_Combined_0_15_DriverIRQHandler
                0x60002376                USDHC2_DriverIRQHandler
                0x60002376                PWM4_2_DriverIRQHandler
                0x60002376                SAI2_DriverIRQHandler
                0x60002376                CORE_DriverIRQHandler
                0x60002376                DMA11_DMA27_DriverIRQHandler
                0x60002376                CSI_DriverIRQHandler
                0x60002376                PWM2_3_DriverIRQHandler
                0x60002376                XBAR1_IRQ_2_3_DriverIRQHandler
                0x60002376                SNVS_HP_WRAPPER_TZ_DriverIRQHandler
                0x60002376                GPIO3_Combined_16_31_DriverIRQHandler
                0x60002376                PWM1_FAULT_DriverIRQHandler
                0x60002376                LPI2C1_DriverIRQHandler
                0x60002376                PWM2_2_DriverIRQHandler
                0x60002376                DMA4_DMA20_DriverIRQHandler
                0x60002376                DMA9_DMA25_DriverIRQHandler
                0x60002376                SNVS_HP_WRAPPER_DriverIRQHandler
                0x60002376                XBAR1_IRQ_0_1_DriverIRQHandler
                0x60002376                ADC_ETC_IRQ1_DriverIRQHandler
                0x60002376                DMA3_DMA19_DriverIRQHandler
                0x60002376                GPIO1_INT3_DriverIRQHandler
                0x60002376                DCP_VMI_DriverIRQHandler
                0x60002376                LPI2C4_DriverIRQHandler
                0x60002376                GPC_DriverIRQHandler
                0x60002376                Reserved123_DriverIRQHandler
                0x60002376                GPIO2_Combined_0_15_DriverIRQHandler
                0x60002376                PWM1_2_DriverIRQHandler
                0x60002376                USB_OTG1_DriverIRQHandler
                0x60002376                TEMP_LOW_HIGH_DriverIRQHandler
                0x60002376                SAI3_TX_DriverIRQHandler
                0x60002376                WDOG2_DriverIRQHandler
                0x60002376                Reserved68_DriverIRQHandler
                0x60002376                PWM3_0_DriverIRQHandler
                0x60002376                GPIO4_Combined_0_15_DriverIRQHandler
                0x60002376                GPIO4_Combined_16_31_DriverIRQHandler
                0x60002376                GPIO5_Combined_16_31_DriverIRQHandler
                0x60002376                DMA5_DMA21_DriverIRQHandler
                0x60002376                CCM_1_DriverIRQHandler
                0x60002376                ADC2_DriverIRQHandler
                0x60002376                Reserved115_DriverIRQHandler
                0x60002376                TEMP_PANIC_DriverIRQHandler
                0x60002376                DMA15_DMA31_DriverIRQHandler
                0x60002376                PWM1_3_DriverIRQHandler
                0x60002376                ACMP1_DriverIRQHandler
                0x60002376                LPI2C2_DriverIRQHandler
                0x60002376                Reserved86_DriverIRQHandler
                0x60002376                DMA_ERROR_DriverIRQHandler
                0x60002376                ADC_ETC_IRQ0_DriverIRQHandler
                0x60002376                CAN1_DriverIRQHandler
                0x60002376                GPIO1_INT6_DriverIRQHandler
                0x60002376                GPIO1_INT1_DriverIRQHandler
                0x60002376                PWM2_0_DriverIRQHandler
                0x60002376                SNVS_LP_WRAPPER_DriverIRQHandler
                0x60002376                USB_OTG2_DriverIRQHandler
 *(SORT_BY_ALIGNMENT(.text*))
 *fill*         0x60002378        0x8 ff
 .text.SVC_Handler
                0x60002380       0x28 ./amazon-freertos/freertos/portable/port.o
                0x60002380                SVC_Handler
 *fill*         0x600023a8        0x8 ff
 .text.PendSV_Handler
                0x600023b0       0x68 ./amazon-freertos/freertos/portable/port.o
                0x600023b0                PendSV_Handler
 .text.hmc5983_convert_hex_2_field
                0x60002418      0x188 ./source/magnetometer_task.o
 .text.LPSPI_MasterSetDelayTimes
                0x600025a0      0x20c ./drivers/fsl_lpspi.o
                0x600025a0                LPSPI_MasterSetDelayTimes
 *fill*         0x600027ac        0x4 ff
 .text.pow      0x600027b0      0x360 c:/nxp/mcuxpressoide_11.0.1_2563/ide/plugins/com.nxp.mcuxpresso.tools.win32_11.0.1.201907311258/tools/bin/../lib/gcc/arm-none-eabi/8.2.1/../../../../arm-none-eabi/lib/thumb/v7e-m+dp/hard\libcr_c.a(pow.o)
                0x600027b0                pow
 .text.frexp    0x60002b10       0x68 c:/nxp/mcuxpressoide_11.0.1_2563/ide/plugins/com.nxp.mcuxpresso.tools.win32_11.0.1.201907311258/tools/bin/../lib/gcc/arm-none-eabi/8.2.1/../../../../arm-none-eabi/lib/thumb/v7e-m+dp/hard\libcr_c.a(frexp.o)
                0x60002b10                frexp
 .text.ldexp    0x60002b78       0x5c c:/nxp/mcuxpressoide_11.0.1_2563/ide/plugins/com.nxp.mcuxpresso.tools.win32_11.0.1.201907311258/tools/bin/../lib/gcc/arm-none-eabi/8.2.1/../../../../arm-none-eabi/lib/thumb/v7e-m+dp/hard\libcr_c.a(ldexp.o)
                0x60002b78                ldexp
 .text.DbgConsole_SendDataReliable
                0x60002bd4       0x58 ./utilities/fsl_debug_console.o
                0x60002bd4                DbgConsole_SendDataReliable
 .text.DbgConsole_Init
                0x60002c2c      0x104 ./utilities/fsl_debug_console.o
                0x60002c2c                DbgConsole_Init
 .text.DbgConsole_Printf
                0x60002d30       0x74 ./utilities/fsl_debug_console.o
                0x60002d30                DbgConsole_Printf
 .text.__NVIC_SetPriority
                0x60002da4       0x54 ./source/freertos_lpspi.o
 .text.main     0x60002df8      0x244 ./source/freertos_lpspi.o
                0x60002df8                main
 .text.mag_queue_task
                0x6000303c      0x1a0 ./source/freertos_lpspi.o
                0x6000303c                mag_queue_task
 .text.gyro_queue_task
                0x600031dc      0x1a0 ./source/freertos_lpspi.o
                0x600031dc                gyro_queue_task
 .text.gyroscope_task
                0x6000337c      0x110 ./source/gyroscope_task.o
                0x6000337c                gyroscope_task
 .text.magnetometer_task
                0x6000348c      0x304 ./source/magnetometer_task.o
                0x6000348c                magnetometer_task
 .text.magnetometer_dummy_task
                0x60003790      0x110 ./source/magnetometer_task.o
                0x60003790                magnetometer_dummy_task
 .text.readConfigB
                0x600038a0       0x80 ./source/magnetometer_task.o
 .text.readMode
                0x60003920       0x80 ./source/magnetometer_task.o
 .text.writeMode
                0x600039a0       0x54 ./source/magnetometer_task.o
 .text.LPSPI_RTOS_Callback
                0x600039f4       0x4c ./drivers/freertos/fsl_lpspi_freertos.o
 .text.LPSPI_RTOS_Init
                0x60003a40       0x9c ./drivers/freertos/fsl_lpspi_freertos.o
                0x60003a40                LPSPI_RTOS_Init
 .text.CLOCK_GetOscFreq
                0x60003adc       0x30 ./drivers/fsl_clock.o
 .text.CLOCK_InitExternalClk
                0x60003b0c       0x6c ./drivers/fsl_clock.o
                0x60003b0c                CLOCK_InitExternalClk
 .text.CLOCK_SwitchOsc
                0x60003b78       0x34 ./drivers/fsl_clock.o
                0x60003b78                CLOCK_SwitchOsc
 .text.CLOCK_InitRcOsc24M
                0x60003bac       0x24 ./drivers/fsl_clock.o
                0x60003bac                CLOCK_InitRcOsc24M
 .text.CLOCK_InitArmPll
                0x60003bd0       0x68 ./drivers/fsl_clock.o
                0x60003bd0                CLOCK_InitArmPll
 .text.CLOCK_InitSysPll
                0x60003c38       0x9c ./drivers/fsl_clock.o
                0x60003c38                CLOCK_InitSysPll
 .text.CLOCK_DeinitUsb2Pll
                0x60003cd4       0x18 ./drivers/fsl_clock.o
                0x60003cd4                CLOCK_DeinitUsb2Pll
 .text.CLOCK_DeinitAudioPll
                0x60003cec       0x1c ./drivers/fsl_clock.o
                0x60003cec                CLOCK_DeinitAudioPll
 .text.CLOCK_DeinitVideoPll
                0x60003d08       0x1c ./drivers/fsl_clock.o
                0x60003d08                CLOCK_DeinitVideoPll
 .text.CLOCK_DeinitEnetPll
                0x60003d24       0x1c ./drivers/fsl_clock.o
                0x60003d24                CLOCK_DeinitEnetPll
 .text.CLOCK_GetPllFreq
                0x60003d40      0x300 ./drivers/fsl_clock.o
                0x60003d40                CLOCK_GetPllFreq
 .text.CLOCK_InitSysPfd
                0x60004040       0x64 ./drivers/fsl_clock.o
                0x60004040                CLOCK_InitSysPfd
 .text.__NVIC_EnableIRQ
                0x600040a4       0x3c ./drivers/fsl_lpspi.o
 .text.CLOCK_ControlGate
                0x600040e0       0x64 ./drivers/fsl_lpspi.o
 .text.LPSPI_GetInstance
                0x60004144       0x50 ./drivers/fsl_lpspi.o
                0x60004144                LPSPI_GetInstance
 .text.LPSPI_SetDummyData
                0x60004194       0x2c ./drivers/fsl_lpspi.o
                0x60004194                LPSPI_SetDummyData
 .text.LPSPI_MasterInit
                0x600041c0      0x11c ./drivers/fsl_lpspi.o
                0x600041c0                LPSPI_MasterInit
 .text.LPSPI_Deinit
                0x600042dc       0x30 ./drivers/fsl_lpspi.o
                0x600042dc                LPSPI_Deinit
 .text.LPSPI_MasterSetBaudRate
                0x6000430c       0xf0 ./drivers/fsl_lpspi.o
                0x6000430c                LPSPI_MasterSetBaudRate
 .text.LPSPI_MasterSetDelayScaler
                0x600043fc       0x70 ./drivers/fsl_lpspi.o
                0x600043fc                LPSPI_MasterSetDelayScaler
 .text.LPSPI_MasterTransferCreateHandle
                0x6000446c       0x60 ./drivers/fsl_lpspi.o
                0x6000446c                LPSPI_MasterTransferCreateHandle
 .text.LPSPI_CheckTransferArgument
                0x600044cc       0x98 ./drivers/fsl_lpspi.o
                0x600044cc                LPSPI_CheckTransferArgument
 .text.LPSPI_MasterTransferNonBlocking
                0x60004564      0x2e0 ./drivers/fsl_lpspi.o
                0x60004564                LPSPI_MasterTransferNonBlocking
 .text.LPSPI_MasterTransferFillUpTxFifo
                0x60004844      0x110 ./drivers/fsl_lpspi.o
 .text.LPSPI_MasterTransferComplete
                0x60004954       0x4c ./drivers/fsl_lpspi.o
 .text.LPSPI_MasterTransferHandleIRQ
                0x600049a0      0x1a0 ./drivers/fsl_lpspi.o
                0x600049a0                LPSPI_MasterTransferHandleIRQ
 .text.LPSPI_CombineWriteData
                0x60004b40      0x1bc ./drivers/fsl_lpspi.o
 .text.LPSPI_SeparateReadData
                0x60004cfc      0x1a8 ./drivers/fsl_lpspi.o
 .text.LPSPI_CommonIRQHandler
                0x60004ea4       0x3c ./drivers/fsl_lpspi.o
 .text.LPSPI1_DriverIRQHandler
                0x60004ee0       0x30 ./drivers/fsl_lpspi.o
                0x60004ee0                LPSPI1_DriverIRQHandler
 .text.LPSPI2_DriverIRQHandler
                0x60004f10       0x30 ./drivers/fsl_lpspi.o
                0x60004f10                LPSPI2_DriverIRQHandler
 .text.LPSPI3_DriverIRQHandler
                0x60004f40       0x30 ./drivers/fsl_lpspi.o
                0x60004f40                LPSPI3_DriverIRQHandler
 .text.LPSPI4_DriverIRQHandler
                0x60004f70       0x30 ./drivers/fsl_lpspi.o
                0x60004f70                LPSPI4_DriverIRQHandler
 .text.CLOCK_ControlGate
                0x60004fa0       0x64 ./drivers/fsl_lpuart.o
 .text.LPUART_GetInstance
                0x60005004       0x4c ./drivers/fsl_lpuart.o
                0x60005004                LPUART_GetInstance
 .text.LPUART_Init
                0x60005050      0x300 ./drivers/fsl_lpuart.o
                0x60005050                LPUART_Init
 .text.LPUART_GetDefaultConfig
                0x60005350       0x88 ./drivers/fsl_lpuart.o
                0x60005350                LPUART_GetDefaultConfig
 .text.LPUART_WriteBlocking
                0x600053d8       0x58 ./drivers/fsl_lpuart.o
                0x600053d8                LPUART_WriteBlocking
 .text.LPUART1_DriverIRQHandler
                0x60005430       0x24 ./drivers/fsl_lpuart.o
                0x60005430                LPUART1_DriverIRQHandler
 .text.LPUART2_DriverIRQHandler
                0x60005454       0x24 ./drivers/fsl_lpuart.o
                0x60005454                LPUART2_DriverIRQHandler
 .text.LPUART3_DriverIRQHandler
                0x60005478       0x24 ./drivers/fsl_lpuart.o
                0x60005478                LPUART3_DriverIRQHandler
 .text.LPUART4_DriverIRQHandler
                0x6000549c       0x24 ./drivers/fsl_lpuart.o
                0x6000549c                LPUART4_DriverIRQHandler
 .text.LPUART5_DriverIRQHandler
                0x600054c0       0x24 ./drivers/fsl_lpuart.o
                0x600054c0                LPUART5_DriverIRQHandler
 .text.LPUART6_DriverIRQHandler
                0x600054e4       0x24 ./drivers/fsl_lpuart.o
                0x600054e4                LPUART6_DriverIRQHandler
 .text.LPUART7_DriverIRQHandler
                0x60005508       0x24 ./drivers/fsl_lpuart.o
                0x60005508                LPUART7_DriverIRQHandler
 .text.LPUART8_DriverIRQHandler
                0x6000552c       0x24 ./drivers/fsl_lpuart.o
                0x6000552c                LPUART8_DriverIRQHandler
 .text.SCB_EnableICache
                0x60005550       0x40 ./device/system_MIMXRT1052.o
 .text.SCB_EnableDCache
                0x60005590       0x80 ./device/system_MIMXRT1052.o
 .text.SystemInit
                0x60005610       0xf4 ./device/system_MIMXRT1052.o
                0x60005610                SystemInit
 .text.HAL_UartInit
                0x60005704      0x100 ./component/uart/lpuart_adapter.o
                0x60005704                HAL_UartInit
 .text.HAL_UartSendBlocking
                0x60005804       0x64 ./component/uart/lpuart_adapter.o
                0x60005804                HAL_UartSendBlocking
 .text.SerialManager_Write
                0x60005868       0x6c ./component/serial_manager/serial_manager.o
 .text.SerialManager_Init
                0x600058d4       0x74 ./component/serial_manager/serial_manager.o
                0x600058d4                SerialManager_Init
 .text.SerialManager_OpenWriteHandle
                0x60005948       0x58 ./component/serial_manager/serial_manager.o
                0x60005948                SerialManager_OpenWriteHandle
 .text.SerialManager_OpenReadHandle
                0x600059a0       0x60 ./component/serial_manager/serial_manager.o
                0x600059a0                SerialManager_OpenReadHandle
 .text.Serial_UartInit
                0x60005a00       0x80 ./component/serial_manager/serial_port_uart.o
                0x60005a00                Serial_UartInit
 .text.Serial_UartWrite
                0x60005a80       0x58 ./component/serial_manager/serial_port_uart.o
                0x60005a80                Serial_UartWrite
 .text.ARM_MPU_Enable
                0x60005ad8       0x3c ./board/board.o
 .text.ARM_MPU_Disable
                0x60005b14       0x38 ./board/board.o
 .text.SCB_EnableICache
                0x60005b4c       0x40 ./board/board.o
 .text.SCB_DisableICache
                0x60005b8c       0x38 ./board/board.o
 .text.SCB_EnableDCache
                0x60005bc4       0x80 ./board/board.o
 .text.SCB_DisableDCache
                0x60005c44       0x68 ./board/board.o
 .text.CLOCK_GetMux
                0x60005cac       0x44 ./board/board.o
 .text.CLOCK_GetDiv
                0x60005cf0       0x44 ./board/board.o
 .text.CLOCK_GetOscFreq
                0x60005d34       0x30 ./board/board.o
 .text.BOARD_DebugConsoleSrcFreq
                0x60005d64       0x64 ./board/board.o
                0x60005d64                BOARD_DebugConsoleSrcFreq
 .text.BOARD_ConfigMPU
                0x60005dc8       0xec ./board/board.o
                0x60005dc8                BOARD_ConfigMPU
 .text.CLOCK_SetMux
                0x60005eb4       0x9c ./board/clock_config.o
 .text.CLOCK_SetDiv
                0x60005f50       0x9c ./board/clock_config.o
 .text.CLOCK_ControlGate
                0x60005fec       0x64 ./board/clock_config.o
 .text.CLOCK_SetXtalFreq
                0x60006050       0x20 ./board/clock_config.o
 .text.CLOCK_SetRtcXtalFreq
                0x60006070       0x20 ./board/clock_config.o
 .text.IOMUXC_EnableMode
                0x60006090       0x48 ./board/clock_config.o
 .text.IOMUXC_MQSConfig
                0x600060d8       0x44 ./board/clock_config.o
 .text.BOARD_BootClockRUN
                0x6000611c      0x62c ./board/clock_config.o
                0x6000611c                BOARD_BootClockRUN
 .text.LPSPI_3_init
                0x60006748       0x20 ./board/peripherals.o
                0x60006748                LPSPI_3_init
 .text.CLOCK_ControlGate
                0x60006768       0x64 ./board/pin_mux.o
 .text.BOARD_InitPins
                0x600067cc      0x228 ./board/pin_mux.o
                0x600067cc                BOARD_InitPins
 .text.pvPortMalloc
                0x600069f4      0x184 ./amazon-freertos/freertos/portable/heap_4.o
                0x600069f4                pvPortMalloc
 .text.vPortFree
                0x60006b78       0xb0 ./amazon-freertos/freertos/portable/heap_4.o
                0x60006b78                vPortFree
 .text.prvHeapInit
                0x60006c28       0xc4 ./amazon-freertos/freertos/portable/heap_4.o
 .text.prvInsertBlockIntoFreeList
                0x60006cec       0xb4 ./amazon-freertos/freertos/portable/heap_4.o
 .text.pxPortInitialiseStack
                0x60006da0       0x68 ./amazon-freertos/freertos/portable/port.o
                0x60006da0                pxPortInitialiseStack
 .text.prvTaskExitError
                0x60006e08       0x54 ./amazon-freertos/freertos/portable/port.o
 .text.prvPortStartFirstTask
                0x60006e5c       0x28 ./amazon-freertos/freertos/portable/port.o
 .text.xPortStartScheduler
                0x60006e84      0x13c ./amazon-freertos/freertos/portable/port.o
                0x60006e84                xPortStartScheduler
 .text.vPortEnterCritical
                0x60006fc0       0x5c ./amazon-freertos/freertos/portable/port.o
                0x60006fc0                vPortEnterCritical
 .text.vPortExitCritical
                0x6000701c       0x50 ./amazon-freertos/freertos/portable/port.o
                0x6000701c                vPortExitCritical
 .text.SysTick_Handler
                0x6000706c       0x40 ./amazon-freertos/freertos/portable/port.o
                0x6000706c                SysTick_Handler
 .text.vPortSetupTimerInterrupt
                0x600070ac       0x48 ./amazon-freertos/freertos/portable/port.o
                0x600070ac                vPortSetupTimerInterrupt
 .text.vPortEnableVFP
                0x600070f4       0x14 ./amazon-freertos/freertos/portable/port.o
 .text.vPortValidateInterruptPriority
                0x60007108       0x7c ./amazon-freertos/freertos/portable/port.o
                0x60007108                vPortValidateInterruptPriority
 .text.xQueueGenericReset
                0x60007184       0xd0 ./amazon-freertos/freertos/queue.o
                0x60007184                xQueueGenericReset
 .text.xQueueGenericSend
                0x60007254      0x1f4 ./amazon-freertos/freertos/queue.o
                0x60007254                xQueueGenericSend
 .text.xQueueReceive
                0x60007448      0x1b8 ./amazon-freertos/freertos/queue.o
                0x60007448                xQueueReceive
 .text.xQueueSemaphoreTake
                0x60007600      0x214 ./amazon-freertos/freertos/queue.o
                0x60007600                xQueueSemaphoreTake
 .text.vQueueAddToRegistry
                0x60007814       0x50 ./amazon-freertos/freertos/queue.o
                0x60007814                vQueueAddToRegistry
 .text.vQueueUnregisterQueue
                0x60007864       0x54 ./amazon-freertos/freertos/queue.o
                0x60007864                vQueueUnregisterQueue
 .text.prvAddNewTaskToReadyList
                0x600078b8       0xdc ./amazon-freertos/freertos/tasks.o
 .text.vTaskDelay
                0x60007994       0x68 ./amazon-freertos/freertos/tasks.o
                0x60007994                vTaskDelay
 .text.vTaskSuspend
                0x600079fc      0x124 ./amazon-freertos/freertos/tasks.o
                0x600079fc                vTaskSuspend
 .text.prvTaskIsTaskSuspended
                0x60007b20       0x60 ./amazon-freertos/freertos/tasks.o
 .text.vTaskResume
                0x60007b80       0xb8 ./amazon-freertos/freertos/tasks.o
                0x60007b80                vTaskResume
 .text.vTaskStartScheduler
                0x60007c38       0x98 ./amazon-freertos/freertos/tasks.o
                0x60007c38                vTaskStartScheduler
 .text.vTaskSuspendAll
                0x60007cd0       0x1c ./amazon-freertos/freertos/tasks.o
                0x60007cd0                vTaskSuspendAll
 .text.xTaskResumeAll
                0x60007cec      0x138 ./amazon-freertos/freertos/tasks.o
                0x60007cec                xTaskResumeAll
 .text.xTaskGetTickCount
                0x60007e24       0x20 ./amazon-freertos/freertos/tasks.o
                0x60007e24                xTaskGetTickCount
 .text.xTaskIncrementTick
                0x60007e44      0x150 ./amazon-freertos/freertos/tasks.o
                0x60007e44                xTaskIncrementTick
 .text.vTaskSwitchContext
                0x60007f94       0xb4 ./amazon-freertos/freertos/tasks.o
                0x60007f94                vTaskSwitchContext
 .text.vTaskPlaceOnEventList
                0x60008048       0x48 ./amazon-freertos/freertos/tasks.o
                0x60008048                vTaskPlaceOnEventList
 .text.vTaskPlaceOnEventListRestricted
                0x60008090       0x54 ./amazon-freertos/freertos/tasks.o
                0x60008090                vTaskPlaceOnEventListRestricted
 .text.xTaskRemoveFromEventList
                0x600080e4       0xc4 ./amazon-freertos/freertos/tasks.o
                0x600080e4                xTaskRemoveFromEventList
 .text.vTaskInternalSetTimeOutState
                0x600081a8       0x2c ./amazon-freertos/freertos/tasks.o
                0x600081a8                vTaskInternalSetTimeOutState
 .text.xTaskCheckForTimeOut
                0x600081d4       0xc0 ./amazon-freertos/freertos/tasks.o
                0x600081d4                xTaskCheckForTimeOut
 .text.vTaskMissedYield
                0x60008294       0x18 ./amazon-freertos/freertos/tasks.o
                0x60008294                vTaskMissedYield
 .text.prvIdleTask
                0x600082ac       0x30 ./amazon-freertos/freertos/tasks.o
 .text.prvInitialiseTaskLists
                0x600082dc       0x80 ./amazon-freertos/freertos/tasks.o
 .text.prvCheckTasksWaitingTermination
                0x6000835c       0x58 ./amazon-freertos/freertos/tasks.o
 .text.prvResetNextTaskUnblockTime
                0x600083b4       0x40 ./amazon-freertos/freertos/tasks.o
 .text.xTaskGetSchedulerState
                0x600083f4       0x3c ./amazon-freertos/freertos/tasks.o
                0x600083f4                xTaskGetSchedulerState
 .text.xTaskPriorityInherit
                0x60008430      0x100 ./amazon-freertos/freertos/tasks.o
                0x60008430                xTaskPriorityInherit
 .text.xTaskPriorityDisinherit
                0x60008530      0x108 ./amazon-freertos/freertos/tasks.o
                0x60008530                xTaskPriorityDisinherit
 .text.vTaskPriorityDisinheritAfterTimeout
                0x60008638      0x130 ./amazon-freertos/freertos/tasks.o
                0x60008638                vTaskPriorityDisinheritAfterTimeout
 .text.pvTaskIncrementMutexHeldCount
                0x60008768       0x28 ./amazon-freertos/freertos/tasks.o
                0x60008768                pvTaskIncrementMutexHeldCount
 .text.prvAddCurrentTaskToDelayedList
                0x60008790       0xcc ./amazon-freertos/freertos/tasks.o
 .text.xTimerCreateTimerTask
                0x6000885c       0x60 ./amazon-freertos/freertos/timers.o
                0x6000885c                xTimerCreateTimerTask
 .text.xTimerGenericCommand
                0x600088bc       0x98 ./amazon-freertos/freertos/timers.o
                0x600088bc                xTimerGenericCommand
 .text.prvProcessExpiredTimer
                0x60008954       0x98 ./amazon-freertos/freertos/timers.o
 .text.prvProcessTimerOrBlockTask
                0x600089ec       0x9c ./amazon-freertos/freertos/timers.o
 .text.prvGetNextExpireTime
                0x60008a88       0x48 ./amazon-freertos/freertos/timers.o
 .text.prvSampleTimeNow
                0x60008ad0       0x40 ./amazon-freertos/freertos/timers.o
 .text.prvInsertTimerInActiveList
                0x60008b10       0x84 ./amazon-freertos/freertos/timers.o
 .text.prvProcessReceivedCommands
                0x60008b94      0x1b8 ./amazon-freertos/freertos/timers.o
 .text.prvSwitchTimerLists
                0x60008d4c       0xc8 ./amazon-freertos/freertos/timers.o
 .text.prvCheckForValidListAndQueue
                0x60008e14       0x6c ./amazon-freertos/freertos/timers.o
 .text.__assertion_failed
                0x60008e80       0x4c c:/nxp/mcuxpressoide_11.0.1_2563/ide/plugins/com.nxp.mcuxpresso.tools.win32_11.0.1.201907311258/tools/bin/../lib/gcc/arm-none-eabi/8.2.1/../../../../arm-none-eabi/lib/thumb/v7e-m+dp/hard\libcr_nohost_nf.a(_cr_assert.o)
                0x60008e80                __assertion_failed
 .text._Cwritebuf
                0x60008ecc       0x6c c:/nxp/mcuxpressoide_11.0.1_2563/ide/plugins/com.nxp.mcuxpresso.tools.win32_11.0.1.201907311258/tools/bin/../lib/gcc/arm-none-eabi/8.2.1/../../../../arm-none-eabi/lib/thumb/v7e-m+dp/hard\libcr_c.a(_writebuf.o)
                0x60008ecc                _Cwritebuf
 .text.malloc   0x60008f38       0xc8 c:/nxp/mcuxpressoide_11.0.1_2563/ide/plugins/com.nxp.mcuxpresso.tools.win32_11.0.1.201907311258/tools/bin/../lib/gcc/arm-none-eabi/8.2.1/../../../../arm-none-eabi/lib/thumb/v7e-m+dp/hard\libcr_c.a(alloc.o)
                0x60008f38                malloc
 .text._Csys_alloc
                0x60009000       0x20 c:/nxp/mcuxpressoide_11.0.1_2563/ide/plugins/com.nxp.mcuxpresso.tools.win32_11.0.1.201907311258/tools/bin/../lib/gcc/arm-none-eabi/8.2.1/../../../../arm-none-eabi/lib/thumb/v7e-m+dp/hard\libcr_c.a(alloc.o)
                0x60009000                _Csys_alloc
 .text.fseek    0x60009020      0x100 c:/nxp/mcuxpressoide_11.0.1_2563/ide/plugins/com.nxp.mcuxpresso.tools.win32_11.0.1.201907311258/tools/bin/../lib/gcc/arm-none-eabi/8.2.1/../../../../arm-none-eabi/lib/thumb/v7e-m+dp/hard\libcr_c.a(fseek.o)
                0x60009020                fseek
 .text.ftell    0x60009120       0x48 c:/nxp/mcuxpressoide_11.0.1_2563/ide/plugins/com.nxp.mcuxpresso.tools.win32_11.0.1.201907311258/tools/bin/../lib/gcc/arm-none-eabi/8.2.1/../../../../arm-none-eabi/lib/thumb/v7e-m+dp/hard\libcr_c.a(ftell.o)
                0x60009120                ftell
 .text._initio  0x60009168       0x78 c:/nxp/mcuxpressoide_11.0.1_2563/ide/plugins/com.nxp.mcuxpresso.tools.win32_11.0.1.201907311258/tools/bin/../lib/gcc/arm-none-eabi/8.2.1/../../../../arm-none-eabi/lib/thumb/v7e-m+dp/hard\libcr_c.a(initio.o)
                0x60009168                _initio
 .text.modf     0x600091e0       0x90 c:/nxp/mcuxpressoide_11.0.1_2563/ide/plugins/com.nxp.mcuxpresso.tools.win32_11.0.1.201907311258/tools/bin/../lib/gcc/arm-none-eabi/8.2.1/../../../../arm-none-eabi/lib/thumb/v7e-m+dp/hard\libcr_c.a(modf.o)
                0x600091e0                modf
 .text.setvbuf  0x60009270       0x40 c:/nxp/mcuxpressoide_11.0.1_2563/ide/plugins/com.nxp.mcuxpresso.tools.win32_11.0.1.201907311258/tools/bin/../lib/gcc/arm-none-eabi/8.2.1/../../../../arm-none-eabi/lib/thumb/v7e-m+dp/hard\libcr_c.a(setvbuf.o)
                0x60009270                setvbuf
 .text._sbrk    0x600092b0       0x3c c:/nxp/mcuxpressoide_11.0.1_2563/ide/plugins/com.nxp.mcuxpresso.tools.win32_11.0.1.201907311258/tools/bin/../lib/gcc/arm-none-eabi/8.2.1/../../../../arm-none-eabi/lib/thumb/v7e-m+dp/hard\libcr_c.a(_cr_sbrk.o)
                0x600092b0                _sbrk
 .text.fflush   0x600092ec       0x44 c:/nxp/mcuxpressoide_11.0.1_2563/ide/plugins/com.nxp.mcuxpresso.tools.win32_11.0.1.201907311258/tools/bin/../lib/gcc/arm-none-eabi/8.2.1/../../../../arm-none-eabi/lib/thumb/v7e-m+dp/hard\libcr_c.a(fflush.o)
                0x600092ec                fflush
 .text.__check_heap_overflow
                0x60009330       0x18 c:/nxp/mcuxpressoide_11.0.1_2563/ide/plugins/com.nxp.mcuxpresso.tools.win32_11.0.1.201907311258/tools/bin/../lib/gcc/arm-none-eabi/8.2.1/../../../../arm-none-eabi/lib/thumb/v7e-m+dp/hard\libcr_c.a(_cr_check_heap.o)
                0x60009330                __check_heap_overflow
 .text.DbgConsole_PrintCallback
                0x60009348       0x64 ./utilities/fsl_debug_console.o
 .text.ConvertRadixNumToString
                0x600093ac      0x114 ./utilities/fsl_str.o
 .text.ConvertFloatRadixNumToString
                0x600094c0      0x25e ./utilities/fsl_str.o
 .text.StrFormatPrintf
                0x6000971e      0x34a ./utilities/fsl_str.o
                0x6000971e                StrFormatPrintf
 .text.DMA0_DMA16_IRQHandler
                0x60009a68        0x8 ./startup/startup_mimxrt1052.o
                0x60009a68                DMA0_DMA16_IRQHandler
 .text.DMA1_DMA17_IRQHandler
                0x60009a70        0x8 ./startup/startup_mimxrt1052.o
                0x60009a70                DMA1_DMA17_IRQHandler
 .text.DMA2_DMA18_IRQHandler
                0x60009a78        0x8 ./startup/startup_mimxrt1052.o
                0x60009a78                DMA2_DMA18_IRQHandler
 .text.DMA3_DMA19_IRQHandler
                0x60009a80        0x8 ./startup/startup_mimxrt1052.o
                0x60009a80                DMA3_DMA19_IRQHandler
 .text.DMA4_DMA20_IRQHandler
                0x60009a88        0x8 ./startup/startup_mimxrt1052.o
                0x60009a88                DMA4_DMA20_IRQHandler
 .text.DMA5_DMA21_IRQHandler
                0x60009a90        0x8 ./startup/startup_mimxrt1052.o
                0x60009a90                DMA5_DMA21_IRQHandler
 .text.DMA6_DMA22_IRQHandler
                0x60009a98        0x8 ./startup/startup_mimxrt1052.o
                0x60009a98                DMA6_DMA22_IRQHandler
 .text.DMA7_DMA23_IRQHandler
                0x60009aa0        0x8 ./startup/startup_mimxrt1052.o
                0x60009aa0                DMA7_DMA23_IRQHandler
 .text.DMA8_DMA24_IRQHandler
                0x60009aa8        0x8 ./startup/startup_mimxrt1052.o
                0x60009aa8                DMA8_DMA24_IRQHandler
 .text.DMA9_DMA25_IRQHandler
                0x60009ab0        0x8 ./startup/startup_mimxrt1052.o
                0x60009ab0                DMA9_DMA25_IRQHandler
 .text.DMA10_DMA26_IRQHandler
                0x60009ab8        0x8 ./startup/startup_mimxrt1052.o
                0x60009ab8                DMA10_DMA26_IRQHandler
 .text.DMA11_DMA27_IRQHandler
                0x60009ac0        0x8 ./startup/startup_mimxrt1052.o
                0x60009ac0                DMA11_DMA27_IRQHandler
 .text.DMA12_DMA28_IRQHandler
                0x60009ac8        0x8 ./startup/startup_mimxrt1052.o
                0x60009ac8                DMA12_DMA28_IRQHandler
 .text.DMA13_DMA29_IRQHandler
                0x60009ad0        0x8 ./startup/startup_mimxrt1052.o
                0x60009ad0                DMA13_DMA29_IRQHandler
 .text.DMA14_DMA30_IRQHandler
                0x60009ad8        0x8 ./startup/startup_mimxrt1052.o
                0x60009ad8                DMA14_DMA30_IRQHandler
 .text.DMA15_DMA31_IRQHandler
                0x60009ae0        0x8 ./startup/startup_mimxrt1052.o
                0x60009ae0                DMA15_DMA31_IRQHandler
 .text.DMA_ERROR_IRQHandler
                0x60009ae8        0x8 ./startup/startup_mimxrt1052.o
                0x60009ae8                DMA_ERROR_IRQHandler
 .text.CTI0_ERROR_IRQHandler
                0x60009af0        0x8 ./startup/startup_mimxrt1052.o
                0x60009af0                CTI0_ERROR_IRQHandler
 .text.CTI1_ERROR_IRQHandler
                0x60009af8        0x8 ./startup/startup_mimxrt1052.o
                0x60009af8                CTI1_ERROR_IRQHandler
 .text.CORE_IRQHandler
                0x60009b00        0x8 ./startup/startup_mimxrt1052.o
                0x60009b00                CORE_IRQHandler
 .text.LPUART1_IRQHandler
                0x60009b08        0x8 ./startup/startup_mimxrt1052.o
                0x60009b08                LPUART1_IRQHandler
 .text.LPUART2_IRQHandler
                0x60009b10        0x8 ./startup/startup_mimxrt1052.o
                0x60009b10                LPUART2_IRQHandler
 .text.LPUART3_IRQHandler
                0x60009b18        0x8 ./startup/startup_mimxrt1052.o
                0x60009b18                LPUART3_IRQHandler
 .text.LPUART4_IRQHandler
                0x60009b20        0x8 ./startup/startup_mimxrt1052.o
                0x60009b20                LPUART4_IRQHandler
 .text.LPUART5_IRQHandler
                0x60009b28        0x8 ./startup/startup_mimxrt1052.o
                0x60009b28                LPUART5_IRQHandler
 .text.LPUART6_IRQHandler
                0x60009b30        0x8 ./startup/startup_mimxrt1052.o
                0x60009b30                LPUART6_IRQHandler
 .text.LPUART7_IRQHandler
                0x60009b38        0x8 ./startup/startup_mimxrt1052.o
                0x60009b38                LPUART7_IRQHandler
 .text.LPUART8_IRQHandler
                0x60009b40        0x8 ./startup/startup_mimxrt1052.o
                0x60009b40                LPUART8_IRQHandler
 .text.LPI2C1_IRQHandler
                0x60009b48        0x8 ./startup/startup_mimxrt1052.o
                0x60009b48                LPI2C1_IRQHandler
 .text.LPI2C2_IRQHandler
                0x60009b50        0x8 ./startup/startup_mimxrt1052.o
                0x60009b50                LPI2C2_IRQHandler
 .text.LPI2C3_IRQHandler
                0x60009b58        0x8 ./startup/startup_mimxrt1052.o
                0x60009b58                LPI2C3_IRQHandler
 .text.LPI2C4_IRQHandler
                0x60009b60        0x8 ./startup/startup_mimxrt1052.o
                0x60009b60                LPI2C4_IRQHandler
 .text.LPSPI1_IRQHandler
                0x60009b68        0x8 ./startup/startup_mimxrt1052.o
                0x60009b68                LPSPI1_IRQHandler
 .text.LPSPI2_IRQHandler
                0x60009b70        0x8 ./startup/startup_mimxrt1052.o
                0x60009b70                LPSPI2_IRQHandler
 .text.LPSPI3_IRQHandler
                0x60009b78        0x8 ./startup/startup_mimxrt1052.o
                0x60009b78                LPSPI3_IRQHandler
 .text.LPSPI4_IRQHandler
                0x60009b80        0x8 ./startup/startup_mimxrt1052.o
                0x60009b80                LPSPI4_IRQHandler
 .text.CAN1_IRQHandler
                0x60009b88        0x8 ./startup/startup_mimxrt1052.o
                0x60009b88                CAN1_IRQHandler
 .text.CAN2_IRQHandler
                0x60009b90        0x8 ./startup/startup_mimxrt1052.o
                0x60009b90                CAN2_IRQHandler
 .text.FLEXRAM_IRQHandler
                0x60009b98        0x8 ./startup/startup_mimxrt1052.o
                0x60009b98                FLEXRAM_IRQHandler
 .text.KPP_IRQHandler
                0x60009ba0        0x8 ./startup/startup_mimxrt1052.o
                0x60009ba0                KPP_IRQHandler
 .text.TSC_DIG_IRQHandler
                0x60009ba8        0x8 ./startup/startup_mimxrt1052.o
                0x60009ba8                TSC_DIG_IRQHandler
 .text.GPR_IRQ_IRQHandler
                0x60009bb0        0x8 ./startup/startup_mimxrt1052.o
                0x60009bb0                GPR_IRQ_IRQHandler
 .text.LCDIF_IRQHandler
                0x60009bb8        0x8 ./startup/startup_mimxrt1052.o
                0x60009bb8                LCDIF_IRQHandler
 .text.CSI_IRQHandler
                0x60009bc0        0x8 ./startup/startup_mimxrt1052.o
                0x60009bc0                CSI_IRQHandler
 .text.PXP_IRQHandler
                0x60009bc8        0x8 ./startup/startup_mimxrt1052.o
                0x60009bc8                PXP_IRQHandler
 .text.WDOG2_IRQHandler
                0x60009bd0        0x8 ./startup/startup_mimxrt1052.o
                0x60009bd0                WDOG2_IRQHandler
 .text.SNVS_HP_WRAPPER_IRQHandler
                0x60009bd8        0x8 ./startup/startup_mimxrt1052.o
                0x60009bd8                SNVS_HP_WRAPPER_IRQHandler
 .text.SNVS_HP_WRAPPER_TZ_IRQHandler
                0x60009be0        0x8 ./startup/startup_mimxrt1052.o
                0x60009be0                SNVS_HP_WRAPPER_TZ_IRQHandler
 .text.SNVS_LP_WRAPPER_IRQHandler
                0x60009be8        0x8 ./startup/startup_mimxrt1052.o
                0x60009be8                SNVS_LP_WRAPPER_IRQHandler
 .text.CSU_IRQHandler
                0x60009bf0        0x8 ./startup/startup_mimxrt1052.o
                0x60009bf0                CSU_IRQHandler
 .text.DCP_IRQHandler
                0x60009bf8        0x8 ./startup/startup_mimxrt1052.o
                0x60009bf8                DCP_IRQHandler
 .text.DCP_VMI_IRQHandler
                0x60009c00        0x8 ./startup/startup_mimxrt1052.o
                0x60009c00                DCP_VMI_IRQHandler
 .text.Reserved68_IRQHandler
                0x60009c08        0x8 ./startup/startup_mimxrt1052.o
                0x60009c08                Reserved68_IRQHandler
 .text.TRNG_IRQHandler
                0x60009c10        0x8 ./startup/startup_mimxrt1052.o
                0x60009c10                TRNG_IRQHandler
 .text.SJC_IRQHandler
                0x60009c18        0x8 ./startup/startup_mimxrt1052.o
                0x60009c18                SJC_IRQHandler
 .text.BEE_IRQHandler
                0x60009c20        0x8 ./startup/startup_mimxrt1052.o
                0x60009c20                BEE_IRQHandler
 .text.SAI1_IRQHandler
                0x60009c28        0x8 ./startup/startup_mimxrt1052.o
                0x60009c28                SAI1_IRQHandler
 .text.SAI2_IRQHandler
                0x60009c30        0x8 ./startup/startup_mimxrt1052.o
                0x60009c30                SAI2_IRQHandler
 .text.SAI3_RX_IRQHandler
                0x60009c38        0x8 ./startup/startup_mimxrt1052.o
                0x60009c38                SAI3_RX_IRQHandler
 .text.SAI3_TX_IRQHandler
                0x60009c40        0x8 ./startup/startup_mimxrt1052.o
                0x60009c40                SAI3_TX_IRQHandler
 .text.SPDIF_IRQHandler
                0x60009c48        0x8 ./startup/startup_mimxrt1052.o
                0x60009c48                SPDIF_IRQHandler
 .text.PMU_EVENT_IRQHandler
                0x60009c50        0x8 ./startup/startup_mimxrt1052.o
                0x60009c50                PMU_EVENT_IRQHandler
 .text.Reserved78_IRQHandler
                0x60009c58        0x8 ./startup/startup_mimxrt1052.o
                0x60009c58                Reserved78_IRQHandler
 .text.TEMP_LOW_HIGH_IRQHandler
                0x60009c60        0x8 ./startup/startup_mimxrt1052.o
                0x60009c60                TEMP_LOW_HIGH_IRQHandler
 .text.TEMP_PANIC_IRQHandler
                0x60009c68        0x8 ./startup/startup_mimxrt1052.o
                0x60009c68                TEMP_PANIC_IRQHandler
 .text.USB_PHY1_IRQHandler
                0x60009c70        0x8 ./startup/startup_mimxrt1052.o
                0x60009c70                USB_PHY1_IRQHandler
 .text.USB_PHY2_IRQHandler
                0x60009c78        0x8 ./startup/startup_mimxrt1052.o
                0x60009c78                USB_PHY2_IRQHandler
 .text.ADC1_IRQHandler
                0x60009c80        0x8 ./startup/startup_mimxrt1052.o
                0x60009c80                ADC1_IRQHandler
 .text.ADC2_IRQHandler
                0x60009c88        0x8 ./startup/startup_mimxrt1052.o
                0x60009c88                ADC2_IRQHandler
 .text.DCDC_IRQHandler
                0x60009c90        0x8 ./startup/startup_mimxrt1052.o
                0x60009c90                DCDC_IRQHandler
 .text.Reserved86_IRQHandler
                0x60009c98        0x8 ./startup/startup_mimxrt1052.o
                0x60009c98                Reserved86_IRQHandler
 .text.Reserved87_IRQHandler
                0x60009ca0        0x8 ./startup/startup_mimxrt1052.o
                0x60009ca0                Reserved87_IRQHandler
 .text.GPIO1_INT0_IRQHandler
                0x60009ca8        0x8 ./startup/startup_mimxrt1052.o
                0x60009ca8                GPIO1_INT0_IRQHandler
 .text.GPIO1_INT1_IRQHandler
                0x60009cb0        0x8 ./startup/startup_mimxrt1052.o
                0x60009cb0                GPIO1_INT1_IRQHandler
 .text.GPIO1_INT2_IRQHandler
                0x60009cb8        0x8 ./startup/startup_mimxrt1052.o
                0x60009cb8                GPIO1_INT2_IRQHandler
 .text.GPIO1_INT3_IRQHandler
                0x60009cc0        0x8 ./startup/startup_mimxrt1052.o
                0x60009cc0                GPIO1_INT3_IRQHandler
 .text.GPIO1_INT4_IRQHandler
                0x60009cc8        0x8 ./startup/startup_mimxrt1052.o
                0x60009cc8                GPIO1_INT4_IRQHandler
 .text.GPIO1_INT5_IRQHandler
                0x60009cd0        0x8 ./startup/startup_mimxrt1052.o
                0x60009cd0                GPIO1_INT5_IRQHandler
 .text.GPIO1_INT6_IRQHandler
                0x60009cd8        0x8 ./startup/startup_mimxrt1052.o
                0x60009cd8                GPIO1_INT6_IRQHandler
 .text.GPIO1_INT7_IRQHandler
                0x60009ce0        0x8 ./startup/startup_mimxrt1052.o
                0x60009ce0                GPIO1_INT7_IRQHandler
 .text.GPIO1_Combined_0_15_IRQHandler
                0x60009ce8        0x8 ./startup/startup_mimxrt1052.o
                0x60009ce8                GPIO1_Combined_0_15_IRQHandler
 .text.GPIO1_Combined_16_31_IRQHandler
                0x60009cf0        0x8 ./startup/startup_mimxrt1052.o
                0x60009cf0                GPIO1_Combined_16_31_IRQHandler
 .text.GPIO2_Combined_0_15_IRQHandler
                0x60009cf8        0x8 ./startup/startup_mimxrt1052.o
                0x60009cf8                GPIO2_Combined_0_15_IRQHandler
 .text.GPIO2_Combined_16_31_IRQHandler
                0x60009d00        0x8 ./startup/startup_mimxrt1052.o
                0x60009d00                GPIO2_Combined_16_31_IRQHandler
 .text.GPIO3_Combined_0_15_IRQHandler
                0x60009d08        0x8 ./startup/startup_mimxrt1052.o
                0x60009d08                GPIO3_Combined_0_15_IRQHandler
 .text.GPIO3_Combined_16_31_IRQHandler
                0x60009d10        0x8 ./startup/startup_mimxrt1052.o
                0x60009d10                GPIO3_Combined_16_31_IRQHandler
 .text.GPIO4_Combined_0_15_IRQHandler
                0x60009d18        0x8 ./startup/startup_mimxrt1052.o
                0x60009d18                GPIO4_Combined_0_15_IRQHandler
 .text.GPIO4_Combined_16_31_IRQHandler
                0x60009d20        0x8 ./startup/startup_mimxrt1052.o
                0x60009d20                GPIO4_Combined_16_31_IRQHandler
 .text.GPIO5_Combined_0_15_IRQHandler
                0x60009d28        0x8 ./startup/startup_mimxrt1052.o
                0x60009d28                GPIO5_Combined_0_15_IRQHandler
 .text.GPIO5_Combined_16_31_IRQHandler
                0x60009d30        0x8 ./startup/startup_mimxrt1052.o
                0x60009d30                GPIO5_Combined_16_31_IRQHandler
 .text.FLEXIO1_IRQHandler
                0x60009d38        0x8 ./startup/startup_mimxrt1052.o
                0x60009d38                FLEXIO1_IRQHandler
 .text.FLEXIO2_IRQHandler
                0x60009d40        0x8 ./startup/startup_mimxrt1052.o
                0x60009d40                FLEXIO2_IRQHandler
 .text.WDOG1_IRQHandler
                0x60009d48        0x8 ./startup/startup_mimxrt1052.o
                0x60009d48                WDOG1_IRQHandler
 .text.RTWDOG_IRQHandler
                0x60009d50        0x8 ./startup/startup_mimxrt1052.o
                0x60009d50                RTWDOG_IRQHandler
 .text.EWM_IRQHandler
                0x60009d58        0x8 ./startup/startup_mimxrt1052.o
                0x60009d58                EWM_IRQHandler
 .text.CCM_1_IRQHandler
                0x60009d60        0x8 ./startup/startup_mimxrt1052.o
                0x60009d60                CCM_1_IRQHandler
 .text.CCM_2_IRQHandler
                0x60009d68        0x8 ./startup/startup_mimxrt1052.o
                0x60009d68                CCM_2_IRQHandler
 .text.GPC_IRQHandler
                0x60009d70        0x8 ./startup/startup_mimxrt1052.o
                0x60009d70                GPC_IRQHandler
 .text.SRC_IRQHandler
                0x60009d78        0x8 ./startup/startup_mimxrt1052.o
                0x60009d78                SRC_IRQHandler
 .text.Reserved115_IRQHandler
                0x60009d80        0x8 ./startup/startup_mimxrt1052.o
                0x60009d80                Reserved115_IRQHandler
 .text.GPT1_IRQHandler
                0x60009d88        0x8 ./startup/startup_mimxrt1052.o
                0x60009d88                GPT1_IRQHandler
 .text.GPT2_IRQHandler
                0x60009d90        0x8 ./startup/startup_mimxrt1052.o
                0x60009d90                GPT2_IRQHandler
 .text.PWM1_0_IRQHandler
                0x60009d98        0x8 ./startup/startup_mimxrt1052.o
                0x60009d98                PWM1_0_IRQHandler
 .text.PWM1_1_IRQHandler
                0x60009da0        0x8 ./startup/startup_mimxrt1052.o
                0x60009da0                PWM1_1_IRQHandler
 .text.PWM1_2_IRQHandler
                0x60009da8        0x8 ./startup/startup_mimxrt1052.o
                0x60009da8                PWM1_2_IRQHandler
 .text.PWM1_3_IRQHandler
                0x60009db0        0x8 ./startup/startup_mimxrt1052.o
                0x60009db0                PWM1_3_IRQHandler
 .text.PWM1_FAULT_IRQHandler
                0x60009db8        0x8 ./startup/startup_mimxrt1052.o
                0x60009db8                PWM1_FAULT_IRQHandler
 .text.Reserved123_IRQHandler
                0x60009dc0        0x8 ./startup/startup_mimxrt1052.o
                0x60009dc0                Reserved123_IRQHandler
 .text.FLEXSPI_IRQHandler
                0x60009dc8        0x8 ./startup/startup_mimxrt1052.o
                0x60009dc8                FLEXSPI_IRQHandler
 .text.SEMC_IRQHandler
                0x60009dd0        0x8 ./startup/startup_mimxrt1052.o
                0x60009dd0                SEMC_IRQHandler
 .text.USDHC1_IRQHandler
                0x60009dd8        0x8 ./startup/startup_mimxrt1052.o
                0x60009dd8                USDHC1_IRQHandler
 .text.USDHC2_IRQHandler
                0x60009de0        0x8 ./startup/startup_mimxrt1052.o
                0x60009de0                USDHC2_IRQHandler
 .text.USB_OTG2_IRQHandler
                0x60009de8        0x8 ./startup/startup_mimxrt1052.o
                0x60009de8                USB_OTG2_IRQHandler
 .text.USB_OTG1_IRQHandler
                0x60009df0        0x8 ./startup/startup_mimxrt1052.o
                0x60009df0                USB_OTG1_IRQHandler
 .text.ENET_IRQHandler
                0x60009df8        0x8 ./startup/startup_mimxrt1052.o
                0x60009df8                ENET_IRQHandler
 .text.ENET_1588_Timer_IRQHandler
                0x60009e00        0x8 ./startup/startup_mimxrt1052.o
                0x60009e00                ENET_1588_Timer_IRQHandler
 .text.XBAR1_IRQ_0_1_IRQHandler
                0x60009e08        0x8 ./startup/startup_mimxrt1052.o
                0x60009e08                XBAR1_IRQ_0_1_IRQHandler
 .text.XBAR1_IRQ_2_3_IRQHandler
                0x60009e10        0x8 ./startup/startup_mimxrt1052.o
                0x60009e10                XBAR1_IRQ_2_3_IRQHandler
 .text.ADC_ETC_IRQ0_IRQHandler
                0x60009e18        0x8 ./startup/startup_mimxrt1052.o
                0x60009e18                ADC_ETC_IRQ0_IRQHandler
 .text.ADC_ETC_IRQ1_IRQHandler
                0x60009e20        0x8 ./startup/startup_mimxrt1052.o
                0x60009e20                ADC_ETC_IRQ1_IRQHandler
 .text.ADC_ETC_IRQ2_IRQHandler
                0x60009e28        0x8 ./startup/startup_mimxrt1052.o
                0x60009e28                ADC_ETC_IRQ2_IRQHandler
 .text.ADC_ETC_ERROR_IRQ_IRQHandler
                0x60009e30        0x8 ./startup/startup_mimxrt1052.o
                0x60009e30                ADC_ETC_ERROR_IRQ_IRQHandler
 .text.PIT_IRQHandler
                0x60009e38        0x8 ./startup/startup_mimxrt1052.o
                0x60009e38                PIT_IRQHandler
 .text.ACMP1_IRQHandler
                0x60009e40        0x8 ./startup/startup_mimxrt1052.o
                0x60009e40                ACMP1_IRQHandler
 .text.ACMP2_IRQHandler
                0x60009e48        0x8 ./startup/startup_mimxrt1052.o
                0x60009e48                ACMP2_IRQHandler
 .text.ACMP3_IRQHandler
                0x60009e50        0x8 ./startup/startup_mimxrt1052.o
                0x60009e50                ACMP3_IRQHandler
 .text.ACMP4_IRQHandler
                0x60009e58        0x8 ./startup/startup_mimxrt1052.o
                0x60009e58                ACMP4_IRQHandler
 .text.Reserved143_IRQHandler
                0x60009e60        0x8 ./startup/startup_mimxrt1052.o
                0x60009e60                Reserved143_IRQHandler
 .text.Reserved144_IRQHandler
                0x60009e68        0x8 ./startup/startup_mimxrt1052.o
                0x60009e68                Reserved144_IRQHandler
 .text.ENC1_IRQHandler
                0x60009e70        0x8 ./startup/startup_mimxrt1052.o
                0x60009e70                ENC1_IRQHandler
 .text.ENC2_IRQHandler
                0x60009e78        0x8 ./startup/startup_mimxrt1052.o
                0x60009e78                ENC2_IRQHandler
 .text.ENC3_IRQHandler
                0x60009e80        0x8 ./startup/startup_mimxrt1052.o
                0x60009e80                ENC3_IRQHandler
 .text.ENC4_IRQHandler
                0x60009e88        0x8 ./startup/startup_mimxrt1052.o
                0x60009e88                ENC4_IRQHandler
 .text.TMR1_IRQHandler
                0x60009e90        0x8 ./startup/startup_mimxrt1052.o
                0x60009e90                TMR1_IRQHandler
 .text.TMR2_IRQHandler
                0x60009e98        0x8 ./startup/startup_mimxrt1052.o
                0x60009e98                TMR2_IRQHandler
 .text.TMR3_IRQHandler
                0x60009ea0        0x8 ./startup/startup_mimxrt1052.o
                0x60009ea0                TMR3_IRQHandler
 .text.TMR4_IRQHandler
                0x60009ea8        0x8 ./startup/startup_mimxrt1052.o
                0x60009ea8                TMR4_IRQHandler
 .text.PWM2_0_IRQHandler
                0x60009eb0        0x8 ./startup/startup_mimxrt1052.o
                0x60009eb0                PWM2_0_IRQHandler
 .text.PWM2_1_IRQHandler
                0x60009eb8        0x8 ./startup/startup_mimxrt1052.o
                0x60009eb8                PWM2_1_IRQHandler
 .text.PWM2_2_IRQHandler
                0x60009ec0        0x8 ./startup/startup_mimxrt1052.o
                0x60009ec0                PWM2_2_IRQHandler
 .text.PWM2_3_IRQHandler
                0x60009ec8        0x8 ./startup/startup_mimxrt1052.o
                0x60009ec8                PWM2_3_IRQHandler
 .text.PWM2_FAULT_IRQHandler
                0x60009ed0        0x8 ./startup/startup_mimxrt1052.o
                0x60009ed0                PWM2_FAULT_IRQHandler
 .text.PWM3_0_IRQHandler
                0x60009ed8        0x8 ./startup/startup_mimxrt1052.o
                0x60009ed8                PWM3_0_IRQHandler
 .text.PWM3_1_IRQHandler
                0x60009ee0        0x8 ./startup/startup_mimxrt1052.o
                0x60009ee0                PWM3_1_IRQHandler
 .text.PWM3_2_IRQHandler
                0x60009ee8        0x8 ./startup/startup_mimxrt1052.o
                0x60009ee8                PWM3_2_IRQHandler
 .text.PWM3_3_IRQHandler
                0x60009ef0        0x8 ./startup/startup_mimxrt1052.o
                0x60009ef0                PWM3_3_IRQHandler
 .text.PWM3_FAULT_IRQHandler
                0x60009ef8        0x8 ./startup/startup_mimxrt1052.o
                0x60009ef8                PWM3_FAULT_IRQHandler
 .text.PWM4_0_IRQHandler
                0x60009f00        0x8 ./startup/startup_mimxrt1052.o
                0x60009f00                PWM4_0_IRQHandler
 .text.PWM4_1_IRQHandler
                0x60009f08        0x8 ./startup/startup_mimxrt1052.o
                0x60009f08                PWM4_1_IRQHandler
 .text.PWM4_2_IRQHandler
                0x60009f10        0x8 ./startup/startup_mimxrt1052.o
                0x60009f10                PWM4_2_IRQHandler
 .text.PWM4_3_IRQHandler
                0x60009f18        0x8 ./startup/startup_mimxrt1052.o
                0x60009f18                PWM4_3_IRQHandler
 .text.PWM4_FAULT_IRQHandler
                0x60009f20        0x8 ./startup/startup_mimxrt1052.o
                0x60009f20                PWM4_FAULT_IRQHandler
 .text.read_mag_x
                0x60009f28       0x38 ./source/magnetometer_task.o
 .text.read_mag_y
                0x60009f60       0x38 ./source/magnetometer_task.o
 .text.read_mag_z
                0x60009f98       0x38 ./source/magnetometer_task.o
 .text.sendMessage
                0x60009fd0       0x38 ./source/magnetometer_task.o
 .text.HardFault_Handler
                0x6000a008       0x2c ./source/semihost_hardfault.o
                0x6000a008                HardFault_Handler
 .text.LPSPI_RTOS_Deinit
                0x6000a034       0x30 ./drivers/freertos/fsl_lpspi_freertos.o
                0x6000a034                LPSPI_RTOS_Deinit
 .text.LPSPI_RTOS_Transfer
                0x6000a064       0x82 ./drivers/freertos/fsl_lpspi_freertos.o
                0x6000a064                LPSPI_RTOS_Transfer
 .text.CLOCK_IsPllBypassed
                0x6000a0e6       0x32 ./drivers/fsl_clock.o
 .text.CLOCK_IsPllEnabled
                0x6000a118       0x3c ./drivers/fsl_clock.o
 .text.CLOCK_GetPllBypassRefClk
                0x6000a154       0x34 ./drivers/fsl_clock.o
 .text.CLOCK_EnableClock
                0x6000a188       0x1e ./drivers/fsl_lpspi.o
 .text.CLOCK_DisableClock
                0x6000a1a6       0x1e ./drivers/fsl_lpspi.o
 .text.EnableIRQ
                0x6000a1c4       0x2c ./drivers/fsl_lpspi.o
 .text.LPSPI_Enable
                0x6000a1f0       0x38 ./drivers/fsl_lpspi.o
 .text.LPSPI_GetStatusFlags
                0x6000a228       0x18 ./drivers/fsl_lpspi.o
 .text.LPSPI_GetRxFifoSize
                0x6000a240       0x22 ./drivers/fsl_lpspi.o
 .text.LPSPI_GetTxFifoCount
                0x6000a262       0x1c ./drivers/fsl_lpspi.o
 .text.LPSPI_GetRxFifoCount
                0x6000a27e       0x1e ./drivers/fsl_lpspi.o
 .text.LPSPI_ClearStatusFlags
                0x6000a29c       0x1c ./drivers/fsl_lpspi.o
 .text.LPSPI_EnableInterrupts
                0x6000a2b8       0x22 ./drivers/fsl_lpspi.o
 .text.LPSPI_DisableInterrupts
                0x6000a2da       0x24 ./drivers/fsl_lpspi.o
 .text.LPSPI_SetMasterSlaveMode
                0x6000a2fe       0x2c ./drivers/fsl_lpspi.o
 .text.LPSPI_IsMaster
                0x6000a32a       0x26 ./drivers/fsl_lpspi.o
 .text.LPSPI_FlushFifo
                0x6000a350       0x30 ./drivers/fsl_lpspi.o
 .text.LPSPI_SetFifoWatermarks
                0x6000a380       0x2c ./drivers/fsl_lpspi.o
 .text.LPSPI_WriteData
                0x6000a3ac       0x1c ./drivers/fsl_lpspi.o
 .text.LPSPI_ReadData
                0x6000a3c8       0x18 ./drivers/fsl_lpspi.o
 .text.LPSPI_Reset
                0x6000a3e0       0x32 ./drivers/fsl_lpspi.o
                0x6000a3e0                LPSPI_Reset
 .text.LPSPI_SetOnePcsPolarity
                0x6000a412       0x44 ./drivers/fsl_lpspi.o
 .text.CLOCK_EnableClock
                0x6000a456       0x1e ./drivers/fsl_lpuart.o
 .text.LPUART_SoftwareReset
                0x6000a474       0x2c ./drivers/fsl_lpuart.o
 .text.SystemInitHook
                0x6000a4a0        0xe ./device/system_MIMXRT1052.o
                0x6000a4a0                SystemInitHook
 .text.HAL_UartGetStatus
                0x6000a4ae       0x22 ./component/uart/lpuart_adapter.o
 .text.SerialManager_StartWriting
                0x6000a4d0       0x4a ./component/serial_manager/serial_manager.o
 .text.SerialManager_WriteBlocking
                0x6000a51a       0x20 ./component/serial_manager/serial_manager.o
                0x6000a51a                SerialManager_WriteBlocking
 .text.BOARD_InitDebugConsole
                0x6000a53a       0x22 ./board/board.o
                0x6000a53a                BOARD_InitDebugConsole
 .text.CLOCK_DisableClock
                0x6000a55c       0x1e ./board/clock_config.o
 .text.CLOCK_SetPllBypass
                0x6000a57a       0x4e ./board/clock_config.o
 .text.IOMUXC_SetSaiMClkClockSource
                0x6000a5c8       0x6c ./board/clock_config.o
 .text.BOARD_InitPeripherals
                0x6000a634        0xc ./board/peripherals.o
                0x6000a634                BOARD_InitPeripherals
 .text.BOARD_InitBootPeripherals
                0x6000a640        0xc ./board/peripherals.o
                0x6000a640                BOARD_InitBootPeripherals
 .text.CLOCK_EnableClock
                0x6000a64c       0x1e ./board/pin_mux.o
 .text.IOMUXC_SetPinMux
                0x6000a66a       0x3a ./board/pin_mux.o
 .text.IOMUXC_SetPinConfig
                0x6000a6a4       0x26 ./board/pin_mux.o
 .text.vListInitialise
                0x6000a6ca       0x40 ./amazon-freertos/freertos/list.o
                0x6000a6ca                vListInitialise
 .text.vListInitialiseItem
                0x6000a70a       0x1a ./amazon-freertos/freertos/list.o
                0x6000a70a                vListInitialiseItem
 .text.vListInsertEnd
                0x6000a724       0x48 ./amazon-freertos/freertos/list.o
                0x6000a724                vListInsertEnd
 .text.vListInsert
                0x6000a76c       0x72 ./amazon-freertos/freertos/list.o
                0x6000a76c                vListInsert
 .text.uxListRemove
                0x6000a7de       0x54 ./amazon-freertos/freertos/list.o
                0x6000a7de                uxListRemove
 .text.xQueueGenericCreate
                0x6000a832       0x76 ./amazon-freertos/freertos/queue.o
                0x6000a832                xQueueGenericCreate
 .text.prvInitialiseNewQueue
                0x6000a8a8       0x46 ./amazon-freertos/freertos/queue.o
 .text.prvInitialiseMutex
                0x6000a8ee       0x34 ./amazon-freertos/freertos/queue.o
 .text.xQueueCreateMutex
                0x6000a922       0x30 ./amazon-freertos/freertos/queue.o
                0x6000a922                xQueueCreateMutex
 .text.xQueueGenericSendFromISR
                0x6000a952      0x128 ./amazon-freertos/freertos/queue.o
                0x6000a952                xQueueGenericSendFromISR
 .text.xQueueGiveFromISR
                0x6000aa7a      0x112 ./amazon-freertos/freertos/queue.o
                0x6000aa7a                xQueueGiveFromISR
 .text.vQueueDelete
                0x6000ab8c       0x3a ./amazon-freertos/freertos/queue.o
                0x6000ab8c                vQueueDelete
 .text.prvGetDisinheritPriorityAfterTimeout
                0x6000abc6       0x30 ./amazon-freertos/freertos/queue.o
 .text.prvCopyDataToQueue
                0x6000abf6       0xd4 ./amazon-freertos/freertos/queue.o
 .text.prvCopyDataFromQueue
                0x6000acca       0x4c ./amazon-freertos/freertos/queue.o
 .text.prvUnlockQueue
                0x6000ad16       0xa4 ./amazon-freertos/freertos/queue.o
 .text.prvIsQueueEmpty
                0x6000adba       0x2c ./amazon-freertos/freertos/queue.o
 .text.prvIsQueueFull
                0x6000ade6       0x30 ./amazon-freertos/freertos/queue.o
 .text.vQueueWaitForMessageRestricted
                0x6000ae16       0x68 ./amazon-freertos/freertos/queue.o
                0x6000ae16                vQueueWaitForMessageRestricted
 .text.xTaskCreate
                0x6000ae7e       0x82 ./amazon-freertos/freertos/tasks.o
                0x6000ae7e                xTaskCreate
 .text.prvInitialiseNewTask
                0x6000af00      0x142 ./amazon-freertos/freertos/tasks.o
 .text.prvDeleteTCB
                0x6000b042       0x20 ./amazon-freertos/freertos/tasks.o
 .text.prvTimerTask
                0x6000b062       0x24 ./amazon-freertos/freertos/timers.o
 .text.__main   0x6000b086        0xe c:/nxp/mcuxpressoide_11.0.1_2563/ide/plugins/com.nxp.mcuxpresso.tools.win32_11.0.1.201907311258/tools/bin/../lib/gcc/arm-none-eabi/8.2.1/../../../../arm-none-eabi/lib/thumb/v7e-m+dp/hard\libcr_nohost_nf.a(_cr__main.o)
                0x6000b086                __main
 .text.__sys_appexit
                0x6000b094        0x2 c:/nxp/mcuxpressoide_11.0.1_2563/ide/plugins/com.nxp.mcuxpresso.tools.win32_11.0.1.201907311258/tools/bin/../lib/gcc/arm-none-eabi/8.2.1/../../../../arm-none-eabi/lib/thumb/v7e-m+dp/hard\libcr_nohost_nf.a(__sys_appexit.o)
                0x6000b094                __sys_appexit
                0x6000b094                __exit
 .text.memcpy   0x6000b096        0x4 c:/nxp/mcuxpressoide_11.0.1_2563/ide/plugins/com.nxp.mcuxpresso.tools.win32_11.0.1.201907311258/tools/bin/../lib/gcc/arm-none-eabi/8.2.1/../../../../arm-none-eabi/lib/thumb/v7e-m+dp/hard\libcr_c.a(memcpy.o)
                0x6000b096                memcpy
 .text.memset   0x6000b09a        0x4 c:/nxp/mcuxpressoide_11.0.1_2563/ide/plugins/com.nxp.mcuxpresso.tools.win32_11.0.1.201907311258/tools/bin/../lib/gcc/arm-none-eabi/8.2.1/../../../../arm-none-eabi/lib/thumb/v7e-m+dp/hard\libcr_c.a(memset.o)
                0x6000b09a                memset
 .text._deferredlazyseek
                0x6000b09e       0x40 c:/nxp/mcuxpressoide_11.0.1_2563/ide/plugins/com.nxp.mcuxpresso.tools.win32_11.0.1.201907311258/tools/bin/../lib/gcc/arm-none-eabi/8.2.1/../../../../arm-none-eabi/lib/thumb/v7e-m+dp/hard\libcr_c.a(_deferredlazyseek.o)
                0x6000b09e                _deferredlazyseek
 .text.__flsbuf
                0x6000b0de      0x140 c:/nxp/mcuxpressoide_11.0.1_2563/ide/plugins/com.nxp.mcuxpresso.tools.win32_11.0.1.201907311258/tools/bin/../lib/gcc/arm-none-eabi/8.2.1/../../../../arm-none-eabi/lib/thumb/v7e-m+dp/hard\libcr_c.a(_deferredlazyseek.o)
                0x6000b0de                __flsbuf
 .text._fflush  0x6000b21e       0x52 c:/nxp/mcuxpressoide_11.0.1_2563/ide/plugins/com.nxp.mcuxpresso.tools.win32_11.0.1.201907311258/tools/bin/../lib/gcc/arm-none-eabi/8.2.1/../../../../arm-none-eabi/lib/thumb/v7e-m+dp/hard\libcr_c.a(_fflush.o)
                0x6000b21e                _fflush
 .text.free     0x6000b270       0x30 c:/nxp/mcuxpressoide_11.0.1_2563/ide/plugins/com.nxp.mcuxpresso.tools.win32_11.0.1.201907311258/tools/bin/../lib/gcc/arm-none-eabi/8.2.1/../../../../arm-none-eabi/lib/thumb/v7e-m+dp/hard\libcr_c.a(alloc.o)
                0x6000b270                free
 .text.fputs    0x6000b2a0       0x2c c:/nxp/mcuxpressoide_11.0.1_2563/ide/plugins/com.nxp.mcuxpresso.tools.win32_11.0.1.201907311258/tools/bin/../lib/gcc/arm-none-eabi/8.2.1/../../../../arm-none-eabi/lib/thumb/v7e-m+dp/hard\libcr_c.a(fputs.o)
                0x6000b2a0                fputs
 .text.strlen   0x6000b2cc       0x4c c:/nxp/mcuxpressoide_11.0.1_2563/ide/plugins/com.nxp.mcuxpresso.tools.win32_11.0.1.201907311258/tools/bin/../lib/gcc/arm-none-eabi/8.2.1/../../../../arm-none-eabi/lib/thumb/v7e-m+dp/hard\libcr_c.a(strlen.o)
                0x6000b2cc                strlen
 .text._fdopen  0x6000b318       0x68 c:/nxp/mcuxpressoide_11.0.1_2563/ide/plugins/com.nxp.mcuxpresso.tools.win32_11.0.1.201907311258/tools/bin/../lib/gcc/arm-none-eabi/8.2.1/../../../../arm-none-eabi/lib/thumb/v7e-m+dp/hard\libcr_c.a(_fdopen.o)
                0x6000b318                _fdopen
 .text.fclose   0x6000b380       0x58 c:/nxp/mcuxpressoide_11.0.1_2563/ide/plugins/com.nxp.mcuxpresso.tools.win32_11.0.1.201907311258/tools/bin/../lib/gcc/arm-none-eabi/8.2.1/../../../../arm-none-eabi/lib/thumb/v7e-m+dp/hard\libcr_c.a(fclose.o)
                0x6000b380                fclose
 .text.remove   0x6000b3d8       0x14 c:/nxp/mcuxpressoide_11.0.1_2563/ide/plugins/com.nxp.mcuxpresso.tools.win32_11.0.1.201907311258/tools/bin/../lib/gcc/arm-none-eabi/8.2.1/../../../../arm-none-eabi/lib/thumb/v7e-m+dp/hard\libcr_c.a(remove.o)
                0x6000b3d8                remove
 .text._do_fflush
                0x6000b3ec       0x40 c:/nxp/mcuxpressoide_11.0.1_2563/ide/plugins/com.nxp.mcuxpresso.tools.win32_11.0.1.201907311258/tools/bin/../lib/gcc/arm-none-eabi/8.2.1/../../../../arm-none-eabi/lib/thumb/v7e-m+dp/hard\libcr_c.a(_do_fflush.o)
                0x6000b3ec                _do_fflush
 .text.__aeabi_division_uldivmod
                0x6000b42c      0x174 c:/nxp/mcuxpressoide_11.0.1_2563/ide/plugins/com.nxp.mcuxpresso.tools.win32_11.0.1.201907311258/tools/bin/../lib/gcc/arm-none-eabi/8.2.1/thumb/v7e-m+dp/hard\libcr_eabihelpers.a(division_64.o)
                0x6000b42c                __aeabi_uldivmod
                0x6000b430                __bhs_ldivmod1
 .text.__aeabi_division_idiv0
                0x6000b5a0        0x2 c:/nxp/mcuxpressoide_11.0.1_2563/ide/plugins/com.nxp.mcuxpresso.tools.win32_11.0.1.201907311258/tools/bin/../lib/gcc/arm-none-eabi/8.2.1/thumb/v7e-m+dp/hard\libcr_eabihelpers.a(division_idiv0.o)
                0x6000b5a0                __aeabi_idiv0
 .text.__aeabi_d2lz
                0x6000b5a2       0x68 c:/nxp/mcuxpressoide_11.0.1_2563/ide/plugins/com.nxp.mcuxpresso.tools.win32_11.0.1.201907311258/tools/bin/../lib/gcc/arm-none-eabi/8.2.1/thumb/v7e-m+dp/hard\libcr_eabihelpers.a(double.o)
                0x6000b5a2                __aeabi_d2lz
 .text.__bhs_ul2d
                0x6000b60a       0x8a c:/nxp/mcuxpressoide_11.0.1_2563/ide/plugins/com.nxp.mcuxpresso.tools.win32_11.0.1.201907311258/tools/bin/../lib/gcc/arm-none-eabi/8.2.1/thumb/v7e-m+dp/hard\libcr_eabihelpers.a(double.o)
                0x6000b60a                __bhs_ul2d
 .text.__aeabi_l2d
                0x6000b694       0x1a c:/nxp/mcuxpressoide_11.0.1_2563/ide/plugins/com.nxp.mcuxpresso.tools.win32_11.0.1.201907311258/tools/bin/../lib/gcc/arm-none-eabi/8.2.1/thumb/v7e-m+dp/hard\libcr_eabihelpers.a(double.o)
                0x6000b694                __aeabi_l2d
 .text.__aeabi_memcpy
                0x6000b6ae       0x34 c:/nxp/mcuxpressoide_11.0.1_2563/ide/plugins/com.nxp.mcuxpresso.tools.win32_11.0.1.201907311258/tools/bin/../lib/gcc/arm-none-eabi/8.2.1/thumb/v7e-m+dp/hard\libcr_eabihelpers.a(memcpy.o)
                0x6000b6ae                __aeabi_memcpy
                0x6000b6b8                __aeabi_memcpy8
                0x6000b6b8                __aeabi_memcpy4
 .text.__aeabi_memset_lowlevel
                0x6000b6e2       0x32 c:/nxp/mcuxpressoide_11.0.1_2563/ide/plugins/com.nxp.mcuxpresso.tools.win32_11.0.1.201907311258/tools/bin/../lib/gcc/arm-none-eabi/8.2.1/thumb/v7e-m+dp/hard\libcr_eabihelpers.a(memcpy.o)
                0x6000b6e2                __aeabi_lowlevel_memset
 .text.__sys_close
                0x6000b714        0x6 c:/nxp/mcuxpressoide_11.0.1_2563/ide/plugins/com.nxp.mcuxpresso.tools.win32_11.0.1.201907311258/tools/bin/../lib/gcc/arm-none-eabi/8.2.1/../../../../arm-none-eabi/lib/thumb/v7e-m+dp/hard\libcr_nohost_nf.a(__sys_close.o)
                0x6000b714                __sys_close
 .text.__sys_flen
                0x6000b71a        0x6 c:/nxp/mcuxpressoide_11.0.1_2563/ide/plugins/com.nxp.mcuxpresso.tools.win32_11.0.1.201907311258/tools/bin/../lib/gcc/arm-none-eabi/8.2.1/../../../../arm-none-eabi/lib/thumb/v7e-m+dp/hard\libcr_nohost_nf.a(__sys_flen.o)
                0x6000b71a                __sys_flen
 .text.__sys_istty
                0x6000b720        0x6 c:/nxp/mcuxpressoide_11.0.1_2563/ide/plugins/com.nxp.mcuxpresso.tools.win32_11.0.1.201907311258/tools/bin/../lib/gcc/arm-none-eabi/8.2.1/../../../../arm-none-eabi/lib/thumb/v7e-m+dp/hard\libcr_nohost_nf.a(__sys_istty.o)
                0x6000b720                __sys_istty
 .text.__sys_remove
                0x6000b726        0x6 c:/nxp/mcuxpressoide_11.0.1_2563/ide/plugins/com.nxp.mcuxpresso.tools.win32_11.0.1.201907311258/tools/bin/../lib/gcc/arm-none-eabi/8.2.1/../../../../arm-none-eabi/lib/thumb/v7e-m+dp/hard\libcr_nohost_nf.a(__sys_remove.o)
                0x6000b726                __sys_remove
 .text.__sys_seek
                0x6000b72c        0x6 c:/nxp/mcuxpressoide_11.0.1_2563/ide/plugins/com.nxp.mcuxpresso.tools.win32_11.0.1.201907311258/tools/bin/../lib/gcc/arm-none-eabi/8.2.1/../../../../arm-none-eabi/lib/thumb/v7e-m+dp/hard\libcr_nohost_nf.a(__sys_seek.o)
                0x6000b72c                __sys_seek
 .text.__sys_tmpnam
                0x6000b732        0x6 c:/nxp/mcuxpressoide_11.0.1_2563/ide/plugins/com.nxp.mcuxpresso.tools.win32_11.0.1.201907311258/tools/bin/../lib/gcc/arm-none-eabi/8.2.1/../../../../arm-none-eabi/lib/thumb/v7e-m+dp/hard\libcr_nohost_nf.a(__sys_tmpnam.o)
                0x6000b732                __sys_tmpnam
 .text.__sys_write
                0x6000b738        0x4 c:/nxp/mcuxpressoide_11.0.1_2563/ide/plugins/com.nxp.mcuxpresso.tools.win32_11.0.1.201907311258/tools/bin/../lib/gcc/arm-none-eabi/8.2.1/../../../../arm-none-eabi/lib/thumb/v7e-m+dp/hard\libcr_nohost_nf.a(__sys_write.o)
                0x6000b738                __sys_write
 *(SORT_BY_ALIGNMENT(.rodata) SORT_BY_ALIGNMENT(.rodata.*) SORT_BY_ALIGNMENT(.constdata) SORT_BY_ALIGNMENT(.constdata.*))
 *fill*         0x6000b73c        0x4 ff
 .rodata.a1.5286
                0x6000b740       0x88 c:/nxp/mcuxpressoide_11.0.1_2563/ide/plugins/com.nxp.mcuxpresso.tools.win32_11.0.1.201907311258/tools/bin/../lib/gcc/arm-none-eabi/8.2.1/../../../../arm-none-eabi/lib/thumb/v7e-m+dp/hard\libcr_c.a(pow.o)
 .rodata.a2.5287
                0x6000b7c8       0x40 c:/nxp/mcuxpressoide_11.0.1_2563/ide/plugins/com.nxp.mcuxpresso.tools.win32_11.0.1.201907311258/tools/bin/../lib/gcc/arm-none-eabi/8.2.1/../../../../arm-none-eabi/lib/thumb/v7e-m+dp/hard\libcr_c.a(pow.o)
 .rodata.dcd_data
                0x6000b808        0x1 ./xip/evkbimxrt1050_sdram_ini_dcd.o
                0x6000b808                dcd_data
 *fill*         0x6000b809        0x3 ff
 .rodata        0x6000b80c      0x21f ./utilities/fsl_debug_console.o
 *fill*         0x6000ba2b        0x1 ff
 .rodata.MagMaxCounter
                0x6000ba2c        0x4 ./source/freertos_lpspi.o
                0x6000ba2c                MagMaxCounter
 .rodata.GyroMaxCounter
                0x6000ba30        0x4 ./source/freertos_lpspi.o
                0x6000ba30                GyroMaxCounter
 .rodata        0x6000ba34      0x3ed ./source/freertos_lpspi.o
 *fill*         0x6000be21        0x3 ff
 .rodata        0x6000be24       0x81 ./source/gyroscope_task.o
 *fill*         0x6000bea5        0x3 ff
 .rodata        0x6000bea8      0x349 ./source/magnetometer_task.o
 *fill*         0x6000c1f1        0x3 ff
 .rodata        0x6000c1f4       0xc7 ./drivers/fsl_clock.o
 *fill*         0x6000c2bb        0x1 ff
 .rodata        0x6000c2bc      0x593 ./drivers/fsl_lpspi.o
 *fill*         0x6000c84f        0x1 ff
 .rodata.s_baudratePrescaler
                0x6000c850        0x8 ./drivers/fsl_lpspi.o
 .rodata.s_lpspiBases
                0x6000c858       0x14 ./drivers/fsl_lpspi.o
 .rodata.s_lpspiIRQ
                0x6000c86c        0xa ./drivers/fsl_lpspi.o
 *fill*         0x6000c876        0x2 ff
 .rodata.s_lpspiClocks
                0x6000c878        0xa ./drivers/fsl_lpspi.o
 *fill*         0x6000c882        0x2 ff
 .rodata        0x6000c884      0x6b2 ./drivers/fsl_lpuart.o
 *fill*         0x6000cf36        0x2 ff
 .rodata.s_lpuartBases
                0x6000cf38       0x24 ./drivers/fsl_lpuart.o
 .rodata.s_lpuartClock
                0x6000cf5c       0x12 ./drivers/fsl_lpuart.o
 *fill*         0x6000cf6e        0x2 ff
 .rodata.s_LpuartAdapterBase
                0x6000cf70       0x24 ./component/uart/lpuart_adapter.o
 .rodata        0x6000cf94      0x274 ./component/uart/lpuart_adapter.o
 .rodata        0x6000d208      0x525 ./component/serial_manager/serial_manager.o
 *fill*         0x6000d72d        0x3 ff
 .rodata        0x6000d730      0x244 ./component/serial_manager/serial_port_uart.o
 .rodata        0x6000d974       0xa1 ./board/clock_config.o
 *fill*         0x6000da15        0x3 ff
 .rodata.armPllConfig_BOARD_BootClockRUN
                0x6000da18        0x8 ./board/clock_config.o
                0x6000da18                armPllConfig_BOARD_BootClockRUN
 .rodata.sysPllConfig_BOARD_BootClockRUN
                0x6000da20       0x14 ./board/clock_config.o
                0x6000da20                sysPllConfig_BOARD_BootClockRUN
 .rodata.LPSPI_3_config
                0x6000da34       0x1c ./board/peripherals.o
                0x6000da34                LPSPI_3_config
 .rodata        0x6000da50       0x29 ./board/pin_mux.o
 *fill*         0x6000da79        0x3 ff
 .rodata        0x6000da7c       0x24 ./amazon-freertos/freertos/tasks.o
                0x6000da84                portArch_Name
                0x6000da88                FreeRTOSDebugConfig
 .rodata        0x6000daa0        0xd ./amazon-freertos/freertos/timers.o
 *fill*         0x6000daad        0x3 ff
 .rodata.__num_Ciob_streams
                0x6000dab0        0x4 c:/nxp/mcuxpressoide_11.0.1_2563/ide/plugins/com.nxp.mcuxpresso.tools.win32_11.0.1.201907311258/tools/bin/../lib/gcc/arm-none-eabi/8.2.1/../../../../arm-none-eabi/lib/thumb/v7e-m+dp/hard\libcr_nohost_nf.a(__ciob.o)
                0x6000dab0                __num_Ciob_streams
 .rodata.__assertion_failed.str1.1
                0x6000dab4       0x15 c:/nxp/mcuxpressoide_11.0.1_2563/ide/plugins/com.nxp.mcuxpresso.tools.win32_11.0.1.201907311258/tools/bin/../lib/gcc/arm-none-eabi/8.2.1/../../../../arm-none-eabi/lib/thumb/v7e-m+dp/hard\libcr_nohost_nf.a(_cr_assert.o)
 .rodata._Csys_alloc.str1.1
                0x6000dac9       0x18 c:/nxp/mcuxpressoide_11.0.1_2563/ide/plugins/com.nxp.mcuxpresso.tools.win32_11.0.1.201907311258/tools/bin/../lib/gcc/arm-none-eabi/8.2.1/../../../../arm-none-eabi/lib/thumb/v7e-m+dp/hard\libcr_c.a(alloc.o)
 .rodata._initio.str1.1
                0x6000dae1        0x4 c:/nxp/mcuxpressoide_11.0.1_2563/ide/plugins/com.nxp.mcuxpresso.tools.win32_11.0.1.201907311258/tools/bin/../lib/gcc/arm-none-eabi/8.2.1/../../../../arm-none-eabi/lib/thumb/v7e-m+dp/hard\libcr_c.a(initio.o)
                0x6000dae8                . = ALIGN (0x4)
 *fill*         0x6000dae5        0x3 ff

.glue_7         0x6000dae8        0x0
 .glue_7        0x6000dae8        0x0 linker stubs

.glue_7t        0x6000dae8        0x0
 .glue_7t       0x6000dae8        0x0 linker stubs

.vfp11_veneer   0x6000dae8        0x0
 .vfp11_veneer  0x6000dae8        0x0 linker stubs

.v4_bx          0x6000dae8        0x0
 .v4_bx         0x6000dae8        0x0 linker stubs

.iplt           0x6000dae8        0x0
 .iplt          0x6000dae8        0x0 ./xip/evkbimxrt1050_flexspi_nor_config.o

.rel.dyn        0x6000dae8        0x0
 .rel.iplt      0x6000dae8        0x0 ./xip/evkbimxrt1050_flexspi_nor_config.o

.ARM.extab
 *(SORT_BY_ALIGNMENT(.ARM.extab*) SORT_BY_ALIGNMENT(.gnu.linkonce.armextab.*))
                0x6000dae8                __exidx_start = .

.ARM.exidx
 *(SORT_BY_ALIGNMENT(.ARM.exidx*) SORT_BY_ALIGNMENT(.gnu.linkonce.armexidx.*))
                0x6000dae8                __exidx_end = .
                0x6000dae8                _etext = .

.data_RAM2      0x00000000        0x0 load address 0x6000dae8
 FILL mask 0xff
                [!provide]                PROVIDE (__start_data_RAM2 = .)
 *(SORT_BY_ALIGNMENT(.ramfunc.$RAM2))
 *(SORT_BY_ALIGNMENT(.ramfunc.$SRAM_ITC))
 *(SORT_BY_ALIGNMENT(.data.$RAM2))
 *(SORT_BY_ALIGNMENT(.data.$SRAM_ITC))
 *(SORT_BY_ALIGNMENT(.data.$RAM2.*))
 *(SORT_BY_ALIGNMENT(.data.$SRAM_ITC.*))
                0x00000000                . = ALIGN (0x4)
                [!provide]                PROVIDE (__end_data_RAM2 = .)

.data_RAM3      0x20200000        0x0 load address 0x6000dae8
 FILL mask 0xff
                [!provide]                PROVIDE (__start_data_RAM3 = .)
 *(SORT_BY_ALIGNMENT(.ramfunc.$RAM3))
 *(SORT_BY_ALIGNMENT(.ramfunc.$SRAM_OC))
 *(SORT_BY_ALIGNMENT(.data.$RAM3))
 *(SORT_BY_ALIGNMENT(.data.$SRAM_OC))
 *(SORT_BY_ALIGNMENT(.data.$RAM3.*))
 *(SORT_BY_ALIGNMENT(.data.$SRAM_OC.*))
                0x20200000                . = ALIGN (0x4)
                [!provide]                PROVIDE (__end_data_RAM3 = .)

.data_RAM4      0x80000000        0x0 load address 0x6000dae8
 FILL mask 0xff
                [!provide]                PROVIDE (__start_data_RAM4 = .)
 *(SORT_BY_ALIGNMENT(.ramfunc.$RAM4))
 *(SORT_BY_ALIGNMENT(.ramfunc.$BOARD_SDRAM))
 *(SORT_BY_ALIGNMENT(.data.$RAM4))
 *(SORT_BY_ALIGNMENT(.data.$BOARD_SDRAM))
 *(SORT_BY_ALIGNMENT(.data.$RAM4.*))
 *(SORT_BY_ALIGNMENT(.data.$BOARD_SDRAM.*))
                0x80000000                . = ALIGN (0x4)
                [!provide]                PROVIDE (__end_data_RAM4 = .)

.uninit_RESERVED
                0x20000000        0x0
                0x20000000                . = ALIGN (0x4)
 *(SORT_BY_ALIGNMENT(.bss.$RESERVED*))
                0x20000000                . = ALIGN (0x4)
                0x20000000                _end_uninit_RESERVED = .

.data           0x20000000        0x8 load address 0x6000dae8
 FILL mask 0xff
                0x20000000                _data = .
 *(SORT_BY_ALIGNMENT(vtable))
 *(SORT_BY_ALIGNMENT(.ramfunc*))
 *(SORT_BY_ALIGNMENT(CodeQuickAccess))
 *(SORT_BY_ALIGNMENT(DataQuickAccess))
 *(SORT_BY_ALIGNMENT(RamFunction))
 *(SORT_BY_ALIGNMENT(NonCacheable.init))
 *(SORT_BY_ALIGNMENT(.data*))
 .data.SystemCoreClock
                0x20000000        0x4 ./device/system_MIMXRT1052.o
                0x20000000                SystemCoreClock
 .data.uxCriticalNesting
                0x20000004        0x4 ./amazon-freertos/freertos/portable/port.o
                0x20000008                . = ALIGN (0x4)
                0x20000008                _edata = .

.igot.plt       0x20000008        0x0 load address 0x6000daf0
 .igot.plt      0x20000008        0x0 ./xip/evkbimxrt1050_flexspi_nor_config.o

.bss_RAM2       0x00000000        0x0
                0x00000000                . = ALIGN (0x4)
                [!provide]                PROVIDE (__start_bss_RAM2 = .)
 *(SORT_BY_ALIGNMENT(.bss.$RAM2))
 *(SORT_BY_ALIGNMENT(.bss.$SRAM_ITC))
 *(SORT_BY_ALIGNMENT(.bss.$RAM2.*))
 *(SORT_BY_ALIGNMENT(.bss.$SRAM_ITC.*))
                0x00000000                . = ALIGN ((. != 0x0)?0x4:0x1)
                [!provide]                PROVIDE (__end_bss_RAM2 = .)

.bss_RAM3       0x20200000        0x0
                0x20200000                . = ALIGN (0x4)
                [!provide]                PROVIDE (__start_bss_RAM3 = .)
 *(SORT_BY_ALIGNMENT(.bss.$RAM3))
 *(SORT_BY_ALIGNMENT(.bss.$SRAM_OC))
 *(SORT_BY_ALIGNMENT(.bss.$RAM3.*))
 *(SORT_BY_ALIGNMENT(.bss.$SRAM_OC.*))
                0x20200000                . = ALIGN ((. != 0x0)?0x4:0x1)
                [!provide]                PROVIDE (__end_bss_RAM3 = .)

.bss_RAM4       0x80000000        0x0
                0x80000000                . = ALIGN (0x4)
                [!provide]                PROVIDE (__start_bss_RAM4 = .)
 *(SORT_BY_ALIGNMENT(.bss.$RAM4))
 *(SORT_BY_ALIGNMENT(.bss.$BOARD_SDRAM))
 *(SORT_BY_ALIGNMENT(.bss.$RAM4.*))
 *(SORT_BY_ALIGNMENT(.bss.$BOARD_SDRAM.*))
                0x80000000                . = ALIGN ((. != 0x0)?0x4:0x1)
                [!provide]                PROVIDE (__end_bss_RAM4 = .)

.bss            0x20000008     0x52fc
                0x20000008                . = ALIGN (0x4)
                0x20000008                _bss = .
 *(SORT_BY_ALIGNMENT(NonCacheable))
 *(SORT_BY_ALIGNMENT(.bss*))
 .bss.s_debugConsoleState
                0x20000008       0x1c ./utilities/fsl_debug_console.o
 .bss.g_serialHandle
                0x20000024        0x4 ./utilities/fsl_debug_console.o
                0x20000024                g_serialHandle
 .bss.xMagQueue
                0x20000028        0x4 ./source/freertos_lpspi.o
                0x20000028                xMagQueue
 .bss.xGyroQueue
                0x2000002c        0x4 ./source/freertos_lpspi.o
                0x2000002c                xGyroQueue
 .bss.MagTaskHandle1
                0x20000030        0x4 ./source/freertos_lpspi.o
                0x20000030                MagTaskHandle1
 .bss.MagTaskHandle2