Archive member included to satisfy reference by file (symbol)

c:/nxp/mcuxpressoide_11.0.1_2563/ide/plugins/com.nxp.mcuxpresso.tools.win32_11.0.1.201907311258/tools/bin/../lib/gcc/arm-none-eabi/8.2.1/../../../../arm-none-eabi/lib/thumb/v7e-m+dp/hard\libcr_nohost_nf.a(_cr__main.o)
                              ./startup/startup_mimxrt1052.o (__main)
c:/nxp/mcuxpressoide_11.0.1_2563/ide/plugins/com.nxp.mcuxpresso.tools.win32_11.0.1.201907311258/tools/bin/../lib/gcc/arm-none-eabi/8.2.1/../../../../arm-none-eabi/lib/thumb/v7e-m+dp/hard\libcr_nohost_nf.a(_cr_assert.o)
                              ./utilities/fsl_debug_console.o (__assertion_failed)
c:/nxp/mcuxpressoide_11.0.1_2563/ide/plugins/com.nxp.mcuxpresso.tools.win32_11.0.1.201907311258/tools/bin/../lib/gcc/arm-none-eabi/8.2.1/../../../../arm-none-eabi/lib/thumb/v7e-m+dp/hard\libcr_nohost_nf.a(__ciob.o)
                              c:/nxp/mcuxpressoide_11.0.1_2563/ide/plugins/com.nxp.mcuxpresso.tools.win32_11.0.1.201907311258/tools/bin/../lib/gcc/arm-none-eabi/8.2.1/../../../../arm-none-eabi/lib/thumb/v7e-m+dp/hard\libcr_nohost_nf.a(_cr_assert.o) (__Ciob)
c:/nxp/mcuxpressoide_11.0.1_2563/ide/plugins/com.nxp.mcuxpresso.tools.win32_11.0.1.201907311258/tools/bin/../lib/gcc/arm-none-eabi/8.2.1/../../../../arm-none-eabi/lib/thumb/v7e-m+dp/hard\libcr_nohost_nf.a(__sys_appexit.o)
                              c:/nxp/mcuxpressoide_11.0.1_2563/ide/plugins/com.nxp.mcuxpresso.tools.win32_11.0.1.201907311258/tools/bin/../lib/gcc/arm-none-eabi/8.2.1/../../../../arm-none-eabi/lib/thumb/v7e-m+dp/hard\libcr_nohost_nf.a(_cr_assert.o) (__sys_appexit)
c:/nxp/mcuxpressoide_11.0.1_2563/ide/plugins/com.nxp.mcuxpresso.tools.win32_11.0.1.201907311258/tools/bin/../lib/gcc/arm-none-eabi/8.2.1/../../../../arm-none-eabi/lib/thumb/v7e-m+dp/hard\libcr_c.a(memcpy.o)
                              ./amazon-freertos/freertos/queue.o (memcpy)
c:/nxp/mcuxpressoide_11.0.1_2563/ide/plugins/com.nxp.mcuxpresso.tools.win32_11.0.1.201907311258/tools/bin/../lib/gcc/arm-none-eabi/8.2.1/../../../../arm-none-eabi/lib/thumb/v7e-m+dp/hard\libcr_c.a(memset.o)
                              ./utilities/fsl_debug_console.o (memset)
c:/nxp/mcuxpressoide_11.0.1_2563/ide/plugins/com.nxp.mcuxpresso.tools.win32_11.0.1.201907311258/tools/bin/../lib/gcc/arm-none-eabi/8.2.1/../../../../arm-none-eabi/lib/thumb/v7e-m+dp/hard\libcr_c.a(_deferredlazyseek.o)
                              c:/nxp/mcuxpressoide_11.0.1_2563/ide/plugins/com.nxp.mcuxpresso.tools.win32_11.0.1.201907311258/tools/bin/../lib/gcc/arm-none-eabi/8.2.1/../../../../arm-none-eabi/lib/thumb/v7e-m+dp/hard\libcr_nohost_nf.a(_cr_assert.o) (__flsbuf)
c:/nxp/mcuxpressoide_11.0.1_2563/ide/plugins/com.nxp.mcuxpresso.tools.win32_11.0.1.201907311258/tools/bin/../lib/gcc/arm-none-eabi/8.2.1/../../../../arm-none-eabi/lib/thumb/v7e-m+dp/hard\libcr_c.a(_fflush.o)
                              c:/nxp/mcuxpressoide_11.0.1_2563/ide/plugins/com.nxp.mcuxpresso.tools.win32_11.0.1.201907311258/tools/bin/../lib/gcc/arm-none-eabi/8.2.1/../../../../arm-none-eabi/lib/thumb/v7e-m+dp/hard\libcr_c.a(_deferredlazyseek.o) (_fflush)
c:/nxp/mcuxpressoide_11.0.1_2563/ide/plugins/com.nxp.mcuxpresso.tools.win32_11.0.1.201907311258/tools/bin/../lib/gcc/arm-none-eabi/8.2.1/../../../../arm-none-eabi/lib/thumb/v7e-m+dp/hard\libcr_c.a(_writebuf.o)
                              c:/nxp/mcuxpressoide_11.0.1_2563/ide/plugins/com.nxp.mcuxpresso.tools.win32_11.0.1.201907311258/tools/bin/../lib/gcc/arm-none-eabi/8.2.1/../../../../arm-none-eabi/lib/thumb/v7e-m+dp/hard\libcr_c.a(_deferredlazyseek.o) (_Cwritebuf)
c:/nxp/mcuxpressoide_11.0.1_2563/ide/plugins/com.nxp.mcuxpresso.tools.win32_11.0.1.201907311258/tools/bin/../lib/gcc/arm-none-eabi/8.2.1/../../../../arm-none-eabi/lib/thumb/v7e-m+dp/hard\libcr_c.a(alloc.o)
                              ./drivers/fsl_common.o (malloc)
c:/nxp/mcuxpressoide_11.0.1_2563/ide/plugins/com.nxp.mcuxpresso.tools.win32_11.0.1.201907311258/tools/bin/../lib/gcc/arm-none-eabi/8.2.1/../../../../arm-none-eabi/lib/thumb/v7e-m+dp/hard\libcr_c.a(fputs.o)
                              c:/nxp/mcuxpressoide_11.0.1_2563/ide/plugins/com.nxp.mcuxpresso.tools.win32_11.0.1.201907311258/tools/bin/../lib/gcc/arm-none-eabi/8.2.1/../../../../arm-none-eabi/lib/thumb/v7e-m+dp/hard\libcr_nohost_nf.a(_cr_assert.o) (fputs)
c:/nxp/mcuxpressoide_11.0.1_2563/ide/plugins/com.nxp.mcuxpresso.tools.win32_11.0.1.201907311258/tools/bin/../lib/gcc/arm-none-eabi/8.2.1/../../../../arm-none-eabi/lib/thumb/v7e-m+dp/hard\libcr_c.a(fseek.o)
                              c:/nxp/mcuxpressoide_11.0.1_2563/ide/plugins/com.nxp.mcuxpresso.tools.win32_11.0.1.201907311258/tools/bin/../lib/gcc/arm-none-eabi/8.2.1/../../../../arm-none-eabi/lib/thumb/v7e-m+dp/hard\libcr_c.a(_deferredlazyseek.o) (fseek)
c:/nxp/mcuxpressoide_11.0.1_2563/ide/plugins/com.nxp.mcuxpresso.tools.win32_11.0.1.201907311258/tools/bin/../lib/gcc/arm-none-eabi/8.2.1/../../../../arm-none-eabi/lib/thumb/v7e-m+dp/hard\libcr_c.a(ftell.o)
[...]
Memory Configuration

Name             Origin             Length             Attributes
BOARD_FLASH      0x60000000         0x04000000         xr
SRAM_DTC         0x20000000         0x00020000         xrw
SRAM_ITC         0x00000000         0x00020000         xrw
SRAM_OC          0x20200000         0x00040000         xrw
BOARD_SDRAM      0x80000000         0x02000000         xrw
*default*        0x00000000         0xffffffff

Linker script and memory map

LOAD ./xip/evkbimxrt1050_flexspi_nor_config.o
LOAD ./xip/evkbimxrt1050_sdram_ini_dcd.o
LOAD ./xip/fsl_flexspi_nor_boot.o
LOAD ./utilities/fsl_assert.o
LOAD ./utilities/fsl_debug_console.o
LOAD ./utilities/fsl_str.o
LOAD ./startup/startup_mimxrt1052.o
LOAD ./source/freertos_lpspi.o
LOAD ./source/magnetometer_tasks.o
LOAD ./source/semihost_hardfault.o
LOAD ./drivers/freertos/fsl_lpspi_freertos.o
LOAD ./drivers/fsl_clock.o
LOAD ./drivers/fsl_common.o
LOAD ./drivers/fsl_gpio.o
LOAD ./drivers/fsl_lpspi.o
LOAD ./drivers/fsl_lpuart.o
LOAD ./device/system_MIMXRT1052.o
LOAD ./component/uart/lpuart_adapter.o
LOAD ./component/serial_manager/serial_manager.o
LOAD ./component/serial_manager/serial_port_uart.o
LOAD ./component/lists/generic_list.o
LOAD ./board/board.o
LOAD ./board/clock_config.o
LOAD ./board/peripherals.o
LOAD ./board/pin_mux.o
LOAD ./amazon-freertos/freertos/portable/heap_4.o
LOAD ./amazon-freertos/freertos/portable/port.o
LOAD ./amazon-freertos/freertos/event_groups.o
LOAD ./amazon-freertos/freertos/list.o
LOAD ./amazon-freertos/freertos/queue.o
LOAD ./amazon-freertos/freertos/stream_buffer.o
LOAD ./amazon-freertos/freertos/tasks.o
LOAD ./amazon-freertos/freertos/timers.o
START GROUP
LOAD c:/nxp/mcuxpressoide_11.0.1_2563/ide/plugins/com.nxp.mcuxpresso.tools.win32_11.0.1.201907311258/tools/bin/../lib/gcc/arm-none-eabi/8.2.1/../../../../arm-none-eabi/lib/thumb/v7e-m+dp/hard\libcr_nohost_nf.a
LOAD c:/nxp/mcuxpressoide_11.0.1_2563/ide/plugins/com.nxp.mcuxpresso.tools.win32_11.0.1.201907311258/tools/bin/../lib/gcc/arm-none-eabi/8.2.1/../../../../arm-none-eabi/lib/thumb/v7e-m+dp/hard\libcr_c.a
LOAD c:/nxp/mcuxpressoide_11.0.1_2563/ide/plugins/com.nxp.mcuxpresso.tools.win32_11.0.1.201907311258/tools/bin/../lib/gcc/arm-none-eabi/8.2.1/thumb/v7e-m+dp/hard\libcr_eabihelpers.a
LOAD c:/nxp/mcuxpressoide_11.0.1_2563/ide/plugins/com.nxp.mcuxpresso.tools.win32_11.0.1.201907311258/tools/bin/../lib/gcc/arm-none-eabi/8.2.1/thumb/v7e-m+dp/hard\libgcc.a
END GROUP
                0x60000000                __base_BOARD_FLASH = 0x60000000
                0x60000000                __base_Flash = 0x60000000
                0x64000000                __top_BOARD_FLASH = 0x64000000
                0x64000000                __top_Flash = 0x64000000
                0x20000000                __base_SRAM_DTC = 0x20000000
                0x20000000                __base_RAM = 0x20000000
                0x20020000                __top_SRAM_DTC = 0x20020000
                0x20020000                __top_RAM = 0x20020000
                0x00000000                __base_SRAM_ITC = 0x0
                0x00000000                __base_RAM2 = 0x0
                0x00020000                __top_SRAM_ITC = 0x20000
                0x00020000                __top_RAM2 = 0x20000
                0x20200000                __base_SRAM_OC = 0x20200000
                0x20200000                __base_RAM3 = 0x20200000
                0x20240000                __top_SRAM_OC = 0x20240000
                0x20240000                __top_RAM3 = 0x20240000
                0x80000000                __base_BOARD_SDRAM = 0x80000000
                0x80000000                __base_RAM4 = 0x80000000
                0x82000000                __top_BOARD_SDRAM = 0x82000000
                0x82000000                __top_RAM4 = 0x82000000

.boot_hdr       0x60000000     0x2000
 FILL mask 0xff
                0x60000000                __boot_hdr_start__ = ABSOLUTE (.)
 *(SORT_BY_ALIGNMENT(.boot_hdr.conf))
 .boot_hdr.conf
                0x60000000      0x200 ./xip/evkbimxrt1050_flexspi_nor_config.o
                0x60000000                hyperflash_config
                0x00001000                . = 0x1000
 *fill*         0x60000200      0xe00 ff
 *(SORT_BY_ALIGNMENT(.boot_hdr.ivt))
 .boot_hdr.ivt  0x60001000       0x20 ./xip/fsl_flexspi_nor_boot.o
                0x60001000                image_vector_table
                0x00001020                . = 0x1020
 *(SORT_BY_ALIGNMENT(.boot_hdr.boot_data))
 .boot_hdr.boot_data
                0x60001020       0x10 ./xip/fsl_flexspi_nor_boot.o
                0x60001020                boot_data
                0x00001030                . = 0x1030
 *(SORT_BY_ALIGNMENT(.boot_hdr.dcd_data))
                0x00001030                __boot_hdr_end__ = ABSOLUTE (.)
                0x00002000                . = 0x2000
 *fill*         0x60001030      0xfd0 ff

.text           0x60002000     0xb0d4
 FILL mask 0xff
                0x60002000                __vectors_start__ = ABSOLUTE (.)
 *(SORT_BY_ALIGNMENT(.isr_vector))
 .isr_vector    0x60002000      0x2a0 ./startup/startup_mimxrt1052.o
                0x60002000                g_pfnVectors
                0x60002000                __Vectors
                0x600022a0                . = ALIGN (0x4)
                0x600022a0                __section_table_start = .
                0x600022a0                __data_section_table = .
                0x600022a0        0x4 LONG 0x6000d0d4 LOADADDR (.data)
                0x600022a4        0x4 LONG 0x20000000 ADDR (.data)
                0x600022a8        0x4 LONG 0x8 SIZEOF (.data)
                0x600022ac        0x4 LONG 0x6000d0d4 LOADADDR (.data_RAM2)
                0x600022b0        0x4 LONG 0x0 ADDR (.data_RAM2)
                0x600022b4        0x4 LONG 0x0 SIZEOF (.data_RAM2)
                0x600022b8        0x4 LONG 0x6000d0d4 LOADADDR (.data_RAM3)
                0x600022bc        0x4 LONG 0x20200000 ADDR (.data_RAM3)
                0x600022c0        0x4 LONG 0x0 SIZEOF (.data_RAM3)
                0x600022c4        0x4 LONG 0x6000d0d4 LOADADDR (.data_RAM4)
                0x600022c8        0x4 LONG 0x80000000 ADDR (.data_RAM4)
                0x600022cc        0x4 LONG 0x0 SIZEOF (.data_RAM4)
                0x600022d0                __data_section_table_end = .
                0x600022d0                __bss_section_table = .
                0x600022d0        0x4 LONG 0x20000008 ADDR (.bss)
                0x600022d4        0x4 LONG 0x52e0 SIZEOF (.bss)
                0x600022d8        0x4 LONG 0x0 ADDR (.bss_RAM2)
                0x600022dc        0x4 LONG 0x0 SIZEOF (.bss_RAM2)
                0x600022e0        0x4 LONG 0x20200000 ADDR (.bss_RAM3)
                0x600022e4        0x4 LONG 0x0 SIZEOF (.bss_RAM3)
                0x600022e8        0x4 LONG 0x80000000 ADDR (.bss_RAM4)
                0x600022ec        0x4 LONG 0x0 SIZEOF (.bss_RAM4)
                0x600022f0                __bss_section_table_end = .
                0x600022f0                __section_table_end = .
 *(SORT_BY_ALIGNMENT(.after_vectors*))
 .after_vectors.reset
                0x600022f0       0x4c ./startup/startup_mimxrt1052.o
                0x600022f0                ResetISR
 .after_vectors.init_data
                0x6000233c       0x1e ./startup/startup_mimxrt1052.o
                0x6000233c                data_init
 .after_vectors.init_bss
                0x6000235a       0x12 ./startup/startup_mimxrt1052.o
                0x6000235a                bss_init
 .after_vectors
                0x6000236c        0xc ./startup/startup_mimxrt1052.o
                0x6000236c                NMI_Handler
                0x60002376                Reserved87_DriverIRQHandler
                0x60002376                KPP_DriverIRQHandler
                0x60002376                LCDIF_DriverIRQHandler
                0x60002376                SAI3_RX_DriverIRQHandler
                0x60002376                CCM_2_DriverIRQHandler
                0x60002376                PIT_DriverIRQHandler
                0x60002376                PMU_EVENT_DriverIRQHandler
                0x60002376                PWM4_FAULT_DriverIRQHandler
                0x60002376                DMA13_DMA29_DriverIRQHandler
                0x60002376                FLEXRAM_DriverIRQHandler
                0x60002376                SEMC_DriverIRQHandler
                0x60002376                SPDIF_DriverIRQHandler
                0x60002376                PWM4_3_DriverIRQHandler
                0x60002376                ACMP4_DriverIRQHandler
                0x60002376                USB_PHY1_DriverIRQHandler
                0x60002376                GPIO3_Combined_0_15_DriverIRQHandler
                0x60002376                DMA7_DMA23_DriverIRQHandler
                0x60002376                BEE_DriverIRQHandler
                0x60002376                LPI2C3_DriverIRQHandler
                0x60002376                GPR_IRQ_DriverIRQHandler
                0x60002376                PWM2_FAULT_DriverIRQHandler
                0x60002376                PWM3_1_DriverIRQHandler
                0x60002376                DMA14_DMA30_DriverIRQHandler
                0x60002376                TMR1_DriverIRQHandler
                0x60002376                TRNG_DriverIRQHandler
                0x60002376                PWM3_2_DriverIRQHandler
                0x60002376                ENET_1588_Timer_DriverIRQHandler
                0x60002376                FLEXIO2_DriverIRQHandler
                0x60002376                GPIO2_Combined_16_31_DriverIRQHandler
                0x60002376                Reserved143_DriverIRQHandler
                0x60002376                PWM4_1_DriverIRQHandler
                0x60002376                PWM3_3_DriverIRQHandler
                0x60002376                DMA0_DMA16_DriverIRQHandler
                0x60002376                IntDefaultHandler
                0x60002376                DMA2_DMA18_DriverIRQHandler
                0x60002376                SRC_DriverIRQHandler
                0x60002376                GPIO1_INT4_DriverIRQHandler
                0x60002376                Reserved144_DriverIRQHandler
                0x60002376                USDHC1_DriverIRQHandler
                0x60002376                ENC3_DriverIRQHandler
                0x60002376                PWM3_FAULT_DriverIRQHandler
                0x60002376                EWM_DriverIRQHandler
                0x60002376                TSC_DIG_DriverIRQHandler
                0x60002376                WDOG1_DriverIRQHandler
                0x60002376                FLEXIO1_DriverIRQHandler
                0x60002376                ENET_DriverIRQHandler
                0x60002376                Reserved78_DriverIRQHandler
                0x60002376                TMR4_DriverIRQHandler
                0x60002376                ENC2_DriverIRQHandler
                0x60002376                ADC_ETC_IRQ2_DriverIRQHandler
                0x60002376                GPIO1_Combined_16_31_DriverIRQHandler
                0x60002376                GPIO1_INT7_DriverIRQHandler
                0x60002376                SAI1_DriverIRQHandler
                0x60002376                DCDC_DriverIRQHandler
                0x60002376                DMA12_DMA28_DriverIRQHandler
                0x60002376                PWM4_0_DriverIRQHandler
                0x60002376                ADC_ETC_ERROR_IRQ_DriverIRQHandler
                0x60002376                ACMP2_DriverIRQHandler
                0x60002376                GPIO5_Combined_0_15_DriverIRQHandler
                0x60002376                GPIO1_INT0_DriverIRQHandler
                0x60002376                GPIO1_INT2_DriverIRQHandler
                0x60002376                RTWDOG_DriverIRQHandler
                0x60002376                FLEXSPI_DriverIRQHandler
                0x60002376                GPT2_DriverIRQHandler
                0x60002376                USB_PHY2_DriverIRQHandler
                0x60002376                DMA10_DMA26_DriverIRQHandler
                0x60002376                PWM2_1_DriverIRQHandler
                0x60002376                PWM1_1_DriverIRQHandler
                0x60002376                PXP_DriverIRQHandler
                0x60002376                ADC1_DriverIRQHandler
                0x60002376                PWM1_0_DriverIRQHandler
                0x60002376                SJC_DriverIRQHandler
                0x60002376                DMA1_DMA17_DriverIRQHandler
                0x60002376                ENC1_DriverIRQHandler
                0x60002376                ENC4_DriverIRQHandler
                0x60002376                CAN2_DriverIRQHandler
                0x60002376                DCP_DriverIRQHandler
                0x60002376                CTI0_ERROR_DriverIRQHandler
                0x60002376                DMA8_DMA24_DriverIRQHandler
                0x60002376                GPT1_DriverIRQHandler
                0x60002376                ACMP3_DriverIRQHandler
                0x60002376                DMA6_DMA22_DriverIRQHandler
                0x60002376                CSU_DriverIRQHandler
                0x60002376                GPIO1_INT5_DriverIRQHandler
                0x60002376                TMR3_DriverIRQHandler
                0x60002376                TMR2_DriverIRQHandler
                0x60002376                CTI1_ERROR_DriverIRQHandler
                0x60002376                GPIO1_Combined_0_15_DriverIRQHandler
                0x60002376                USDHC2_DriverIRQHandler
                0x60002376                PWM4_2_DriverIRQHandler
                0x60002376                SAI2_DriverIRQHandler
                0x60002376                CORE_DriverIRQHandler
                0x60002376                DMA11_DMA27_DriverIRQHandler
                0x60002376                CSI_DriverIRQHandler
                0x60002376                PWM2_3_DriverIRQHandler
                0x60002376                XBAR1_IRQ_2_3_DriverIRQHandler
                0x60002376                SNVS_HP_WRAPPER_TZ_DriverIRQHandler
                0x60002376                GPIO3_Combined_16_31_DriverIRQHandler
                0x60002376                PWM1_FAULT_DriverIRQHandler
                0x60002376                LPI2C1_DriverIRQHandler
                0x60002376                PWM2_2_DriverIRQHandler
                0x60002376                DMA4_DMA20_DriverIRQHandler
                0x60002376                DMA9_DMA25_DriverIRQHandler
                0x60002376                SNVS_HP_WRAPPER_DriverIRQHandler
                0x60002376                XBAR1_IRQ_0_1_DriverIRQHandler
                0x60002376                ADC_ETC_IRQ1_DriverIRQHandler
                0x60002376                DMA3_DMA19_DriverIRQHandler
                0x60002376                GPIO1_INT3_DriverIRQHandler
                0x60002376                DCP_VMI_DriverIRQHandler
                0x60002376                LPI2C4_DriverIRQHandler
                0x60002376                GPC_DriverIRQHandler
                0x60002376                Reserved123_DriverIRQHandler
                0x60002376                GPIO2_Combined_0_15_DriverIRQHandler
                0x60002376                PWM1_2_DriverIRQHandler
                0x60002376                USB_OTG1_DriverIRQHandler
                0x60002376                TEMP_LOW_HIGH_DriverIRQHandler
                0x60002376                SAI3_TX_DriverIRQHandler
                0x60002376                WDOG2_DriverIRQHandler
                0x60002376                Reserved68_DriverIRQHandler
                0x60002376                PWM3_0_DriverIRQHandler
                0x60002376                GPIO4_Combined_0_15_DriverIRQHandler
                0x60002376                GPIO4_Combined_16_31_DriverIRQHandler
                0x60002376                GPIO5_Combined_16_31_DriverIRQHandler
                0x60002376                DMA5_DMA21_DriverIRQHandler
                0x60002376                CCM_1_DriverIRQHandler
                0x60002376                ADC2_DriverIRQHandler
                0x60002376                Reserved115_DriverIRQHandler
                0x60002376                TEMP_PANIC_DriverIRQHandler
                0x60002376                DMA15_DMA31_DriverIRQHandler
                0x60002376                PWM1_3_DriverIRQHandler
                0x60002376                ACMP1_DriverIRQHandler
                0x60002376                LPI2C2_DriverIRQHandler
                0x60002376                Reserved86_DriverIRQHandler
                0x60002376                DMA_ERROR_DriverIRQHandler
                0x60002376                ADC_ETC_IRQ0_DriverIRQHandler
                0x60002376                CAN1_DriverIRQHandler
                0x60002376                GPIO1_INT6_DriverIRQHandler
                0x60002376                GPIO1_INT1_DriverIRQHandler
                0x60002376                PWM2_0_DriverIRQHandler
                0x60002376                SNVS_LP_WRAPPER_DriverIRQHandler
                0x60002376                USB_OTG2_DriverIRQHandler
 *(SORT_BY_ALIGNMENT(.text*))
 *fill*         0x60002378        0x8 ff
 .text.SVC_Handler
                0x60002380       0x28 ./amazon-freertos/freertos/portable/port.o
                0x60002380                SVC_Handler
 *fill*         0x600023a8        0x8 ff
 .text.PendSV_Handler
                0x600023b0       0x68 ./amazon-freertos/freertos/portable/port.o
                0x600023b0                PendSV_Handler
 .text.hmc5983_convert_hex_2_field
                0x60002418      0x188 ./source/magnetometer_tasks.o
                0x60002418                hmc5983_convert_hex_2_field
 .text.LPSPI_MasterSetDelayTimes
                0x600025a0      0x20c ./drivers/fsl_lpspi.o
                0x600025a0                LPSPI_MasterSetDelayTimes
 *fill*         0x600027ac        0x4 ff
 .text.pow      0x600027b0      0x360 c:/nxp/mcuxpressoide_11.0.1_2563/ide/plugins/com.nxp.mcuxpresso.tools.win32_11.0.1.201907311258/tools/bin/../lib/gcc/arm-none-eabi/8.2.1/../../../../arm-none-eabi/lib/thumb/v7e-m+dp/hard\libcr_c.a(pow.o)
                0x600027b0                pow
 .text.frexp    0x60002b10       0x68 c:/nxp/mcuxpressoide_11.0.1_2563/ide/plugins/com.nxp.mcuxpresso.tools.win32_11.0.1.201907311258/tools/bin/../lib/gcc/arm-none-eabi/8.2.1/../../../../arm-none-eabi/lib/thumb/v7e-m+dp/hard\libcr_c.a(frexp.o)
                0x60002b10                frexp
 .text.ldexp    0x60002b78       0x5c c:/nxp/mcuxpressoide_11.0.1_2563/ide/plugins/com.nxp.mcuxpresso.tools.win32_11.0.1.201907311258/tools/bin/../lib/gcc/arm-none-eabi/8.2.1/../../../../arm-none-eabi/lib/thumb/v7e-m+dp/hard\libcr_c.a(ldexp.o)
                0x60002b78                ldexp
 .text.DbgConsole_SendDataReliable
                0x60002bd4       0x58 ./utilities/fsl_debug_console.o
                0x60002bd4                DbgConsole_SendDataReliable
 .text.DbgConsole_Init
                0x60002c2c      0x104 ./utilities/fsl_debug_console.o
                0x60002c2c                DbgConsole_Init
 .text.DbgConsole_Printf
                0x60002d30       0x74 ./utilities/fsl_debug_console.o
                0x60002d30                DbgConsole_Printf
 .text.__NVIC_SetPriority
                0x60002da4       0x54 ./source/freertos_lpspi.o
 .text.main     0x60002df8       0xe0 ./source/freertos_lpspi.o
                0x60002df8                main
 .text.queue_receiver_task
                0x60002ed8       0xcc ./source/freertos_lpspi.o
                0x60002ed8                queue_receiver_task
 .text.magnetometer_task
                0x60002fa4      0x2bc ./source/magnetometer_tasks.o
                0x60002fa4                magnetometer_task
 .text.readConfigB
                0x60003260       0x80 ./source/magnetometer_tasks.o
                0x60003260                readConfigB
 .text.readMode
                0x600032e0       0x80 ./source/magnetometer_tasks.o
                0x600032e0                readMode
 .text.writeMode
                0x60003360       0x54 ./source/magnetometer_tasks.o
                0x60003360                writeMode
 .text.LPSPI_RTOS_Callback
                0x600033b4       0x4c ./drivers/freertos/fsl_lpspi_freertos.o
 .text.LPSPI_RTOS_Init
                0x60003400       0x9c ./drivers/freertos/fsl_lpspi_freertos.o
                0x60003400                LPSPI_RTOS_Init
 .text.CLOCK_GetOscFreq
                0x6000349c       0x30 ./drivers/fsl_clock.o
 .text.CLOCK_InitExternalClk
                0x600034cc       0x6c ./drivers/fsl_clock.o
                0x600034cc                CLOCK_InitExternalClk
 .text.CLOCK_SwitchOsc
                0x60003538       0x34 ./drivers/fsl_clock.o
                0x60003538                CLOCK_SwitchOsc
 .text.CLOCK_InitRcOsc24M
                0x6000356c       0x24 ./drivers/fsl_clock.o
                0x6000356c                CLOCK_InitRcOsc24M
 .text.CLOCK_InitArmPll
                0x60003590       0x68 ./drivers/fsl_clock.o
                0x60003590                CLOCK_InitArmPll
 .text.CLOCK_InitSysPll
                0x600035f8       0x9c ./drivers/fsl_clock.o
                0x600035f8                CLOCK_InitSysPll
 .text.CLOCK_DeinitUsb2Pll
                0x60003694       0x18 ./drivers/fsl_clock.o
                0x60003694                CLOCK_DeinitUsb2Pll
 .text.CLOCK_DeinitAudioPll
                0x600036ac       0x1c ./drivers/fsl_clock.o
                0x600036ac                CLOCK_DeinitAudioPll
 .text.CLOCK_DeinitVideoPll
                0x600036c8       0x1c ./drivers/fsl_clock.o
                0x600036c8                CLOCK_DeinitVideoPll
 .text.CLOCK_DeinitEnetPll
                0x600036e4       0x1c ./drivers/fsl_clock.o
                0x600036e4                CLOCK_DeinitEnetPll
 .text.CLOCK_GetPllFreq
                0x60003700      0x300 ./drivers/fsl_clock.o
                0x60003700                CLOCK_GetPllFreq
 .text.CLOCK_InitSysPfd
                0x60003a00       0x64 ./drivers/fsl_clock.o
                0x60003a00                CLOCK_InitSysPfd
 .text.__NVIC_EnableIRQ
                0x60003a64       0x3c ./drivers/fsl_lpspi.o
 .text.CLOCK_ControlGate
                0x60003aa0       0x64 ./drivers/fsl_lpspi.o
 .text.LPSPI_GetInstance
                0x60003b04       0x50 ./drivers/fsl_lpspi.o
                0x60003b04                LPSPI_GetInstance
 .text.LPSPI_SetDummyData
                0x60003b54       0x2c ./drivers/fsl_lpspi.o
                0x60003b54                LPSPI_SetDummyData
 .text.LPSPI_MasterInit
                0x60003b80      0x11c ./drivers/fsl_lpspi.o
                0x60003b80                LPSPI_MasterInit
 .text.LPSPI_Deinit
                0x60003c9c       0x30 ./drivers/fsl_lpspi.o
                0x60003c9c                LPSPI_Deinit
 .text.LPSPI_MasterSetBaudRate
                0x60003ccc       0xf0 ./drivers/fsl_lpspi.o
                0x60003ccc                LPSPI_MasterSetBaudRate
 .text.LPSPI_MasterSetDelayScaler
                0x60003dbc       0x70 ./drivers/fsl_lpspi.o
                0x60003dbc                LPSPI_MasterSetDelayScaler
 .text.LPSPI_MasterTransferCreateHandle
                0x60003e2c       0x60 ./drivers/fsl_lpspi.o
                0x60003e2c                LPSPI_MasterTransferCreateHandle
 .text.LPSPI_CheckTransferArgument
                0x60003e8c       0x98 ./drivers/fsl_lpspi.o
                0x60003e8c                LPSPI_CheckTransferArgument
 .text.LPSPI_MasterTransferNonBlocking
                0x60003f24      0x2e0 ./drivers/fsl_lpspi.o
                0x60003f24                LPSPI_MasterTransferNonBlocking
 .text.LPSPI_MasterTransferFillUpTxFifo
                0x60004204      0x110 ./drivers/fsl_lpspi.o
 .text.LPSPI_MasterTransferComplete
                0x60004314       0x4c ./drivers/fsl_lpspi.o
 .text.LPSPI_MasterTransferHandleIRQ
                0x60004360      0x1a0 ./drivers/fsl_lpspi.o
                0x60004360                LPSPI_MasterTransferHandleIRQ
 .text.LPSPI_CombineWriteData
                0x60004500      0x1bc ./drivers/fsl_lpspi.o
 .text.LPSPI_SeparateReadData
                0x600046bc      0x1a8 ./drivers/fsl_lpspi.o
 .text.LPSPI_CommonIRQHandler
                0x60004864       0x3c ./drivers/fsl_lpspi.o
 .text.LPSPI1_DriverIRQHandler
                0x600048a0       0x30 ./drivers/fsl_lpspi.o
                0x600048a0                LPSPI1_DriverIRQHandler
 .text.LPSPI2_DriverIRQHandler
                0x600048d0       0x30 ./drivers/fsl_lpspi.o
                0x600048d0                LPSPI2_DriverIRQHandler
 .text.LPSPI3_DriverIRQHandler
                0x60004900       0x30 ./drivers/fsl_lpspi.o
                0x60004900                LPSPI3_DriverIRQHandler
 .text.LPSPI4_DriverIRQHandler
                0x60004930       0x30 ./drivers/fsl_lpspi.o
                0x60004930                LPSPI4_DriverIRQHandler
 .text.CLOCK_ControlGate
                0x60004960       0x64 ./drivers/fsl_lpuart.o
 .text.LPUART_GetInstance
                0x600049c4       0x4c ./drivers/fsl_lpuart.o
                0x600049c4                LPUART_GetInstance
 .text.LPUART_Init
                0x60004a10      0x300 ./drivers/fsl_lpuart.o
                0x60004a10                LPUART_Init
 .text.LPUART_GetDefaultConfig
                0x60004d10       0x88 ./drivers/fsl_lpuart.o
                0x60004d10                LPUART_GetDefaultConfig
 .text.LPUART_WriteBlocking
                0x60004d98       0x58 ./drivers/fsl_lpuart.o
                0x60004d98                LPUART_WriteBlocking
 .text.LPUART1_DriverIRQHandler
                0x60004df0       0x24 ./drivers/fsl_lpuart.o
                0x60004df0                LPUART1_DriverIRQHandler
 .text.LPUART2_DriverIRQHandler
                0x60004e14       0x24 ./drivers/fsl_lpuart.o
                0x60004e14                LPUART2_DriverIRQHandler
 .text.LPUART3_DriverIRQHandler
                0x60004e38       0x24 ./drivers/fsl_lpuart.o
                0x60004e38                LPUART3_DriverIRQHandler
 .text.LPUART4_DriverIRQHandler
                0x60004e5c       0x24 ./drivers/fsl_lpuart.o
                0x60004e5c                LPUART4_DriverIRQHandler
 .text.LPUART5_DriverIRQHandler
                0x60004e80       0x24 ./drivers/fsl_lpuart.o
                0x60004e80                LPUART5_DriverIRQHandler
 .text.LPUART6_DriverIRQHandler
                0x60004ea4       0x24 ./drivers/fsl_lpuart.o
                0x60004ea4                LPUART6_DriverIRQHandler
 .text.LPUART7_DriverIRQHandler
                0x60004ec8       0x24 ./drivers/fsl_lpuart.o
                0x60004ec8                LPUART7_DriverIRQHandler
 .text.LPUART8_DriverIRQHandler
                0x60004eec       0x24 ./drivers/fsl_lpuart.o
                0x60004eec                LPUART8_DriverIRQHandler
 .text.SCB_EnableICache
                0x60004f10       0x40 ./device/system_MIMXRT1052.o
 .text.SCB_EnableDCache
                0x60004f50       0x80 ./device/system_MIMXRT1052.o
 .text.SystemInit
                0x60004fd0       0xf4 ./device/system_MIMXRT1052.o
                0x60004fd0                SystemInit
 .text.HAL_UartInit
                0x600050c4      0x100 ./component/uart/lpuart_adapter.o
                0x600050c4                HAL_UartInit
 .text.HAL_UartSendBlocking
                0x600051c4       0x64 ./component/uart/lpuart_adapter.o
                0x600051c4                HAL_UartSendBlocking
 .text.SerialManager_Write
                0x60005228       0x6c ./component/serial_manager/serial_manager.o
 .text.SerialManager_Init
                0x60005294       0x74 ./component/serial_manager/serial_manager.o
                0x60005294                SerialManager_Init
 .text.SerialManager_OpenWriteHandle
                0x60005308       0x58 ./component/serial_manager/serial_manager.o
                0x60005308                SerialManager_OpenWriteHandle
 .text.SerialManager_OpenReadHandle
                0x60005360       0x60 ./component/serial_manager/serial_manager.o
                0x60005360                SerialManager_OpenReadHandle
 .text.Serial_UartInit
                0x600053c0       0x80 ./component/serial_manager/serial_port_uart.o
                0x600053c0                Serial_UartInit
 .text.Serial_UartWrite
                0x60005440       0x58 ./component/serial_manager/serial_port_uart.o
                0x60005440                Serial_UartWrite
 .text.ARM_MPU_Enable
                0x60005498       0x3c ./board/board.o
 .text.ARM_MPU_Disable
                0x600054d4       0x38 ./board/board.o
 .text.SCB_EnableICache
                0x6000550c       0x40 ./board/board.o
 .text.SCB_DisableICache
                0x6000554c       0x38 ./board/board.o
 .text.SCB_EnableDCache
                0x60005584       0x80 ./board/board.o
 .text.SCB_DisableDCache
                0x60005604       0x68 ./board/board.o
 .text.CLOCK_GetMux
                0x6000566c       0x44 ./board/board.o
 .text.CLOCK_GetDiv
                0x600056b0       0x44 ./board/board.o
 .text.CLOCK_GetOscFreq
                0x600056f4       0x30 ./board/board.o
 .text.BOARD_DebugConsoleSrcFreq
                0x60005724       0x64 ./board/board.o
                0x60005724                BOARD_DebugConsoleSrcFreq
 .text.BOARD_ConfigMPU
                0x60005788       0xec ./board/board.o
                0x60005788                BOARD_ConfigMPU
 .text.CLOCK_SetMux
                0x60005874       0x9c ./board/clock_config.o
 .text.CLOCK_SetDiv
                0x60005910       0x9c ./board/clock_config.o
 .text.CLOCK_ControlGate
                0x600059ac       0x64 ./board/clock_config.o
 .text.CLOCK_SetXtalFreq
                0x60005a10       0x20 ./board/clock_config.o
 .text.CLOCK_SetRtcXtalFreq
                0x60005a30       0x20 ./board/clock_config.o
 .text.IOMUXC_EnableMode
                0x60005a50       0x48 ./board/clock_config.o
 .text.IOMUXC_MQSConfig
                0x60005a98       0x44 ./board/clock_config.o
 .text.BOARD_BootClockRUN
                0x60005adc      0x62c ./board/clock_config.o
                0x60005adc                BOARD_BootClockRUN
 .text.LPSPI_3_init
                0x60006108       0x20 ./board/peripherals.o
                0x60006108                LPSPI_3_init
 .text.CLOCK_ControlGate
                0x60006128       0x64 ./board/pin_mux.o
 .text.BOARD_InitPins
                0x6000618c      0x228 ./board/pin_mux.o
                0x6000618c                BOARD_InitPins
 .text.pvPortMalloc
                0x600063b4      0x184 ./amazon-freertos/freertos/portable/heap_4.o
                0x600063b4                pvPortMalloc
 .text.vPortFree
                0x60006538       0xb0 ./amazon-freertos/freertos/portable/heap_4.o
                0x60006538                vPortFree
 .text.prvHeapInit
                0x600065e8       0xc4 ./amazon-freertos/freertos/portable/heap_4.o
 .text.prvInsertBlockIntoFreeList
                0x600066ac       0xb4 ./amazon-freertos/freertos/portable/heap_4.o
 .text.pxPortInitialiseStack
                0x60006760       0x68 ./amazon-freertos/freertos/portable/port.o
                0x60006760                pxPortInitialiseStack
 .text.prvTaskExitError
                0x600067c8       0x54 ./amazon-freertos/freertos/portable/port.o
 .text.prvPortStartFirstTask
                0x6000681c       0x28 ./amazon-freertos/freertos/portable/port.o
 .text.xPortStartScheduler
                0x60006844      0x13c ./amazon-freertos/freertos/portable/port.o
                0x60006844                xPortStartScheduler
 .text.vPortEnterCritical
                0x60006980       0x5c ./amazon-freertos/freertos/portable/port.o
                0x60006980                vPortEnterCritical
 .text.vPortExitCritical
                0x600069dc       0x50 ./amazon-freertos/freertos/portable/port.o
                0x600069dc                vPortExitCritical
 .text.SysTick_Handler
                0x60006a2c       0x40 ./amazon-freertos/freertos/portable/port.o
                0x60006a2c                SysTick_Handler
 .text.vPortSetupTimerInterrupt
                0x60006a6c       0x48 ./amazon-freertos/freertos/portable/port.o
                0x60006a6c                vPortSetupTimerInterrupt
 .text.vPortEnableVFP
                0x60006ab4       0x14 ./amazon-freertos/freertos/portable/port.o
 .text.vPortValidateInterruptPriority
                0x60006ac8       0x7c ./amazon-freertos/freertos/portable/port.o
                0x60006ac8                vPortValidateInterruptPriority
 .text.xQueueGenericReset
                0x60006b44       0xd0 ./amazon-freertos/freertos/queue.o
                0x60006b44                xQueueGenericReset
 .text.xQueueGenericSend
                0x60006c14      0x1f4 ./amazon-freertos/freertos/queue.o
                0x60006c14                xQueueGenericSend
 .text.xQueueReceive
                0x60006e08      0x1b8 ./amazon-freertos/freertos/queue.o
                0x60006e08                xQueueReceive
 .text.xQueueSemaphoreTake
                0x60006fc0      0x214 ./amazon-freertos/freertos/queue.o
                0x60006fc0                xQueueSemaphoreTake
 .text.vQueueAddToRegistry
                0x600071d4       0x50 ./amazon-freertos/freertos/queue.o
                0x600071d4                vQueueAddToRegistry
 .text.vQueueUnregisterQueue
                0x60007224       0x54 ./amazon-freertos/freertos/queue.o
                0x60007224                vQueueUnregisterQueue
 .text.prvAddNewTaskToReadyList
                0x60007278       0xdc ./amazon-freertos/freertos/tasks.o
 .text.vTaskDelay
                0x60007354       0x68 ./amazon-freertos/freertos/tasks.o
                0x60007354                vTaskDelay
 .text.vTaskSuspend
                0x600073bc      0x124 ./amazon-freertos/freertos/tasks.o
                0x600073bc                vTaskSuspend
 .text.prvTaskIsTaskSuspended
                0x600074e0       0x60 ./amazon-freertos/freertos/tasks.o
 .text.vTaskResume
                0x60007540       0xb8 ./amazon-freertos/freertos/tasks.o
                0x60007540                vTaskResume
 .text.vTaskStartScheduler
                0x600075f8       0x98 ./amazon-freertos/freertos/tasks.o
                0x600075f8                vTaskStartScheduler
 .text.vTaskSuspendAll
                0x60007690       0x1c ./amazon-freertos/freertos/tasks.o
                0x60007690                vTaskSuspendAll
 .text.xTaskResumeAll
                0x600076ac      0x138 ./amazon-freertos/freertos/tasks.o
                0x600076ac                xTaskResumeAll
 .text.xTaskGetTickCount
                0x600077e4       0x20 ./amazon-freertos/freertos/tasks.o
                0x600077e4                xTaskGetTickCount
 .text.xTaskIncrementTick
                0x60007804      0x150 ./amazon-freertos/freertos/tasks.o
                0x60007804                xTaskIncrementTick
 .text.vTaskSwitchContext
                0x60007954       0xb4 ./amazon-freertos/freertos/tasks.o
                0x60007954                vTaskSwitchContext
 .text.vTaskPlaceOnEventList
                0x60007a08       0x48 ./amazon-freertos/freertos/tasks.o
                0x60007a08                vTaskPlaceOnEventList
 .text.vTaskPlaceOnEventListRestricted
                0x60007a50       0x54 ./amazon-freertos/freertos/tasks.o
                0x60007a50                vTaskPlaceOnEventListRestricted
 .text.xTaskRemoveFromEventList
                0x60007aa4       0xc4 ./amazon-freertos/freertos/tasks.o
                0x60007aa4                xTaskRemoveFromEventList
 .text.vTaskInternalSetTimeOutState
                0x60007b68       0x2c ./amazon-freertos/freertos/tasks.o
                0x60007b68                vTaskInternalSetTimeOutState
 .text.xTaskCheckForTimeOut
                0x60007b94       0xc0 ./amazon-freertos/freertos/tasks.o
                0x60007b94                xTaskCheckForTimeOut
 .text.vTaskMissedYield
                0x60007c54       0x18 ./amazon-freertos/freertos/tasks.o
                0x60007c54                vTaskMissedYield
 .text.prvIdleTask
                0x60007c6c       0x30 ./amazon-freertos/freertos/tasks.o
 .text.prvInitialiseTaskLists
                0x60007c9c       0x80 ./amazon-freertos/freertos/tasks.o
 .text.prvCheckTasksWaitingTermination
                0x60007d1c       0x58 ./amazon-freertos/freertos/tasks.o
 .text.prvResetNextTaskUnblockTime
                0x60007d74       0x40 ./amazon-freertos/freertos/tasks.o
 .text.xTaskGetSchedulerState
                0x60007db4       0x3c ./amazon-freertos/freertos/tasks.o
                0x60007db4                xTaskGetSchedulerState
 .text.xTaskPriorityInherit
                0x60007df0      0x100 ./amazon-freertos/freertos/tasks.o
                0x60007df0                xTaskPriorityInherit
 .text.xTaskPriorityDisinherit
                0x60007ef0      0x108 ./amazon-freertos/freertos/tasks.o
                0x60007ef0                xTaskPriorityDisinherit
 .text.vTaskPriorityDisinheritAfterTimeout
                0x60007ff8      0x130 ./amazon-freertos/freertos/tasks.o
                0x60007ff8                vTaskPriorityDisinheritAfterTimeout
 .text.pvTaskIncrementMutexHeldCount
                0x60008128       0x28 ./amazon-freertos/freertos/tasks.o
                0x60008128                pvTaskIncrementMutexHeldCount
 .text.prvAddCurrentTaskToDelayedList
                0x60008150       0xcc ./amazon-freertos/freertos/tasks.o
 .text.xTimerCreateTimerTask
                0x6000821c       0x60 ./amazon-freertos/freertos/timers.o
                0x6000821c                xTimerCreateTimerTask
 .text.xTimerGenericCommand
                0x6000827c       0x98 ./amazon-freertos/freertos/timers.o
                0x6000827c                xTimerGenericCommand
 .text.prvProcessExpiredTimer
                0x60008314       0x98 ./amazon-freertos/freertos/timers.o
 .text.prvProcessTimerOrBlockTask
                0x600083ac       0x9c ./amazon-freertos/freertos/timers.o
 .text.prvGetNextExpireTime
                0x60008448       0x48 ./amazon-freertos/freertos/timers.o
 .text.prvSampleTimeNow
                0x60008490       0x40 ./amazon-freertos/freertos/timers.o
 .text.prvInsertTimerInActiveList
                0x600084d0       0x84 ./amazon-freertos/freertos/timers.o
 .text.prvProcessReceivedCommands
                0x60008554      0x1b8 ./amazon-freertos/freertos/timers.o
 .text.prvSwitchTimerLists
                0x6000870c       0xc8 ./amazon-freertos/freertos/timers.o
 .text.prvCheckForValidListAndQueue
                0x600087d4       0x6c ./amazon-freertos/freertos/timers.o
 .text.__assertion_failed
                0x60008840       0x4c c:/nxp/mcuxpressoide_11.0.1_2563/ide/plugins/com.nxp.mcuxpresso.tools.win32_11.0.1.201907311258/tools/bin/../lib/gcc/arm-none-eabi/8.2.1/../../../../arm-none-eabi/lib/thumb/v7e-m+dp/hard\libcr_nohost_nf.a(_cr_assert.o)
                0x60008840                __assertion_failed
 .text._Cwritebuf
                0x6000888c       0x6c c:/nxp/mcuxpressoide_11.0.1_2563/ide/plugins/com.nxp.mcuxpresso.tools.win32_11.0.1.201907311258/tools/bin/../lib/gcc/arm-none-eabi/8.2.1/../../../../arm-none-eabi/lib/thumb/v7e-m+dp/hard\libcr_c.a(_writebuf.o)
                0x6000888c                _Cwritebuf
 .text.malloc   0x600088f8       0xc8 c:/nxp/mcuxpressoide_11.0.1_2563/ide/plugins/com.nxp.mcuxpresso.tools.win32_11.0.1.201907311258/tools/bin/../lib/gcc/arm-none-eabi/8.2.1/../../../../arm-none-eabi/lib/thumb/v7e-m+dp/hard\libcr_c.a(alloc.o)
                0x600088f8                malloc
 .text._Csys_alloc
                0x600089c0       0x20 c:/nxp/mcuxpressoide_11.0.1_2563/ide/plugins/com.nxp.mcuxpresso.tools.win32_11.0.1.201907311258/tools/bin/../lib/gcc/arm-none-eabi/8.2.1/../../../../arm-none-eabi/lib/thumb/v7e-m+dp/hard\libcr_c.a(alloc.o)
                0x600089c0                _Csys_alloc
 .text.fseek    0x600089e0      0x100 c:/nxp/mcuxpressoide_11.0.1_2563/ide/plugins/com.nxp.mcuxpresso.tools.win32_11.0.1.201907311258/tools/bin/../lib/gcc/arm-none-eabi/8.2.1/../../../../arm-none-eabi/lib/thumb/v7e-m+dp/hard\libcr_c.a(fseek.o)
                0x600089e0                fseek
 .text.ftell    0x60008ae0       0x48 c:/nxp/mcuxpressoide_11.0.1_2563/ide/plugins/com.nxp.mcuxpresso.tools.win32_11.0.1.201907311258/tools/bin/../lib/gcc/arm-none-eabi/8.2.1/../../../../arm-none-eabi/lib/thumb/v7e-m+dp/hard\libcr_c.a(ftell.o)
                0x60008ae0                ftell
 .text._initio  0x60008b28       0x78 c:/nxp/mcuxpressoide_11.0.1_2563/ide/plugins/com.nxp.mcuxpresso.tools.win32_11.0.1.201907311258/tools/bin/../lib/gcc/arm-none-eabi/8.2.1/../../../../arm-none-eabi/lib/thumb/v7e-m+dp/hard\libcr_c.a(initio.o)
                0x60008b28                _initio
 .text.modf     0x60008ba0       0x90 c:/nxp/mcuxpressoide_11.0.1_2563/ide/plugins/com.nxp.mcuxpresso.tools.win32_11.0.1.201907311258/tools/bin/../lib/gcc/arm-none-eabi/8.2.1/../../../../arm-none-eabi/lib/thumb/v7e-m+dp/hard\libcr_c.a(modf.o)
                0x60008ba0                modf
 .text.setvbuf  0x60008c30       0x40 c:/nxp/mcuxpressoide_11.0.1_2563/ide/plugins/com.nxp.mcuxpresso.tools.win32_11.0.1.201907311258/tools/bin/../lib/gcc/arm-none-eabi/8.2.1/../../../../arm-none-eabi/lib/thumb/v7e-m+dp/hard\libcr_c.a(setvbuf.o)
                0x60008c30                setvbuf
 .text._sbrk    0x60008c70       0x3c c:/nxp/mcuxpressoide_11.0.1_2563/ide/plugins/com.nxp.mcuxpresso.tools.win32_11.0.1.201907311258/tools/bin/../lib/gcc/arm-none-eabi/8.2.1/../../../../arm-none-eabi/lib/thumb/v7e-m+dp/hard\libcr_c.a(_cr_sbrk.o)
                0x60008c70                _sbrk
 .text.fflush   0x60008cac       0x44 c:/nxp/mcuxpressoide_11.0.1_2563/ide/plugins/com.nxp.mcuxpresso.tools.win32_11.0.1.201907311258/tools/bin/../lib/gcc/arm-none-eabi/8.2.1/../../../../arm-none-eabi/lib/thumb/v7e-m+dp/hard\libcr_c.a(fflush.o)
                0x60008cac                fflush
 .text.__check_heap_overflow
                0x60008cf0       0x18 c:/nxp/mcuxpressoide_11.0.1_2563/ide/plugins/com.nxp.mcuxpresso.tools.win32_11.0.1.201907311258/tools/bin/../lib/gcc/arm-none-eabi/8.2.1/../../../../arm-none-eabi/lib/thumb/v7e-m+dp/hard\libcr_c.a(_cr_check_heap.o)
                0x60008cf0                __check_heap_overflow
 .text.DbgConsole_PrintCallback
                0x60008d08       0x64 ./utilities/fsl_debug_console.o
 .text.ConvertRadixNumToString
                0x60008d6c      0x114 ./utilities/fsl_str.o
 .text.ConvertFloatRadixNumToString
                0x60008e80      0x25e ./utilities/fsl_str.o
 .text.StrFormatPrintf
                0x600090de      0x34a ./utilities/fsl_str.o
                0x600090de                StrFormatPrintf
 .text.DMA0_DMA16_IRQHandler
                0x60009428        0x8 ./startup/startup_mimxrt1052.o
                0x60009428                DMA0_DMA16_IRQHandler
 .text.DMA1_DMA17_IRQHandler
                0x60009430        0x8 ./startup/startup_mimxrt1052.o
                0x60009430                DMA1_DMA17_IRQHandler
 .text.DMA2_DMA18_IRQHandler
                0x60009438        0x8 ./startup/startup_mimxrt1052.o
                0x60009438                DMA2_DMA18_IRQHandler
 .text.DMA3_DMA19_IRQHandler
                0x60009440        0x8 ./startup/startup_mimxrt1052.o
                0x60009440                DMA3_DMA19_IRQHandler
 .text.DMA4_DMA20_IRQHandler
                0x60009448        0x8 ./startup/startup_mimxrt1052.o
                0x60009448                DMA4_DMA20_IRQHandler
 .text.DMA5_DMA21_IRQHandler
                0x60009450        0x8 ./startup/startup_mimxrt1052.o
                0x60009450                DMA5_DMA21_IRQHandler
 .text.DMA6_DMA22_IRQHandler
                0x60009458        0x8 ./startup/startup_mimxrt1052.o
                0x60009458                DMA6_DMA22_IRQHandler
 .text.DMA7_DMA23_IRQHandler
                0x60009460        0x8 ./startup/startup_mimxrt1052.o
                0x60009460                DMA7_DMA23_IRQHandler
 .text.DMA8_DMA24_IRQHandler
                0x60009468        0x8 ./startup/startup_mimxrt1052.o
                0x60009468                DMA8_DMA24_IRQHandler
 .text.DMA9_DMA25_IRQHandler
                0x60009470        0x8 ./startup/startup_mimxrt1052.o
                0x60009470                DMA9_DMA25_IRQHandler
 .text.DMA10_DMA26_IRQHandler
                0x60009478        0x8 ./startup/startup_mimxrt1052.o
                0x60009478                DMA10_DMA26_IRQHandler
 .text.DMA11_DMA27_IRQHandler
                0x60009480        0x8 ./startup/startup_mimxrt1052.o
                0x60009480                DMA11_DMA27_IRQHandler
 .text.DMA12_DMA28_IRQHandler
                0x60009488        0x8 ./startup/startup_mimxrt1052.o
                0x60009488                DMA12_DMA28_IRQHandler
 .text.DMA13_DMA29_IRQHandler
                0x60009490        0x8 ./startup/startup_mimxrt1052.o
                0x60009490                DMA13_DMA29_IRQHandler
 .text.DMA14_DMA30_IRQHandler
                0x60009498        0x8 ./startup/startup_mimxrt1052.o
                0x60009498                DMA14_DMA30_IRQHandler
 .text.DMA15_DMA31_IRQHandler
                0x600094a0        0x8 ./startup/startup_mimxrt1052.o
                0x600094a0                DMA15_DMA31_IRQHandler
 .text.DMA_ERROR_IRQHandler
                0x600094a8        0x8 ./startup/startup_mimxrt1052.o
                0x600094a8                DMA_ERROR_IRQHandler
 .text.CTI0_ERROR_IRQHandler
                0x600094b0        0x8 ./startup/startup_mimxrt1052.o
                0x600094b0                CTI0_ERROR_IRQHandler
 .text.CTI1_ERROR_IRQHandler
                0x600094b8        0x8 ./startup/startup_mimxrt1052.o
                0x600094b8                CTI1_ERROR_IRQHandler
 .text.CORE_IRQHandler
                0x600094c0        0x8 ./startup/startup_mimxrt1052.o
                0x600094c0                CORE_IRQHandler
 .text.LPUART1_IRQHandler
                0x600094c8        0x8 ./startup/startup_mimxrt1052.o
                0x600094c8                LPUART1_IRQHandler
 .text.LPUART2_IRQHandler
                0x600094d0        0x8 ./startup/startup_mimxrt1052.o
                0x600094d0                LPUART2_IRQHandler
 .text.LPUART3_IRQHandler
                0x600094d8        0x8 ./startup/startup_mimxrt1052.o
                0x600094d8                LPUART3_IRQHandler
 .text.LPUART4_IRQHandler
                0x600094e0        0x8 ./startup/startup_mimxrt1052.o
                0x600094e0                LPUART4_IRQHandler
 .text.LPUART5_IRQHandler
                0x600094e8        0x8 ./startup/startup_mimxrt1052.o
                0x600094e8                LPUART5_IRQHandler
 .text.LPUART6_IRQHandler
                0x600094f0        0x8 ./startup/startup_mimxrt1052.o
                0x600094f0                LPUART6_IRQHandler
 .text.LPUART7_IRQHandler
                0x600094f8        0x8 ./startup/startup_mimxrt1052.o
                0x600094f8                LPUART7_IRQHandler
 .text.LPUART8_IRQHandler
                0x60009500        0x8 ./startup/startup_mimxrt1052.o
                0x60009500                LPUART8_IRQHandler
 .text.LPI2C1_IRQHandler
                0x60009508        0x8 ./startup/startup_mimxrt1052.o
                0x60009508                LPI2C1_IRQHandler
 .text.LPI2C2_IRQHandler
                0x60009510        0x8 ./startup/startup_mimxrt1052.o
                0x60009510                LPI2C2_IRQHandler
 .text.LPI2C3_IRQHandler
                0x60009518        0x8 ./startup/startup_mimxrt1052.o
                0x60009518                LPI2C3_IRQHandler
 .text.LPI2C4_IRQHandler
                0x60009520        0x8 ./startup/startup_mimxrt1052.o
                0x60009520                LPI2C4_IRQHandler
 .text.LPSPI1_IRQHandler
                0x60009528        0x8 ./startup/startup_mimxrt1052.o
                0x60009528                LPSPI1_IRQHandler
 .text.LPSPI2_IRQHandler
                0x60009530        0x8 ./startup/startup_mimxrt1052.o
                0x60009530                LPSPI2_IRQHandler
 .text.LPSPI3_IRQHandler
                0x60009538        0x8 ./startup/startup_mimxrt1052.o
                0x60009538                LPSPI3_IRQHandler
 .text.LPSPI4_IRQHandler
                0x60009540        0x8 ./startup/startup_mimxrt1052.o
                0x60009540                LPSPI4_IRQHandler
 .text.CAN1_IRQHandler
                0x60009548        0x8 ./startup/startup_mimxrt1052.o
                0x60009548                CAN1_IRQHandler
 .text.CAN2_IRQHandler
                0x60009550        0x8 ./startup/startup_mimxrt1052.o
                0x60009550                CAN2_IRQHandler
 .text.FLEXRAM_IRQHandler
                0x60009558        0x8 ./startup/startup_mimxrt1052.o
                0x60009558                FLEXRAM_IRQHandler
 .text.KPP_IRQHandler
                0x60009560        0x8 ./startup/startup_mimxrt1052.o
                0x60009560                KPP_IRQHandler
 .text.TSC_DIG_IRQHandler
                0x60009568        0x8 ./startup/startup_mimxrt1052.o
                0x60009568                TSC_DIG_IRQHandler
 .text.GPR_IRQ_IRQHandler
                0x60009570        0x8 ./startup/startup_mimxrt1052.o
                0x60009570                GPR_IRQ_IRQHandler
 .text.LCDIF_IRQHandler
                0x60009578        0x8 ./startup/startup_mimxrt1052.o
                0x60009578                LCDIF_IRQHandler
 .text.CSI_IRQHandler
                0x60009580        0x8 ./startup/startup_mimxrt1052.o
                0x60009580                CSI_IRQHandler
 .text.PXP_IRQHandler
                0x60009588        0x8 ./startup/startup_mimxrt1052.o
                0x60009588                PXP_IRQHandler
 .text.WDOG2_IRQHandler
                0x60009590        0x8 ./startup/startup_mimxrt1052.o
                0x60009590                WDOG2_IRQHandler
 .text.SNVS_HP_WRAPPER_IRQHandler
                0x60009598        0x8 ./startup/startup_mimxrt1052.o
                0x60009598                SNVS_HP_WRAPPER_IRQHandler
 .text.SNVS_HP_WRAPPER_TZ_IRQHandler
                0x600095a0        0x8 ./startup/startup_mimxrt1052.o
                0x600095a0                SNVS_HP_WRAPPER_TZ_IRQHandler
 .text.SNVS_LP_WRAPPER_IRQHandler
                0x600095a8        0x8 ./startup/startup_mimxrt1052.o
                0x600095a8                SNVS_LP_WRAPPER_IRQHandler
 .text.CSU_IRQHandler
                0x600095b0        0x8 ./startup/startup_mimxrt1052.o
                0x600095b0                CSU_IRQHandler
 .text.DCP_IRQHandler
                0x600095b8        0x8 ./startup/startup_mimxrt1052.o
                0x600095b8                DCP_IRQHandler
 .text.DCP_VMI_IRQHandler
                0x600095c0        0x8 ./startup/startup_mimxrt1052.o
                0x600095c0                DCP_VMI_IRQHandler
 .text.Reserved68_IRQHandler
                0x600095c8        0x8 ./startup/startup_mimxrt1052.o
                0x600095c8                Reserved68_IRQHandler
 .text.TRNG_IRQHandler
                0x600095d0        0x8 ./startup/startup_mimxrt1052.o
                0x600095d0                TRNG_IRQHandler
 .text.SJC_IRQHandler
                0x600095d8        0x8 ./startup/startup_mimxrt1052.o
                0x600095d8                SJC_IRQHandler
 .text.BEE_IRQHandler
                0x600095e0        0x8 ./startup/startup_mimxrt1052.o
                0x600095e0                BEE_IRQHandler
 .text.SAI1_IRQHandler
                0x600095e8        0x8 ./startup/startup_mimxrt1052.o
                0x600095e8                SAI1_IRQHandler
 .text.SAI2_IRQHandler
                0x600095f0        0x8 ./startup/startup_mimxrt1052.o
                0x600095f0                SAI2_IRQHandler
 .text.SAI3_RX_IRQHandler
                0x600095f8        0x8 ./startup/startup_mimxrt1052.o
                0x600095f8                SAI3_RX_IRQHandler
 .text.SAI3_TX_IRQHandler
                0x60009600        0x8 ./startup/startup_mimxrt1052.o
                0x60009600                SAI3_TX_IRQHandler
 .text.SPDIF_IRQHandler
                0x60009608        0x8 ./startup/startup_mimxrt1052.o
                0x60009608                SPDIF_IRQHandler
 .text.PMU_EVENT_IRQHandler
                0x60009610        0x8 ./startup/startup_mimxrt1052.o
                0x60009610                PMU_EVENT_IRQHandler
 .text.Reserved78_IRQHandler
                0x60009618        0x8 ./startup/startup_mimxrt1052.o
                0x60009618                Reserved78_IRQHandler
 .text.TEMP_LOW_HIGH_IRQHandler
                0x60009620        0x8 ./startup/startup_mimxrt1052.o
                0x60009620                TEMP_LOW_HIGH_IRQHandler
 .text.TEMP_PANIC_IRQHandler
                0x60009628        0x8 ./startup/startup_mimxrt1052.o
                0x60009628                TEMP_PANIC_IRQHandler
 .text.USB_PHY1_IRQHandler
                0x60009630        0x8 ./startup/startup_mimxrt1052.o
                0x60009630                USB_PHY1_IRQHandler
 .text.USB_PHY2_IRQHandler
                0x60009638        0x8 ./startup/startup_mimxrt1052.o
                0x60009638                USB_PHY2_IRQHandler
 .text.ADC1_IRQHandler
                0x60009640        0x8 ./startup/startup_mimxrt1052.o
                0x60009640                ADC1_IRQHandler
 .text.ADC2_IRQHandler
                0x60009648        0x8 ./startup/startup_mimxrt1052.o
                0x60009648                ADC2_IRQHandler
 .text.DCDC_IRQHandler
                0x60009650        0x8 ./startup/startup_mimxrt1052.o
                0x60009650                DCDC_IRQHandler
 .text.Reserved86_IRQHandler
                0x60009658        0x8 ./startup/startup_mimxrt1052.o
                0x60009658                Reserved86_IRQHandler
 .text.Reserved87_IRQHandler
                0x60009660        0x8 ./startup/startup_mimxrt1052.o
                0x60009660                Reserved87_IRQHandler
 .text.GPIO1_INT0_IRQHandler
                0x60009668        0x8 ./startup/startup_mimxrt1052.o
                0x60009668                GPIO1_INT0_IRQHandler
 .text.GPIO1_INT1_IRQHandler
                0x60009670        0x8 ./startup/startup_mimxrt1052.o
                0x60009670                GPIO1_INT1_IRQHandler
 .text.GPIO1_INT2_IRQHandler
                0x60009678        0x8 ./startup/startup_mimxrt1052.o
                0x60009678                GPIO1_INT2_IRQHandler
 .text.GPIO1_INT3_IRQHandler
                0x60009680        0x8 ./startup/startup_mimxrt1052.o
                0x60009680                GPIO1_INT3_IRQHandler
 .text.GPIO1_INT4_IRQHandler
                0x60009688        0x8 ./startup/startup_mimxrt1052.o
                0x60009688                GPIO1_INT4_IRQHandler
 .text.GPIO1_INT5_IRQHandler
                0x60009690        0x8 ./startup/startup_mimxrt1052.o
                0x60009690                GPIO1_INT5_IRQHandler
 .text.GPIO1_INT6_IRQHandler
                0x60009698        0x8 ./startup/startup_mimxrt1052.o
                0x60009698                GPIO1_INT6_IRQHandler
 .text.GPIO1_INT7_IRQHandler
                0x600096a0        0x8 ./startup/startup_mimxrt1052.o
                0x600096a0                GPIO1_INT7_IRQHandler
 .text.GPIO1_Combined_0_15_IRQHandler
                0x600096a8        0x8 ./startup/startup_mimxrt1052.o
                0x600096a8                GPIO1_Combined_0_15_IRQHandler
 .text.GPIO1_Combined_16_31_IRQHandler
                0x600096b0        0x8 ./startup/startup_mimxrt1052.o
                0x600096b0                GPIO1_Combined_16_31_IRQHandler
 .text.GPIO2_Combined_0_15_IRQHandler
                0x600096b8        0x8 ./startup/startup_mimxrt1052.o
                0x600096b8                GPIO2_Combined_0_15_IRQHandler
 .text.GPIO2_Combined_16_31_IRQHandler
                0x600096c0        0x8 ./startup/startup_mimxrt1052.o
                0x600096c0                GPIO2_Combined_16_31_IRQHandler
 .text.GPIO3_Combined_0_15_IRQHandler
                0x600096c8        0x8 ./startup/startup_mimxrt1052.o
                0x600096c8                GPIO3_Combined_0_15_IRQHandler
 .text.GPIO3_Combined_16_31_IRQHandler
                0x600096d0        0x8 ./startup/startup_mimxrt1052.o
                0x600096d0                GPIO3_Combined_16_31_IRQHandler
 .text.GPIO4_Combined_0_15_IRQHandler
                0x600096d8        0x8 ./startup/startup_mimxrt1052.o
                0x600096d8                GPIO4_Combined_0_15_IRQHandler
 .text.GPIO4_Combined_16_31_IRQHandler
                0x600096e0        0x8 ./startup/startup_mimxrt1052.o
                0x600096e0                GPIO4_Combined_16_31_IRQHandler
 .text.GPIO5_Combined_0_15_IRQHandler
                0x600096e8        0x8 ./startup/startup_mimxrt1052.o
                0x600096e8                GPIO5_Combined_0_15_IRQHandler
 .text.GPIO5_Combined_16_31_IRQHandler
                0x600096f0        0x8 ./startup/startup_mimxrt1052.o
                0x600096f0                GPIO5_Combined_16_31_IRQHandler
 .text.FLEXIO1_IRQHandler
                0x600096f8        0x8 ./startup/startup_mimxrt1052.o
                0x600096f8                FLEXIO1_IRQHandler
 .text.FLEXIO2_IRQHandler
                0x60009700        0x8 ./startup/startup_mimxrt1052.o
                0x60009700                FLEXIO2_IRQHandler
 .text.WDOG1_IRQHandler
                0x60009708        0x8 ./startup/startup_mimxrt1052.o
                0x60009708                WDOG1_IRQHandler
 .text.RTWDOG_IRQHandler
                0x60009710        0x8 ./startup/startup_mimxrt1052.o
                0x60009710                RTWDOG_IRQHandler
 .text.EWM_IRQHandler
                0x60009718        0x8 ./startup/startup_mimxrt1052.o
                0x60009718                EWM_IRQHandler
 .text.CCM_1_IRQHandler
                0x60009720        0x8 ./startup/startup_mimxrt1052.o
                0x60009720                CCM_1_IRQHandler
 .text.CCM_2_IRQHandler
                0x60009728        0x8 ./startup/startup_mimxrt1052.o
                0x60009728                CCM_2_IRQHandler
 .text.GPC_IRQHandler
                0x60009730        0x8 ./startup/startup_mimxrt1052.o
                0x60009730                GPC_IRQHandler
 .text.SRC_IRQHandler
                0x60009738        0x8 ./startup/startup_mimxrt1052.o
                0x60009738                SRC_IRQHandler
 .text.Reserved115_IRQHandler
                0x60009740        0x8 ./startup/startup_mimxrt1052.o
                0x60009740                Reserved115_IRQHandler
 .text.GPT1_IRQHandler
                0x60009748        0x8 ./startup/startup_mimxrt1052.o
                0x60009748                GPT1_IRQHandler
 .text.GPT2_IRQHandler
                0x60009750        0x8 ./startup/startup_mimxrt1052.o
                0x60009750                GPT2_IRQHandler
 .text.PWM1_0_IRQHandler
                0x60009758        0x8 ./startup/startup_mimxrt1052.o
                0x60009758                PWM1_0_IRQHandler
 .text.PWM1_1_IRQHandler
                0x60009760        0x8 ./startup/startup_mimxrt1052.o
                0x60009760                PWM1_1_IRQHandler
 .text.PWM1_2_IRQHandler
                0x60009768        0x8 ./startup/startup_mimxrt1052.o
                0x60009768                PWM1_2_IRQHandler
 .text.PWM1_3_IRQHandler
                0x60009770        0x8 ./startup/startup_mimxrt1052.o
                0x60009770                PWM1_3_IRQHandler
 .text.PWM1_FAULT_IRQHandler
                0x60009778        0x8 ./startup/startup_mimxrt1052.o
                0x60009778                PWM1_FAULT_IRQHandler
 .text.Reserved123_IRQHandler
                0x60009780        0x8 ./startup/startup_mimxrt1052.o
                0x60009780                Reserved123_IRQHandler
 .text.FLEXSPI_IRQHandler
                0x60009788        0x8 ./startup/startup_mimxrt1052.o
                0x60009788                FLEXSPI_IRQHandler
 .text.SEMC_IRQHandler
                0x60009790        0x8 ./startup/startup_mimxrt1052.o
                0x60009790                SEMC_IRQHandler
 .text.USDHC1_IRQHandler
                0x60009798        0x8 ./startup/startup_mimxrt1052.o
                0x60009798                USDHC1_IRQHandler
 .text.USDHC2_IRQHandler
                0x600097a0        0x8 ./startup/startup_mimxrt1052.o
                0x600097a0                USDHC2_IRQHandler
 .text.USB_OTG2_IRQHandler
                0x600097a8        0x8 ./startup/startup_mimxrt1052.o
                0x600097a8                USB_OTG2_IRQHandler
 .text.USB_OTG1_IRQHandler
                0x600097b0        0x8 ./startup/startup_mimxrt1052.o
                0x600097b0                USB_OTG1_IRQHandler
 .text.ENET_IRQHandler
                0x600097b8        0x8 ./startup/startup_mimxrt1052.o
                0x600097b8                ENET_IRQHandler
 .text.ENET_1588_Timer_IRQHandler
                0x600097c0        0x8 ./startup/startup_mimxrt1052.o
                0x600097c0                ENET_1588_Timer_IRQHandler
 .text.XBAR1_IRQ_0_1_IRQHandler
                0x600097c8        0x8 ./startup/startup_mimxrt1052.o
                0x600097c8                XBAR1_IRQ_0_1_IRQHandler
 .text.XBAR1_IRQ_2_3_IRQHandler
                0x600097d0        0x8 ./startup/startup_mimxrt1052.o
                0x600097d0                XBAR1_IRQ_2_3_IRQHandler
 .text.ADC_ETC_IRQ0_IRQHandler
                0x600097d8        0x8 ./startup/startup_mimxrt1052.o
                0x600097d8                ADC_ETC_IRQ0_IRQHandler
 .text.ADC_ETC_IRQ1_IRQHandler
                0x600097e0        0x8 ./startup/startup_mimxrt1052.o
                0x600097e0                ADC_ETC_IRQ1_IRQHandler
 .text.ADC_ETC_IRQ2_IRQHandler
                0x600097e8        0x8 ./startup/startup_mimxrt1052.o
                0x600097e8                ADC_ETC_IRQ2_IRQHandler
 .text.ADC_ETC_ERROR_IRQ_IRQHandler
                0x600097f0        0x8 ./startup/startup_mimxrt1052.o
                0x600097f0                ADC_ETC_ERROR_IRQ_IRQHandler
 .text.PIT_IRQHandler
                0x600097f8        0x8 ./startup/startup_mimxrt1052.o
                0x600097f8                PIT_IRQHandler
 .text.ACMP1_IRQHandler
                0x60009800        0x8 ./startup/startup_mimxrt1052.o
                0x60009800                ACMP1_IRQHandler
 .text.ACMP2_IRQHandler
                0x60009808        0x8 ./startup/startup_mimxrt1052.o
                0x60009808                ACMP2_IRQHandler
 .text.ACMP3_IRQHandler
                0x60009810        0x8 ./startup/startup_mimxrt1052.o
                0x60009810                ACMP3_IRQHandler
 .text.ACMP4_IRQHandler
                0x60009818        0x8 ./startup/startup_mimxrt1052.o
                0x60009818                ACMP4_IRQHandler
 .text.Reserved143_IRQHandler
                0x60009820        0x8 ./startup/startup_mimxrt1052.o
                0x60009820                Reserved143_IRQHandler
 .text.Reserved144_IRQHandler
                0x60009828        0x8 ./startup/startup_mimxrt1052.o
                0x60009828                Reserved144_IRQHandler
 .text.ENC1_IRQHandler
                0x60009830        0x8 ./startup/startup_mimxrt1052.o
                0x60009830                ENC1_IRQHandler
 .text.ENC2_IRQHandler
                0x60009838        0x8 ./startup/startup_mimxrt1052.o
                0x60009838                ENC2_IRQHandler
 .text.ENC3_IRQHandler
                0x60009840        0x8 ./startup/startup_mimxrt1052.o
                0x60009840                ENC3_IRQHandler
 .text.ENC4_IRQHandler
                0x60009848        0x8 ./startup/startup_mimxrt1052.o
                0x60009848                ENC4_IRQHandler
 .text.TMR1_IRQHandler
                0x60009850        0x8 ./startup/startup_mimxrt1052.o
                0x60009850                TMR1_IRQHandler
 .text.TMR2_IRQHandler
                0x60009858        0x8 ./startup/startup_mimxrt1052.o
                0x60009858                TMR2_IRQHandler
 .text.TMR3_IRQHandler
                0x60009860        0x8 ./startup/startup_mimxrt1052.o
                0x60009860                TMR3_IRQHandler
 .text.TMR4_IRQHandler
                0x60009868        0x8 ./startup/startup_mimxrt1052.o
                0x60009868                TMR4_IRQHandler
 .text.PWM2_0_IRQHandler
                0x60009870        0x8 ./startup/startup_mimxrt1052.o
                0x60009870                PWM2_0_IRQHandler
 .text.PWM2_1_IRQHandler
                0x60009878        0x8 ./startup/startup_mimxrt1052.o
                0x60009878                PWM2_1_IRQHandler
 .text.PWM2_2_IRQHandler
                0x60009880        0x8 ./startup/startup_mimxrt1052.o
                0x60009880                PWM2_2_IRQHandler
 .text.PWM2_3_IRQHandler
                0x60009888        0x8 ./startup/startup_mimxrt1052.o
                0x60009888                PWM2_3_IRQHandler
 .text.PWM2_FAULT_IRQHandler
                0x60009890        0x8 ./startup/startup_mimxrt1052.o
                0x60009890                PWM2_FAULT_IRQHandler
 .text.PWM3_0_IRQHandler
                0x60009898        0x8 ./startup/startup_mimxrt1052.o
                0x60009898                PWM3_0_IRQHandler
 .text.PWM3_1_IRQHandler
                0x600098a0        0x8 ./startup/startup_mimxrt1052.o
                0x600098a0                PWM3_1_IRQHandler
 .text.PWM3_2_IRQHandler
                0x600098a8        0x8 ./startup/startup_mimxrt1052.o
                0x600098a8                PWM3_2_IRQHandler
 .text.PWM3_3_IRQHandler
                0x600098b0        0x8 ./startup/startup_mimxrt1052.o
                0x600098b0                PWM3_3_IRQHandler
 .text.PWM3_FAULT_IRQHandler
                0x600098b8        0x8 ./startup/startup_mimxrt1052.o
                0x600098b8                PWM3_FAULT_IRQHandler
 .text.PWM4_0_IRQHandler
                0x600098c0        0x8 ./startup/startup_mimxrt1052.o
                0x600098c0                PWM4_0_IRQHandler
 .text.PWM4_1_IRQHandler
                0x600098c8        0x8 ./startup/startup_mimxrt1052.o
                0x600098c8                PWM4_1_IRQHandler
 .text.PWM4_2_IRQHandler
                0x600098d0        0x8 ./startup/startup_mimxrt1052.o
                0x600098d0                PWM4_2_IRQHandler
 .text.PWM4_3_IRQHandler
                0x600098d8        0x8 ./startup/startup_mimxrt1052.o
                0x600098d8                PWM4_3_IRQHandler
 .text.PWM4_FAULT_IRQHandler
                0x600098e0        0x8 ./startup/startup_mimxrt1052.o
                0x600098e0                PWM4_FAULT_IRQHandler
 .text.read_mag_x
                0x600098e8       0x38 ./source/magnetometer_tasks.o
                0x600098e8                read_mag_x
 .text.read_mag_y
                0x60009920       0x38 ./source/magnetometer_tasks.o
                0x60009920                read_mag_y
 .text.read_mag_z
                0x60009958       0x38 ./source/magnetometer_tasks.o
                0x60009958                read_mag_z
 .text.sendMessage
                0x60009990       0x38 ./source/magnetometer_tasks.o
                0x60009990                sendMessage
 .text.HardFault_Handler
                0x600099c8       0x2c ./source/semihost_hardfault.o
                0x600099c8                HardFault_Handler
 .text.LPSPI_RTOS_Deinit
                0x600099f4       0x30 ./drivers/freertos/fsl_lpspi_freertos.o
                0x600099f4                LPSPI_RTOS_Deinit
 .text.LPSPI_RTOS_Transfer
                0x60009a24       0x82 ./drivers/freertos/fsl_lpspi_freertos.o
                0x60009a24                LPSPI_RTOS_Transfer
 .text.CLOCK_IsPllBypassed
                0x60009aa6       0x32 ./drivers/fsl_clock.o
 .text.CLOCK_IsPllEnabled
                0x60009ad8       0x3c ./drivers/fsl_clock.o
 .text.CLOCK_GetPllBypassRefClk
                0x60009b14       0x34 ./drivers/fsl_clock.o
 .text.CLOCK_EnableClock
                0x60009b48       0x1e ./drivers/fsl_lpspi.o
 .text.CLOCK_DisableClock
                0x60009b66       0x1e ./drivers/fsl_lpspi.o
 .text.EnableIRQ
                0x60009b84       0x2c ./drivers/fsl_lpspi.o
 .text.LPSPI_Enable
                0x60009bb0       0x38 ./drivers/fsl_lpspi.o
 .text.LPSPI_GetStatusFlags
                0x60009be8       0x18 ./drivers/fsl_lpspi.o
 .text.LPSPI_GetRxFifoSize
                0x60009c00       0x22 ./drivers/fsl_lpspi.o
 .text.LPSPI_GetTxFifoCount
                0x60009c22       0x1c ./drivers/fsl_lpspi.o
 .text.LPSPI_GetRxFifoCount
                0x60009c3e       0x1e ./drivers/fsl_lpspi.o
 .text.LPSPI_ClearStatusFlags
                0x60009c5c       0x1c ./drivers/fsl_lpspi.o
 .text.LPSPI_EnableInterrupts
                0x60009c78       0x22 ./drivers/fsl_lpspi.o
 .text.LPSPI_DisableInterrupts
                0x60009c9a       0x24 ./drivers/fsl_lpspi.o
 .text.LPSPI_SetMasterSlaveMode
                0x60009cbe       0x2c ./drivers/fsl_lpspi.o
 .text.LPSPI_IsMaster
                0x60009cea       0x26 ./drivers/fsl_lpspi.o
 .text.LPSPI_FlushFifo
                0x60009d10       0x30 ./drivers/fsl_lpspi.o
 .text.LPSPI_SetFifoWatermarks
                0x60009d40       0x2c ./drivers/fsl_lpspi.o
 .text.LPSPI_WriteData
                0x60009d6c       0x1c ./drivers/fsl_lpspi.o
 .text.LPSPI_ReadData
                0x60009d88       0x18 ./drivers/fsl_lpspi.o
 .text.LPSPI_Reset
                0x60009da0       0x32 ./drivers/fsl_lpspi.o
                0x60009da0                LPSPI_Reset
 .text.LPSPI_SetOnePcsPolarity
                0x60009dd2       0x44 ./drivers/fsl_lpspi.o
 .text.CLOCK_EnableClock
                0x60009e16       0x1e ./drivers/fsl_lpuart.o
 .text.LPUART_SoftwareReset
                0x60009e34       0x2c ./drivers/fsl_lpuart.o
 .text.SystemInitHook
                0x60009e60        0xe ./device/system_MIMXRT1052.o
                0x60009e60                SystemInitHook
 .text.HAL_UartGetStatus
                0x60009e6e       0x22 ./component/uart/lpuart_adapter.o
 .text.SerialManager_StartWriting
                0x60009e90       0x4a ./component/serial_manager/serial_manager.o
 .text.SerialManager_WriteBlocking
                0x60009eda       0x20 ./component/serial_manager/serial_manager.o
                0x60009eda                SerialManager_WriteBlocking
 .text.BOARD_InitDebugConsole
                0x60009efa       0x22 ./board/board.o
                0x60009efa                BOARD_InitDebugConsole
 .text.CLOCK_DisableClock
                0x60009f1c       0x1e ./board/clock_config.o
 .text.CLOCK_SetPllBypass
                0x60009f3a       0x4e ./board/clock_config.o
 .text.IOMUXC_SetSaiMClkClockSource
                0x60009f88       0x6c ./board/clock_config.o
 .text.BOARD_InitPeripherals
                0x60009ff4        0xc ./board/peripherals.o
                0x60009ff4                BOARD_InitPeripherals
 .text.BOARD_InitBootPeripherals
                0x6000a000        0xc ./board/peripherals.o
                0x6000a000                BOARD_InitBootPeripherals
 .text.CLOCK_EnableClock
                0x6000a00c       0x1e ./board/pin_mux.o
 .text.IOMUXC_SetPinMux
                0x6000a02a       0x3a ./board/pin_mux.o
 .text.IOMUXC_SetPinConfig
                0x6000a064       0x26 ./board/pin_mux.o
 .text.vListInitialise
                0x6000a08a       0x40 ./amazon-freertos/freertos/list.o
                0x6000a08a                vListInitialise
 .text.vListInitialiseItem
                0x6000a0ca       0x1a ./amazon-freertos/freertos/list.o
                0x6000a0ca                vListInitialiseItem
 .text.vListInsertEnd
                0x6000a0e4       0x48 ./amazon-freertos/freertos/list.o
                0x6000a0e4                vListInsertEnd
 .text.vListInsert
                0x6000a12c       0x72 ./amazon-freertos/freertos/list.o
                0x6000a12c                vListInsert
 .text.uxListRemove
                0x6000a19e       0x54 ./amazon-freertos/freertos/list.o
                0x6000a19e                uxListRemove
 .text.xQueueGenericCreate
                0x6000a1f2       0x76 ./amazon-freertos/freertos/queue.o
                0x6000a1f2                xQueueGenericCreate
 .text.prvInitialiseNewQueue
                0x6000a268       0x46 ./amazon-freertos/freertos/queue.o
 .text.prvInitialiseMutex
                0x6000a2ae       0x34 ./amazon-freertos/freertos/queue.o
 .text.xQueueCreateMutex
                0x6000a2e2       0x30 ./amazon-freertos/freertos/queue.o
                0x6000a2e2                xQueueCreateMutex
 .text.xQueueGenericSendFromISR
                0x6000a312      0x128 ./amazon-freertos/freertos/queue.o
                0x6000a312                xQueueGenericSendFromISR
 .text.xQueueGiveFromISR
                0x6000a43a      0x112 ./amazon-freertos/freertos/queue.o
                0x6000a43a                xQueueGiveFromISR
 .text.vQueueDelete
                0x6000a54c       0x3a ./amazon-freertos/freertos/queue.o
                0x6000a54c                vQueueDelete
 .text.prvGetDisinheritPriorityAfterTimeout
                0x6000a586       0x30 ./amazon-freertos/freertos/queue.o
 .text.prvCopyDataToQueue
                0x6000a5b6       0xd4 ./amazon-freertos/freertos/queue.o
 .text.prvCopyDataFromQueue
                0x6000a68a       0x4c ./amazon-freertos/freertos/queue.o
 .text.prvUnlockQueue
                0x6000a6d6       0xa4 ./amazon-freertos/freertos/queue.o
 .text.prvIsQueueEmpty
                0x6000a77a       0x2c ./amazon-freertos/freertos/queue.o
 .text.prvIsQueueFull
                0x6000a7a6       0x30 ./amazon-freertos/freertos/queue.o
 .text.vQueueWaitForMessageRestricted
                0x6000a7d6       0x68 ./amazon-freertos/freertos/queue.o
                0x6000a7d6                vQueueWaitForMessageRestricted
 .text.xTaskCreate
                0x6000a83e       0x82 ./amazon-freertos/freertos/tasks.o
                0x6000a83e                xTaskCreate
 .text.prvInitialiseNewTask
                0x6000a8c0      0x142 ./amazon-freertos/freertos/tasks.o
 .text.prvDeleteTCB
                0x6000aa02       0x20 ./amazon-freertos/freertos/tasks.o
 .text.prvTimerTask
                0x6000aa22       0x24 ./amazon-freertos/freertos/timers.o
 .text.__main   0x6000aa46        0xe c:/nxp/mcuxpressoide_11.0.1_2563/ide/plugins/com.nxp.mcuxpresso.tools.win32_11.0.1.201907311258/tools/bin/../lib/gcc/arm-none-eabi/8.2.1/../../../../arm-none-eabi/lib/thumb/v7e-m+dp/hard\libcr_nohost_nf.a(_cr__main.o)
                0x6000aa46                __main
 .text.__sys_appexit
                0x6000aa54        0x2 c:/nxp/mcuxpressoide_11.0.1_2563/ide/plugins/com.nxp.mcuxpresso.tools.win32_11.0.1.201907311258/tools/bin/../lib/gcc/arm-none-eabi/8.2.1/../../../../arm-none-eabi/lib/thumb/v7e-m+dp/hard\libcr_nohost_nf.a(__sys_appexit.o)
                0x6000aa54                __sys_appexit
                0x6000aa54                __exit
 .text.memcpy   0x6000aa56        0x4 c:/nxp/mcuxpressoide_11.0.1_2563/ide/plugins/com.nxp.mcuxpresso.tools.win32_11.0.1.201907311258/tools/bin/../lib/gcc/arm-none-eabi/8.2.1/../../../../arm-none-eabi/lib/thumb/v7e-m+dp/hard\libcr_c.a(memcpy.o)
                0x6000aa56                memcpy
 .text.memset   0x6000aa5a        0x4 c:/nxp/mcuxpressoide_11.0.1_2563/ide/plugins/com.nxp.mcuxpresso.tools.win32_11.0.1.201907311258/tools/bin/../lib/gcc/arm-none-eabi/8.2.1/../../../../arm-none-eabi/lib/thumb/v7e-m+dp/hard\libcr_c.a(memset.o)
                0x6000aa5a                memset
 .text._deferredlazyseek
                0x6000aa5e       0x40 c:/nxp/mcuxpressoide_11.0.1_2563/ide/plugins/com.nxp.mcuxpresso.tools.win32_11.0.1.201907311258/tools/bin/../lib/gcc/arm-none-eabi/8.2.1/../../../../arm-none-eabi/lib/thumb/v7e-m+dp/hard\libcr_c.a(_deferredlazyseek.o)
                0x6000aa5e                _deferredlazyseek
 .text.__flsbuf
                0x6000aa9e      0x140 c:/nxp/mcuxpressoide_11.0.1_2563/ide/plugins/com.nxp.mcuxpresso.tools.win32_11.0.1.201907311258/tools/bin/../lib/gcc/arm-none-eabi/8.2.1/../../../../arm-none-eabi/lib/thumb/v7e-m+dp/hard\libcr_c.a(_deferredlazyseek.o)
                0x6000aa9e                __flsbuf
 .text._fflush  0x6000abde       0x52 c:/nxp/mcuxpressoide_11.0.1_2563/ide/plugins/com.nxp.mcuxpresso.tools.win32_11.0.1.201907311258/tools/bin/../lib/gcc/arm-none-eabi/8.2.1/../../../../arm-none-eabi/lib/thumb/v7e-m+dp/hard\libcr_c.a(_fflush.o)
                0x6000abde                _fflush
 .text.free     0x6000ac30       0x30 c:/nxp/mcuxpressoide_11.0.1_2563/ide/plugins/com.nxp.mcuxpresso.tools.win32_11.0.1.201907311258/tools/bin/../lib/gcc/arm-none-eabi/8.2.1/../../../../arm-none-eabi/lib/thumb/v7e-m+dp/hard\libcr_c.a(alloc.o)
                0x6000ac30                free
 .text.fputs    0x6000ac60       0x2c c:/nxp/mcuxpressoide_11.0.1_2563/ide/plugins/com.nxp.mcuxpresso.tools.win32_11.0.1.201907311258/tools/bin/../lib/gcc/arm-none-eabi/8.2.1/../../../../arm-none-eabi/lib/thumb/v7e-m+dp/hard\libcr_c.a(fputs.o)
                0x6000ac60                fputs
 .text.strlen   0x6000ac8c       0x4c c:/nxp/mcuxpressoide_11.0.1_2563/ide/plugins/com.nxp.mcuxpresso.tools.win32_11.0.1.201907311258/tools/bin/../lib/gcc/arm-none-eabi/8.2.1/../../../../arm-none-eabi/lib/thumb/v7e-m+dp/hard\libcr_c.a(strlen.o)
                0x6000ac8c                strlen
 .text._fdopen  0x6000acd8       0x68 c:/nxp/mcuxpressoide_11.0.1_2563/ide/plugins/com.nxp.mcuxpresso.tools.win32_11.0.1.201907311258/tools/bin/../lib/gcc/arm-none-eabi/8.2.1/../../../../arm-none-eabi/lib/thumb/v7e-m+dp/hard\libcr_c.a(_fdopen.o)
                0x6000acd8                _fdopen
 .text.fclose   0x6000ad40       0x58 c:/nxp/mcuxpressoide_11.0.1_2563/ide/plugins/com.nxp.mcuxpresso.tools.win32_11.0.1.201907311258/tools/bin/../lib/gcc/arm-none-eabi/8.2.1/../../../../arm-none-eabi/lib/thumb/v7e-m+dp/hard\libcr_c.a(fclose.o)
                0x6000ad40                fclose
 .text.remove   0x6000ad98       0x14 c:/nxp/mcuxpressoide_11.0.1_2563/ide/plugins/com.nxp.mcuxpresso.tools.win32_11.0.1.201907311258/tools/bin/../lib/gcc/arm-none-eabi/8.2.1/../../../../arm-none-eabi/lib/thumb/v7e-m+dp/hard\libcr_c.a(remove.o)
                0x6000ad98                remove
 .text._do_fflush
                0x6000adac       0x40 c:/nxp/mcuxpressoide_11.0.1_2563/ide/plugins/com.nxp.mcuxpresso.tools.win32_11.0.1.201907311258/tools/bin/../lib/gcc/arm-none-eabi/8.2.1/../../../../arm-none-eabi/lib/thumb/v7e-m+dp/hard\libcr_c.a(_do_fflush.o)
                0x6000adac                _do_fflush
 .text.__aeabi_division_uldivmod
                0x6000adec      0x174 c:/nxp/mcuxpressoide_11.0.1_2563/ide/plugins/com.nxp.mcuxpresso.tools.win32_11.0.1.201907311258/tools/bin/../lib/gcc/arm-none-eabi/8.2.1/thumb/v7e-m+dp/hard\libcr_eabihelpers.a(division_64.o)
                0x6000adec                __aeabi_uldivmod
                0x6000adf0                __bhs_ldivmod1
 .text.__aeabi_division_idiv0
                0x6000af60        0x2 c:/nxp/mcuxpressoide_11.0.1_2563/ide/plugins/com.nxp.mcuxpresso.tools.win32_11.0.1.201907311258/tools/bin/../lib/gcc/arm-none-eabi/8.2.1/thumb/v7e-m+dp/hard\libcr_eabihelpers.a(division_idiv0.o)
                0x6000af60                __aeabi_idiv0
 .text.__aeabi_d2lz
                0x6000af62       0x68 c:/nxp/mcuxpressoide_11.0.1_2563/ide/plugins/com.nxp.mcuxpresso.tools.win32_11.0.1.201907311258/tools/bin/../lib/gcc/arm-none-eabi/8.2.1/thumb/v7e-m+dp/hard\libcr_eabihelpers.a(double.o)
                0x6000af62                __aeabi_d2lz
 .text.__bhs_ul2d
                0x6000afca       0x8a c:/nxp/mcuxpressoide_11.0.1_2563/ide/plugins/com.nxp.mcuxpresso.tools.win32_11.0.1.201907311258/tools/bin/../lib/gcc/arm-none-eabi/8.2.1/thumb/v7e-m+dp/hard\libcr_eabihelpers.a(double.o)
                0x6000afca                __bhs_ul2d
 .text.__aeabi_l2d
                0x6000b054       0x1a c:/nxp/mcuxpressoide_11.0.1_2563/ide/plugins/com.nxp.mcuxpresso.tools.win32_11.0.1.201907311258/tools/bin/../lib/gcc/arm-none-eabi/8.2.1/thumb/v7e-m+dp/hard\libcr_eabihelpers.a(double.o)
                0x6000b054                __aeabi_l2d
 .text.__aeabi_memcpy
                0x6000b06e       0x34 c:/nxp/mcuxpressoide_11.0.1_2563/ide/plugins/com.nxp.mcuxpresso.tools.win32_11.0.1.201907311258/tools/bin/../lib/gcc/arm-none-eabi/8.2.1/thumb/v7e-m+dp/hard\libcr_eabihelpers.a(memcpy.o)
                0x6000b06e                __aeabi_memcpy
                0x6000b078                __aeabi_memcpy8
                0x6000b078                __aeabi_memcpy4
 .text.__aeabi_memset_lowlevel
                0x6000b0a2       0x32 c:/nxp/mcuxpressoide_11.0.1_2563/ide/plugins/com.nxp.mcuxpresso.tools.win32_11.0.1.201907311258/tools/bin/../lib/gcc/arm-none-eabi/8.2.1/thumb/v7e-m+dp/hard\libcr_eabihelpers.a(memcpy.o)
                0x6000b0a2                __aeabi_lowlevel_memset
 .text.__sys_close
                0x6000b0d4        0x6 c:/nxp/mcuxpressoide_11.0.1_2563/ide/plugins/com.nxp.mcuxpresso.tools.win32_11.0.1.201907311258/tools/bin/../lib/gcc/arm-none-eabi/8.2.1/../../../../arm-none-eabi/lib/thumb/v7e-m+dp/hard\libcr_nohost_nf.a(__sys_close.o)
                0x6000b0d4                __sys_close
 .text.__sys_flen
                0x6000b0da        0x6 c:/nxp/mcuxpressoide_11.0.1_2563/ide/plugins/com.nxp.mcuxpresso.tools.win32_11.0.1.201907311258/tools/bin/../lib/gcc/arm-none-eabi/8.2.1/../../../../arm-none-eabi/lib/thumb/v7e-m+dp/hard\libcr_nohost_nf.a(__sys_flen.o)
                0x6000b0da                __sys_flen
 .text.__sys_istty
                0x6000b0e0        0x6 c:/nxp/mcuxpressoide_11.0.1_2563/ide/plugins/com.nxp.mcuxpresso.tools.win32_11.0.1.201907311258/tools/bin/../lib/gcc/arm-none-eabi/8.2.1/../../../../arm-none-eabi/lib/thumb/v7e-m+dp/hard\libcr_nohost_nf.a(__sys_istty.o)
                0x6000b0e0                __sys_istty
 .text.__sys_remove
                0x6000b0e6        0x6 c:/nxp/mcuxpressoide_11.0.1_2563/ide/plugins/com.nxp.mcuxpresso.tools.win32_11.0.1.201907311258/tools/bin/../lib/gcc/arm-none-eabi/8.2.1/../../../../arm-none-eabi/lib/thumb/v7e-m+dp/hard\libcr_nohost_nf.a(__sys_remove.o)
                0x6000b0e6                __sys_remove
 .text.__sys_seek
                0x6000b0ec        0x6 c:/nxp/mcuxpressoide_11.0.1_2563/ide/plugins/com.nxp.mcuxpresso.tools.win32_11.0.1.201907311258/tools/bin/../lib/gcc/arm-none-eabi/8.2.1/../../../../arm-none-eabi/lib/thumb/v7e-m+dp/hard\libcr_nohost_nf.a(__sys_seek.o)
                0x6000b0ec                __sys_seek
 .text.__sys_tmpnam
                0x6000b0f2        0x6 c:/nxp/mcuxpressoide_11.0.1_2563/ide/plugins/com.nxp.mcuxpresso.tools.win32_11.0.1.201907311258/tools/bin/../lib/gcc/arm-none-eabi/8.2.1/../../../../arm-none-eabi/lib/thumb/v7e-m+dp/hard\libcr_nohost_nf.a(__sys_tmpnam.o)
                0x6000b0f2                __sys_tmpnam
 .text.__sys_write
                0x6000b0f8        0x4 c:/nxp/mcuxpressoide_11.0.1_2563/ide/plugins/com.nxp.mcuxpresso.tools.win32_11.0.1.201907311258/tools/bin/../lib/gcc/arm-none-eabi/8.2.1/../../../../arm-none-eabi/lib/thumb/v7e-m+dp/hard\libcr_nohost_nf.a(__sys_write.o)
                0x6000b0f8                __sys_write
 *(SORT_BY_ALIGNMENT(.rodata) SORT_BY_ALIGNMENT(.rodata.*) SORT_BY_ALIGNMENT(.constdata) SORT_BY_ALIGNMENT(.constdata.*))
 *fill*         0x6000b0fc        0x4 ff
 .rodata.a1.5286
                0x6000b100       0x88 c:/nxp/mcuxpressoide_11.0.1_2563/ide/plugins/com.nxp.mcuxpresso.tools.win32_11.0.1.201907311258/tools/bin/../lib/gcc/arm-none-eabi/8.2.1/../../../../arm-none-eabi/lib/thumb/v7e-m+dp/hard\libcr_c.a(pow.o)
 .rodata.a2.5287
                0x6000b188       0x40 c:/nxp/mcuxpressoide_11.0.1_2563/ide/plugins/com.nxp.mcuxpresso.tools.win32_11.0.1.201907311258/tools/bin/../lib/gcc/arm-none-eabi/8.2.1/../../../../arm-none-eabi/lib/thumb/v7e-m+dp/hard\libcr_c.a(pow.o)
 .rodata.dcd_data
                0x6000b1c8        0x1 ./xip/evkbimxrt1050_sdram_ini_dcd.o
                0x6000b1c8                dcd_data
 *fill*         0x6000b1c9        0x3 ff
 .rodata        0x6000b1cc      0x21f ./utilities/fsl_debug_console.o
 *fill*         0x6000b3eb        0x1 ff
 .rodata.MagCounter
                0x6000b3ec        0x4 ./source/freertos_lpspi.o
                0x6000b3ec                MagCounter
 .rodata        0x6000b3f0      0x14f ./source/freertos_lpspi.o
 *fill*         0x6000b53f        0x1 ff
 .rodata        0x6000b540      0x29d ./source/magnetometer_tasks.o
 *fill*         0x6000b7dd        0x3 ff
 .rodata        0x6000b7e0       0xc7 ./drivers/fsl_clock.o
 *fill*         0x6000b8a7        0x1 ff
 .rodata        0x6000b8a8      0x593 ./drivers/fsl_lpspi.o
 *fill*         0x6000be3b        0x1 ff
 .rodata.s_baudratePrescaler
                0x6000be3c        0x8 ./drivers/fsl_lpspi.o
 .rodata.s_lpspiBases
                0x6000be44       0x14 ./drivers/fsl_lpspi.o
 .rodata.s_lpspiIRQ
                0x6000be58        0xa ./drivers/fsl_lpspi.o
 *fill*         0x6000be62        0x2 ff
 .rodata.s_lpspiClocks
                0x6000be64        0xa ./drivers/fsl_lpspi.o
 *fill*         0x6000be6e        0x2 ff
 .rodata        0x6000be70      0x6b2 ./drivers/fsl_lpuart.o
 *fill*         0x6000c522        0x2 ff
 .rodata.s_lpuartBases
                0x6000c524       0x24 ./drivers/fsl_lpuart.o
 .rodata.s_lpuartClock
                0x6000c548       0x12 ./drivers/fsl_lpuart.o
 *fill*         0x6000c55a        0x2 ff
 .rodata.s_LpuartAdapterBase
                0x6000c55c       0x24 ./component/uart/lpuart_adapter.o
 .rodata        0x6000c580      0x274 ./component/uart/lpuart_adapter.o
 .rodata        0x6000c7f4      0x525 ./component/serial_manager/serial_manager.o
 *fill*         0x6000cd19        0x3 ff
 .rodata        0x6000cd1c      0x244 ./component/serial_manager/serial_port_uart.o
 .rodata        0x6000cf60       0xa1 ./board/clock_config.o
 *fill*         0x6000d001        0x3 ff
 .rodata.armPllConfig_BOARD_BootClockRUN
                0x6000d004        0x8 ./board/clock_config.o
                0x6000d004                armPllConfig_BOARD_BootClockRUN
 .rodata.sysPllConfig_BOARD_BootClockRUN
                0x6000d00c       0x14 ./board/clock_config.o
                0x6000d00c                sysPllConfig_BOARD_BootClockRUN
 .rodata.LPSPI_3_config
                0x6000d020       0x1c ./board/peripherals.o
                0x6000d020                LPSPI_3_config
 .rodata        0x6000d03c       0x29 ./board/pin_mux.o
 *fill*         0x6000d065        0x3 ff
 .rodata        0x6000d068       0x24 ./amazon-freertos/freertos/tasks.o
                0x6000d070                portArch_Name
                0x6000d074                FreeRTOSDebugConfig
 .rodata        0x6000d08c        0xd ./amazon-freertos/freertos/timers.o
 *fill*         0x6000d099        0x3 ff
 .rodata.__num_Ciob_streams
                0x6000d09c        0x4 c:/nxp/mcuxpressoide_11.0.1_2563/ide/plugins/com.nxp.mcuxpresso.tools.win32_11.0.1.201907311258/tools/bin/../lib/gcc/arm-none-eabi/8.2.1/../../../../arm-none-eabi/lib/thumb/v7e-m+dp/hard\libcr_nohost_nf.a(__ciob.o)
                0x6000d09c                __num_Ciob_streams
 .rodata.__assertion_failed.str1.1
                0x6000d0a0       0x15 c:/nxp/mcuxpressoide_11.0.1_2563/ide/plugins/com.nxp.mcuxpresso.tools.win32_11.0.1.201907311258/tools/bin/../lib/gcc/arm-none-eabi/8.2.1/../../../../arm-none-eabi/lib/thumb/v7e-m+dp/hard\libcr_nohost_nf.a(_cr_assert.o)
 .rodata._Csys_alloc.str1.1
                0x6000d0b5       0x18 c:/nxp/mcuxpressoide_11.0.1_2563/ide/plugins/com.nxp.mcuxpresso.tools.win32_11.0.1.201907311258/tools/bin/../lib/gcc/arm-none-eabi/8.2.1/../../../../arm-none-eabi/lib/thumb/v7e-m+dp/hard\libcr_c.a(alloc.o)
 .rodata._initio.str1.1
                0x6000d0cd        0x4 c:/nxp/mcuxpressoide_11.0.1_2563/ide/plugins/com.nxp.mcuxpresso.tools.win32_11.0.1.201907311258/tools/bin/../lib/gcc/arm-none-eabi/8.2.1/../../../../arm-none-eabi/lib/thumb/v7e-m+dp/hard\libcr_c.a(initio.o)
                0x6000d0d4                . = ALIGN (0x4)
 *fill*         0x6000d0d1        0x3 ff

.glue_7         0x6000d0d4        0x0
 .glue_7        0x6000d0d4        0x0 linker stubs

.glue_7t        0x6000d0d4        0x0
 .glue_7t       0x6000d0d4        0x0 linker stubs

.vfp11_veneer   0x6000d0d4        0x0
 .vfp11_veneer  0x6000d0d4        0x0 linker stubs

.v4_bx          0x6000d0d4        0x0
 .v4_bx         0x6000d0d4        0x0 linker stubs

.iplt           0x6000d0d4        0x0
 .iplt          0x6000d0d4        0x0 ./xip/evkbimxrt1050_flexspi_nor_config.o

.rel.dyn        0x6000d0d4        0x0
 .rel.iplt      0x6000d0d4        0x0 ./xip/evkbimxrt1050_flexspi_nor_config.o

.ARM.extab
 *(SORT_BY_ALIGNMENT(.ARM.extab*) SORT_BY_ALIGNMENT(.gnu.linkonce.armextab.*))
                0x6000d0d4                __exidx_start = .

.ARM.exidx
 *(SORT_BY_ALIGNMENT(.ARM.exidx*) SORT_BY_ALIGNMENT(.gnu.linkonce.armexidx.*))
                0x6000d0d4                __exidx_end = .
                0x6000d0d4                _etext = .

.data_RAM2      0x00000000        0x0 load address 0x6000d0d4
 FILL mask 0xff
                [!provide]                PROVIDE (__start_data_RAM2 = .)
 *(SORT_BY_ALIGNMENT(.ramfunc.$RAM2))
 *(SORT_BY_ALIGNMENT(.ramfunc.$SRAM_ITC))
 *(SORT_BY_ALIGNMENT(.data.$RAM2))
 *(SORT_BY_ALIGNMENT(.data.$SRAM_ITC))
 *(SORT_BY_ALIGNMENT(.data.$RAM2.*))
 *(SORT_BY_ALIGNMENT(.data.$SRAM_ITC.*))
                0x00000000                . = ALIGN (0x4)
                [!provide]                PROVIDE (__end_data_RAM2 = .)

.data_RAM3      0x20200000        0x0 load address 0x6000d0d4
 FILL mask 0xff
                [!provide]                PROVIDE (__start_data_RAM3 = .)
 *(SORT_BY_ALIGNMENT(.ramfunc.$RAM3))
 *(SORT_BY_ALIGNMENT(.ramfunc.$SRAM_OC))
 *(SORT_BY_ALIGNMENT(.data.$RAM3))
 *(SORT_BY_ALIGNMENT(.data.$SRAM_OC))
 *(SORT_BY_ALIGNMENT(.data.$RAM3.*))
 *(SORT_BY_ALIGNMENT(.data.$SRAM_OC.*))
                0x20200000                . = ALIGN (0x4)
                [!provide]                PROVIDE (__end_data_RAM3 = .)

.data_RAM4      0x80000000        0x0 load address 0x6000d0d4
 FILL mask 0xff
                [!provide]                PROVIDE (__start_data_RAM4 = .)
 *(SORT_BY_ALIGNMENT(.ramfunc.$RAM4))
 *(SORT_BY_ALIGNMENT(.ramfunc.$BOARD_SDRAM))
 *(SORT_BY_ALIGNMENT(.data.$RAM4))
 *(SORT_BY_ALIGNMENT(.data.$BOARD_SDRAM))
 *(SORT_BY_ALIGNMENT(.data.$RAM4.*))
 *(SORT_BY_ALIGNMENT(.data.$BOARD_SDRAM.*))
                0x80000000                . = ALIGN (0x4)
                [!provide]                PROVIDE (__end_data_RAM4 = .)

.uninit_RESERVED
                0x20000000        0x0
                0x20000000                . = ALIGN (0x4)
 *(SORT_BY_ALIGNMENT(.bss.$RESERVED*))
                0x20000000                . = ALIGN (0x4)
                0x20000000                _end_uninit_RESERVED = .

.data           0x20000000        0x8 load address 0x6000d0d4
 FILL mask 0xff
                0x20000000                _data = .
 *(SORT_BY_ALIGNMENT(vtable))
 *(SORT_BY_ALIGNMENT(.ramfunc*))
 *(SORT_BY_ALIGNMENT(CodeQuickAccess))
 *(SORT_BY_ALIGNMENT(DataQuickAccess))
 *(SORT_BY_ALIGNMENT(RamFunction))
 *(SORT_BY_ALIGNMENT(NonCacheable.init))
 *(SORT_BY_ALIGNMENT(.data*))
 .data.SystemCoreClock
                0x20000000        0x4 ./device/system_MIMXRT1052.o
                0x20000000                SystemCoreClock
 .data.uxCriticalNesting
                0x20000004        0x4 ./amazon-freertos/freertos/portable/port.o
                0x20000008                . = ALIGN (0x4)
                0x20000008                _edata = .

.igot.plt       0x20000008        0x0 load address 0x6000d0dc
 .igot.plt      0x20000008        0x0 ./xip/evkbimxrt1050_flexspi_nor_config.o

.bss_RAM2       0x00000000        0x0
                0x00000000                . = ALIGN (0x4)
                [!provide]                PROVIDE (__start_bss_RAM2 = .)
 *(SORT_BY_ALIGNMENT(.bss.$RAM2))
 *(SORT_BY_ALIGNMENT(.bss.$SRAM_ITC))
 *(SORT_BY_ALIGNMENT(.bss.$RAM2.*))
 *(SORT_BY_ALIGNMENT(.bss.$SRAM_ITC.*))
                0x00000000                . = ALIGN ((. != 0x0)?0x4:0x1)
                [!provide]                PROVIDE (__end_bss_RAM2 = .)

.bss_RAM3       0x20200000        0x0
                0x20200000                . = ALIGN (0x4)
                [!provide]                PROVIDE (__start_bss_RAM3 = .)
 *(SORT_BY_ALIGNMENT(.bss.$RAM3))
 *(SORT_BY_ALIGNMENT(.bss.$SRAM_OC))
 *(SORT_BY_ALIGNMENT(.bss.$RAM3.*))
 *(SORT_BY_ALIGNMENT(.bss.$SRAM_OC.*))
                0x20200000                . = ALIGN ((. != 0x0)?0x4:0x1)
                [!provide]                PROVIDE (__end_bss_RAM3 = .)

.bss_RAM4       0x80000000        0x0
                0x80000000                . = ALIGN (0x4)
                [!provide]                PROVIDE (__start_bss_RAM4 = .)
 *(SORT_BY_ALIGNMENT(.bss.$RAM4))
 *(SORT_BY_ALIGNMENT(.bss.$BOARD_SDRAM))
 *(SORT_BY_ALIGNMENT(.bss.$RAM4.*))
 *(SORT_BY_ALIGNMENT(.bss.$BOARD_SDRAM.*))
                0x80000000                . = ALIGN ((. != 0x0)?0x4:0x1)
                [!provide]                PROVIDE (__end_bss_RAM4 = .)

.bss            0x20000008     0x52e0
                0x20000008                . = ALIGN (0x4)
                0x20000008                _bss = .
 *(SORT_BY_ALIGNMENT(NonCacheable))
 *(SORT_BY_ALIGNMENT(.bss*))
 .bss.s_debugConsoleState
                0x20000008       0x1c ./utilities/fsl_debug_console.o
 .bss.g_serialHandle
                0x20000024        0x4 ./utilities/fsl_debug_console.o
                0x20000024                g_serialHandle
 .bss.xQueue    0x20000028        0x4 ./source/freertos_lpspi.o
                0x20000028                xQueue
 .bss.MagTaskHandle
                0x2000002c        0x4 ./source/freertos_lpspi.o
                0x2000002c                MagTaskHandle
 .bss.QueTaskHandle
                0x20000030        0x4 ./source/freertos_lpspi.o
                0x20000030                QueTaskHandle
 .bss.g_xtalFreq
                0x20000034        0x4 ./drivers/fsl_clock.o
                0x20000034                g_xtalFreq
 .bss.g_rtcXtalFreq
                0x20000038        0x4 ./drivers/fsl_clock.o
                0x20000038                g_rtcXtalFreq
 .bss.s_lpspiHandle