fsl_usdhc.h:918:24:USDHC_GetPresentStatusFlags	16	static
fsl_usdhc.h:1004:20:USDHC_SetDataBusWidth	16	static
fsl_usdhc.h:1192:20:UDSHC_SelectVoltage	16	static
fsl_sd.c:317:24:SD_SendApplicationCmd	16	static
fsl_sd.c:324:24:SD_GoIdle	16	static
fsl_sd.c:331:24:SD_SetBlockSize	16	static
fsl_sd.c:338:24:SD_ExecuteTuning	16	static
fsl_sd.c:345:17:SD_SwitchVoltage	16	static
fsl_sd.c:358:17:SD_StopTransmission	64	static
fsl_sd.c:384:17:SD_Transfer	32	static
fsl_sd.c:439:17:SD_WaitWriteComplete	64	static
fsl_sd.c:472:17:SD_SendWriteSuccessBlocks	88	static
fsl_sd.c:516:17:SD_SendRca	64	static
fsl_sd.c:544:17:SD_SwitchFunction	96	static
fsl_sd.c:575:13:SD_DecodeScr	24	static
fsl_sd.c:633:17:SD_SendScr	112	static
fsl_sd.c:695:17:SD_SelectFunction	136	static
fsl_sd.c:808:17:SD_SetDataBusWidth	64	static
fsl_sd.c:846:13:SD_DecodeCsd	24	static
fsl_sd.c:947:17:SD_SendCsd	64	static
fsl_sd.c:977:13:SD_DecodeCid	24	static
fsl_sd.c:1002:17:SD_AllSendCid	64	static
fsl_sd.c:1026:17:SD_ApplicationSendOperationCondition	72	static
fsl_sd.c:1079:17:SD_SendInterfaceCondition	72	static
fsl_sd.c:1118:17:SD_SelectBusTiming	24	static
fsl_sd.c:1244:13:SD_DecodeStatus	16	static
fsl_sd.c:1263:10:SD_ReadStatus	104	static
fsl_sd.c:1331:10:SD_SelectCard	16	static
fsl_sd.c:1338:10:SD_SetDriverStrength	24	static
fsl_sd.c:1350:10:SD_SetMaxCurrent	24	static
fsl_sd.c:1362:17:SD_Read	88	static
fsl_sd.c:1406:17:SD_Write	96	static
fsl_sd.c:1478:17:SD_Erase	80	static
fsl_sd.c:1555:6:SD_CheckReadOnly	16	static
fsl_sd.c:1563:10:SD_ReadBlocks	56	static
fsl_sd.c:1619:10:SD_WriteBlocks	56	static
fsl_sd.c:1672:10:SD_EraseBlocks	48	static
fsl_sd.c:1732:10:SD_ProbeBusVoltage	24	static
fsl_sd.c:1819:10:SD_CardInit	16	static
fsl_sd.c:1894:6:SD_CardDeinit	16	static
fsl_sd.c:1901:10:SD_HostInit	16	static
fsl_sd.c:1916:6:SD_HostDeinit	16	static
fsl_sd.c:1925:6:SD_HostReset	16	static
fsl_sd.c:1930:6:SD_PowerOnCard	16	static
fsl_sd.c:1935:6:SD_PowerOffCard	16	static
fsl_sd.c:1940:10:SD_WaitCardDetectStatus	24	static
fsl_sd.c:1945:6:SD_IsCardPresent	16	static
fsl_sd.c:1950:10:SD_Init	16	static
fsl_sd.c:1976:6:SD_Deinit	16	static
