Archive member included to satisfy reference by file (symbol)

c:/nxp/mcuxpressoide_11.0.1_2563/ide/plugins/com.nxp.mcuxpresso.tools.win32_11.0.1.201907311258/tools/bin/../lib/gcc/arm-none-eabi/8.2.1/../../../../arm-none-eabi/lib/thumb/v7e-m+dp/hard\libcr_nohost_nf.a(_cr__main.o)
                              ./startup/startup_mimxrt1052.o (__main)
c:/nxp/mcuxpressoide_11.0.1_2563/ide/plugins/com.nxp.mcuxpresso.tools.win32_11.0.1.201907311258/tools/bin/../lib/gcc/arm-none-eabi/8.2.1/../../../../arm-none-eabi/lib/thumb/v7e-m+dp/hard\libcr_nohost_nf.a(_cr_assert.o)
                              ./utilities/fsl_debug_console.o (__assertion_failed)
c:/nxp/mcuxpressoide_11.0.1_2563/ide/plugins/com.nxp.mcuxpresso.tools.win32_11.0.1.201907311258/tools/bin/../lib/gcc/arm-none-eabi/8.2.1/../../../../arm-none-eabi/lib/thumb/v7e-m+dp/hard\libcr_nohost_nf.a(__ciob.o)
                              c:/nxp/mcuxpressoide_11.0.1_2563/ide/plugins/com.nxp.mcuxpresso.tools.win32_11.0.1.201907311258/tools/bin/../lib/gcc/arm-none-eabi/8.2.1/../../../../arm-none-eabi/lib/thumb/v7e-m+dp/hard\libcr_nohost_nf.a(_cr_assert.o) (__Ciob)
c:/nxp/mcuxpressoide_11.0.1_2563/ide/plugins/com.nxp.mcuxpresso.tools.win32_11.0.1.201907311258/tools/bin/../lib/gcc/arm-none-eabi/8.2.1/../../../../arm-none-eabi/lib/thumb/v7e-m+dp/hard\libcr_nohost_nf.a(__sys_appexit.o)
                              c:/nxp/mcuxpressoide_11.0.1_2563/ide/plugins/com.nxp.mcuxpresso.tools.win32_11.0.1.201907311258/tools/bin/../lib/gcc/arm-none-eabi/8.2.1/../../../../arm-none-eabi/lib/thumb/v7e-m+dp/hard\libcr_nohost_nf.a(_cr_assert.o) (__sys_appexit)
c:/nxp/mcuxpressoide_11.0.1_2563/ide/plugins/com.nxp.mcuxpresso.tools.win32_11.0.1.201907311258/tools/bin/../lib/gcc/arm-none-eabi/8.2.1/../../../../arm-none-eabi/lib/thumb/v7e-m+dp/hard\libcr_c.a(memcpy.o)
                              ./sdmmc/src/fsl_sd.o (memcpy)
c:/nxp/mcuxpressoide_11.0.1_2563/ide/plugins/com.nxp.mcuxpresso.tools.win32_11.0.1.201907311258/tools/bin/../lib/gcc/arm-none-eabi/8.2.1/../../../../arm-none-eabi/lib/thumb/v7e-m+dp/hard\libcr_c.a(memset.o)
                              ./utilities/fsl_debug_console.o (memset)
c:/nxp/mcuxpressoide_11.0.1_2563/ide/plugins/com.nxp.mcuxpresso.tools.win32_11.0.1.201907311258/tools/bin/../lib/gcc/arm-none-eabi/8.2.1/../../../../arm-none-eabi/lib/thumb/v7e-m+dp/hard\libcr_c.a(_deferredlazyseek.o)
                              c:/nxp/mcuxpressoide_11.0.1_2563/ide/plugins/com.nxp.mcuxpresso.tools.win32_11.0.1.201907311258/tools/bin/../lib/gcc/arm-none-eabi/8.2.1/../../../../arm-none-eabi/lib/thumb/v7e-m+dp/hard\libcr_nohost_nf.a(_cr_assert.o) (__flsbuf)
c:/nxp/mcuxpressoide_11.0.1_2563/ide/plugins/com.nxp.mcuxpresso.tools.win32_11.0.1.201907311258/tools/bin/../lib/gcc/arm-none-eabi/8.2.1/../../../../arm-none-eabi/lib/thumb/v7e-m+dp/hard\libcr_c.a(_fflush.o)
                              c:/nxp/mcuxpressoide_11.0.1_2563/ide/plugins/com.nxp.mcuxpresso.tools.win32_11.0.1.201907311258/tools/bin/../lib/gcc/arm-none-eabi/8.2.1/../../../../arm-none-eabi/lib/thumb/v7e-m+dp/hard\libcr_c.a(_deferredlazyseek.o) (_fflush)
c:/nxp/mcuxpressoide_11.0.1_2563/ide/plugins/com.nxp.mcuxpresso.tools.win32_11.0.1.201907311258/tools/bin/../lib/gcc/arm-none-eabi/8.2.1/../../../../arm-none-eabi/lib/thumb/v7e-m+dp/hard\libcr_c.a(_writebuf.o)
                              c:/nxp/mcuxpressoide_11.0.1_2563/ide/plugins/com.nxp.mcuxpresso.tools.win32_11.0.1.201907311258/tools/bin/../lib/gcc/arm-none-eabi/8.2.1/../../../../arm-none-eabi/lib/thumb/v7e-m+dp/hard\libcr_c.a(_deferredlazyseek.o) (_Cwritebuf)
c:/nxp/mcuxpressoide_11.0.1_2563/ide/plugins/com.nxp.mcuxpresso.tools.win32_11.0.1.201907311258/tools/bin/../lib/gcc/arm-none-eabi/8.2.1/../../../../arm-none-eabi/lib/thumb/v7e-m+dp/hard\libcr_c.a(alloc.o)
                              ./drivers/fsl_common.o (malloc)
c:/nxp/mcuxpressoide_11.0.1_2563/ide/plugins/com.nxp.mcuxpresso.tools.win32_11.0.1.201907311258/tools/bin/../lib/gcc/arm-none-eabi/8.2.1/../../../../arm-none-eabi/lib/thumb/v7e-m+dp/hard\libcr_c.a(fputs.o)
                              c:/nxp/mcuxpressoide_11.0.1_2563/ide/plugins/com.nxp.mcuxpresso.tools.win32_11.0.1.201907311258/tools/bin/../lib/gcc/arm-none-eabi/8.2.1/../../../../arm-none-eabi/lib/thumb/v7e-m+dp/hard\libcr_nohost_nf.a(_cr_assert.o) (fputs)
c:/nxp/mcuxpressoide_11.0.1_2563/ide/plugins/com.nxp.mcuxpresso.tools.win32_11.0.1.201907311258/tools/bin/../lib/gcc/arm-none-eabi/8.2.1/../../../../arm-none-eabi/lib/thumb/v7e-m+dp/hard\libcr_c.a(fseek.o)
                              c:/nxp/mcuxpressoide_11.0.1_2563/ide/plugins/com.nxp.mcuxpresso.tools.win32_11.0.1.201907311258/tools/bin/../lib/gcc/arm-none-eabi/8.2.1/../../../../arm-none-eabi/lib/thumb/v7e-m+dp/hard\libcr_c.a(_deferredlazyseek.o) (fseek)
c:/nxp/mcuxpressoide_11.0.1_2563/ide/plugins/com.nxp.mcuxpresso.tools.win32_11.0.1.201907311258/tools/bin/../lib/gcc/arm-none-eabi/8.2.1/../../../../arm-none-eabi/lib/thumb/v7e-m+dp/hard\libcr_c.a(ftell.o)
[...]
Memory Configuration

Name             Origin             Length             Attributes
BOARD_FLASH      0x60000000         0x04000000         xr
SRAM_DTC         0x20000000         0x00020000         xrw
SRAM_ITC         0x00000000         0x00020000         xrw
SRAM_OC          0x20200000         0x00040000         xrw
BOARD_SDRAM      0x80000000         0x02000000         xrw
*default*        0x00000000         0xffffffff

Linker script and memory map

LOAD ./xip/evkbimxrt1050_flexspi_nor_config.o
LOAD ./xip/evkbimxrt1050_sdram_ini_dcd.o
LOAD ./xip/fsl_flexspi_nor_boot.o
LOAD ./utilities/fsl_assert.o
LOAD ./utilities/fsl_debug_console.o
LOAD ./utilities/fsl_str.o
LOAD ./startup/startup_mimxrt1052.o
LOAD ./source/freertos_sdcard.o
LOAD ./source/semihost_hardfault.o
LOAD ./sdmmc/src/fsl_sd.o
LOAD ./sdmmc/src/fsl_sdmmc_common.o
LOAD ./sdmmc/port/fsl_sdmmc_event.o
LOAD ./sdmmc/port/fsl_sdmmc_host.o
LOAD ./drivers/fsl_cache.o
LOAD ./drivers/fsl_clock.o
LOAD ./drivers/fsl_common.o
LOAD ./drivers/fsl_gpio.o
LOAD ./drivers/fsl_lpuart.o
LOAD ./drivers/fsl_usdhc.o
LOAD ./device/system_MIMXRT1052.o
LOAD ./component/uart/lpuart_adapter.o
LOAD ./component/serial_manager/serial_manager.o
LOAD ./component/serial_manager/serial_port_uart.o
LOAD ./component/lists/generic_list.o
LOAD ./board/board.o
LOAD ./board/clock_config.o
LOAD ./board/pin_mux.o
LOAD ./amazon-freertos/freertos/portable/heap_4.o
LOAD ./amazon-freertos/freertos/portable/port.o
LOAD ./amazon-freertos/freertos/event_groups.o
LOAD ./amazon-freertos/freertos/list.o
LOAD ./amazon-freertos/freertos/queue.o
LOAD ./amazon-freertos/freertos/stream_buffer.o
LOAD ./amazon-freertos/freertos/tasks.o
LOAD ./amazon-freertos/freertos/timers.o
START GROUP
LOAD c:/nxp/mcuxpressoide_11.0.1_2563/ide/plugins/com.nxp.mcuxpresso.tools.win32_11.0.1.201907311258/tools/bin/../lib/gcc/arm-none-eabi/8.2.1/../../../../arm-none-eabi/lib/thumb/v7e-m+dp/hard\libcr_nohost_nf.a
LOAD c:/nxp/mcuxpressoide_11.0.1_2563/ide/plugins/com.nxp.mcuxpresso.tools.win32_11.0.1.201907311258/tools/bin/../lib/gcc/arm-none-eabi/8.2.1/../../../../arm-none-eabi/lib/thumb/v7e-m+dp/hard\libcr_c.a
LOAD c:/nxp/mcuxpressoide_11.0.1_2563/ide/plugins/com.nxp.mcuxpresso.tools.win32_11.0.1.201907311258/tools/bin/../lib/gcc/arm-none-eabi/8.2.1/thumb/v7e-m+dp/hard\libcr_eabihelpers.a
LOAD c:/nxp/mcuxpressoide_11.0.1_2563/ide/plugins/com.nxp.mcuxpresso.tools.win32_11.0.1.201907311258/tools/bin/../lib/gcc/arm-none-eabi/8.2.1/thumb/v7e-m+dp/hard\libgcc.a
END GROUP
                0x60000000                __base_BOARD_FLASH = 0x60000000
                0x60000000                __base_Flash = 0x60000000
                0x64000000                __top_BOARD_FLASH = 0x64000000
                0x64000000                __top_Flash = 0x64000000
                0x20000000                __base_SRAM_DTC = 0x20000000
                0x20000000                __base_RAM = 0x20000000
                0x20020000                __top_SRAM_DTC = 0x20020000
                0x20020000                __top_RAM = 0x20020000
                0x00000000                __base_SRAM_ITC = 0x0
                0x00000000                __base_RAM2 = 0x0
                0x00020000                __top_SRAM_ITC = 0x20000
                0x00020000                __top_RAM2 = 0x20000
                0x20200000                __base_SRAM_OC = 0x20200000
                0x20200000                __base_RAM3 = 0x20200000
                0x20240000                __top_SRAM_OC = 0x20240000
                0x20240000                __top_RAM3 = 0x20240000
                0x80000000                __base_BOARD_SDRAM = 0x80000000
                0x80000000                __base_RAM4 = 0x80000000
                0x82000000                __top_BOARD_SDRAM = 0x82000000
                0x82000000                __top_RAM4 = 0x82000000

.boot_hdr       0x60000000     0x2000
 FILL mask 0xff
                0x60000000                __boot_hdr_start__ = ABSOLUTE (.)
 *(SORT_BY_ALIGNMENT(.boot_hdr.conf))
 .boot_hdr.conf
                0x60000000      0x200 ./xip/evkbimxrt1050_flexspi_nor_config.o
                0x60000000                hyperflash_config
                0x00001000                . = 0x1000
 *fill*         0x60000200      0xe00 ff
 *(SORT_BY_ALIGNMENT(.boot_hdr.ivt))
 .boot_hdr.ivt  0x60001000       0x20 ./xip/fsl_flexspi_nor_boot.o
                0x60001000                image_vector_table
                0x00001020                . = 0x1020
 *(SORT_BY_ALIGNMENT(.boot_hdr.boot_data))
 .boot_hdr.boot_data
                0x60001020       0x10 ./xip/fsl_flexspi_nor_boot.o
                0x60001020                boot_data
                0x00001030                . = 0x1030
 *(SORT_BY_ALIGNMENT(.boot_hdr.dcd_data))
                0x00001030                __boot_hdr_end__ = ABSOLUTE (.)
                0x00002000                . = 0x2000
 *fill*         0x60001030      0xfd0 ff

.text           0x60002000     0xf0c4
 FILL mask 0xff
                0x60002000                __vectors_start__ = ABSOLUTE (.)
 *(SORT_BY_ALIGNMENT(.isr_vector))
 .isr_vector    0x60002000      0x2a0 ./startup/startup_mimxrt1052.o
                0x60002000                g_pfnVectors
                0x60002000                __Vectors
                0x600022a0                . = ALIGN (0x4)
                0x600022a0                __section_table_start = .
                0x600022a0                __data_section_table = .
                0x600022a0        0x4 LONG 0x600110c4 LOADADDR (.data)
                0x600022a4        0x4 LONG 0x20000000 ADDR (.data)
                0x600022a8        0x4 LONG 0x48 SIZEOF (.data)
                0x600022ac        0x4 LONG 0x600110c4 LOADADDR (.data_RAM2)
                0x600022b0        0x4 LONG 0x0 ADDR (.data_RAM2)
                0x600022b4        0x4 LONG 0x0 SIZEOF (.data_RAM2)
                0x600022b8        0x4 LONG 0x600110c4 LOADADDR (.data_RAM3)
                0x600022bc        0x4 LONG 0x20200000 ADDR (.data_RAM3)
                0x600022c0        0x4 LONG 0x0 SIZEOF (.data_RAM3)
                0x600022c4        0x4 LONG 0x600110c4 LOADADDR (.data_RAM4)
                0x600022c8        0x4 LONG 0x80000000 ADDR (.data_RAM4)
                0x600022cc        0x4 LONG 0x0 SIZEOF (.data_RAM4)
                0x600022d0                __data_section_table_end = .
                0x600022d0                __bss_section_table = .
                0x600022d0        0x4 LONG 0x20000060 ADDR (.bss)
                0x600022d4        0x4 LONG 0x9218 SIZEOF (.bss)
                0x600022d8        0x4 LONG 0x0 ADDR (.bss_RAM2)
                0x600022dc        0x4 LONG 0x0 SIZEOF (.bss_RAM2)
                0x600022e0        0x4 LONG 0x20200000 ADDR (.bss_RAM3)
                0x600022e4        0x4 LONG 0x0 SIZEOF (.bss_RAM3)
                0x600022e8        0x4 LONG 0x80000000 ADDR (.bss_RAM4)
                0x600022ec        0x4 LONG 0x0 SIZEOF (.bss_RAM4)
                0x600022f0                __bss_section_table_end = .
                0x600022f0                __section_table_end = .
 *(SORT_BY_ALIGNMENT(.after_vectors*))
 .after_vectors.reset
                0x600022f0       0x4c ./startup/startup_mimxrt1052.o
                0x600022f0                ResetISR
 .after_vectors.init_data
                0x6000233c       0x1e ./startup/startup_mimxrt1052.o
                0x6000233c                data_init
 .after_vectors.init_bss
                0x6000235a       0x12 ./startup/startup_mimxrt1052.o
                0x6000235a                bss_init
 .after_vectors
                0x6000236c        0xc ./startup/startup_mimxrt1052.o
                0x6000236c                NMI_Handler
                0x60002376                Reserved87_DriverIRQHandler
                0x60002376                KPP_DriverIRQHandler
                0x60002376                LPSPI2_DriverIRQHandler
                0x60002376                LCDIF_DriverIRQHandler
                0x60002376                SAI3_RX_DriverIRQHandler
                0x60002376                CCM_2_DriverIRQHandler
                0x60002376                PIT_DriverIRQHandler
                0x60002376                PMU_EVENT_DriverIRQHandler
                0x60002376                PWM4_FAULT_DriverIRQHandler
                0x60002376                DMA13_DMA29_DriverIRQHandler
                0x60002376                FLEXRAM_DriverIRQHandler
                0x60002376                LPSPI4_DriverIRQHandler
                0x60002376                SEMC_DriverIRQHandler
                0x60002376                SPDIF_DriverIRQHandler
                0x60002376                PWM4_3_DriverIRQHandler
                0x60002376                ACMP4_DriverIRQHandler
                0x60002376                USB_PHY1_DriverIRQHandler
                0x60002376                GPIO3_Combined_0_15_DriverIRQHandler
                0x60002376                DMA7_DMA23_DriverIRQHandler
                0x60002376                BEE_DriverIRQHandler
                0x60002376                LPI2C3_DriverIRQHandler
                0x60002376                GPR_IRQ_DriverIRQHandler
                0x60002376                PWM2_FAULT_DriverIRQHandler
                0x60002376                PWM3_1_DriverIRQHandler
                0x60002376                DMA14_DMA30_DriverIRQHandler
                0x60002376                TMR1_DriverIRQHandler
                0x60002376                TRNG_DriverIRQHandler
                0x60002376                PWM3_2_DriverIRQHandler
                0x60002376                ENET_1588_Timer_DriverIRQHandler
                0x60002376                FLEXIO2_DriverIRQHandler
                0x60002376                GPIO2_Combined_16_31_DriverIRQHandler
                0x60002376                Reserved143_DriverIRQHandler
                0x60002376                PWM4_1_DriverIRQHandler
                0x60002376                PWM3_3_DriverIRQHandler
                0x60002376                DMA0_DMA16_DriverIRQHandler
                0x60002376                IntDefaultHandler
                0x60002376                DMA2_DMA18_DriverIRQHandler
                0x60002376                SRC_DriverIRQHandler
                0x60002376                GPIO1_INT4_DriverIRQHandler
                0x60002376                Reserved144_DriverIRQHandler
                0x60002376                ENC3_DriverIRQHandler
                0x60002376                PWM3_FAULT_DriverIRQHandler
                0x60002376                EWM_DriverIRQHandler
                0x60002376                TSC_DIG_DriverIRQHandler
                0x60002376                WDOG1_DriverIRQHandler
                0x60002376                FLEXIO1_DriverIRQHandler
                0x60002376                ENET_DriverIRQHandler
                0x60002376                Reserved78_DriverIRQHandler
                0x60002376                TMR4_DriverIRQHandler
                0x60002376                ENC2_DriverIRQHandler
                0x60002376                ADC_ETC_IRQ2_DriverIRQHandler
                0x60002376                GPIO1_Combined_16_31_DriverIRQHandler
                0x60002376                GPIO1_INT7_DriverIRQHandler
                0x60002376                SAI1_DriverIRQHandler
                0x60002376                DCDC_DriverIRQHandler
                0x60002376                DMA12_DMA28_DriverIRQHandler
                0x60002376                PWM4_0_DriverIRQHandler
                0x60002376                ADC_ETC_ERROR_IRQ_DriverIRQHandler
                0x60002376                ACMP2_DriverIRQHandler
                0x60002376                GPIO5_Combined_0_15_DriverIRQHandler
                0x60002376                GPIO1_INT0_DriverIRQHandler
                0x60002376                GPIO1_INT2_DriverIRQHandler
                0x60002376                RTWDOG_DriverIRQHandler
                0x60002376                FLEXSPI_DriverIRQHandler
                0x60002376                GPT2_DriverIRQHandler
                0x60002376                USB_PHY2_DriverIRQHandler
                0x60002376                DMA10_DMA26_DriverIRQHandler
                0x60002376                PWM2_1_DriverIRQHandler
                0x60002376                PWM1_1_DriverIRQHandler
                0x60002376                PXP_DriverIRQHandler
                0x60002376                ADC1_DriverIRQHandler
                0x60002376                PWM1_0_DriverIRQHandler
                0x60002376                SJC_DriverIRQHandler
                0x60002376                DMA1_DMA17_DriverIRQHandler
                0x60002376                ENC1_DriverIRQHandler
                0x60002376                ENC4_DriverIRQHandler
                0x60002376                CAN2_DriverIRQHandler
                0x60002376                DCP_DriverIRQHandler
                0x60002376                CTI0_ERROR_DriverIRQHandler
                0x60002376                DMA8_DMA24_DriverIRQHandler
                0x60002376                GPT1_DriverIRQHandler
                0x60002376                ACMP3_DriverIRQHandler
                0x60002376                DMA6_DMA22_DriverIRQHandler
                0x60002376                CSU_DriverIRQHandler
                0x60002376                GPIO1_INT5_DriverIRQHandler
                0x60002376                TMR3_DriverIRQHandler
                0x60002376                TMR2_DriverIRQHandler
                0x60002376                CTI1_ERROR_DriverIRQHandler
                0x60002376                GPIO1_Combined_0_15_DriverIRQHandler
                0x60002376                PWM4_2_DriverIRQHandler
                0x60002376                SAI2_DriverIRQHandler
                0x60002376                CORE_DriverIRQHandler
                0x60002376                DMA11_DMA27_DriverIRQHandler
                0x60002376                CSI_DriverIRQHandler
                0x60002376                PWM2_3_DriverIRQHandler
                0x60002376                XBAR1_IRQ_2_3_DriverIRQHandler
                0x60002376                SNVS_HP_WRAPPER_TZ_DriverIRQHandler
                0x60002376                GPIO3_Combined_16_31_DriverIRQHandler
                0x60002376                PWM1_FAULT_DriverIRQHandler
                0x60002376                LPI2C1_DriverIRQHandler
                0x60002376                PWM2_2_DriverIRQHandler
                0x60002376                DMA4_DMA20_DriverIRQHandler
                0x60002376                DMA9_DMA25_DriverIRQHandler
                0x60002376                SNVS_HP_WRAPPER_DriverIRQHandler
                0x60002376                XBAR1_IRQ_0_1_DriverIRQHandler
                0x60002376                ADC_ETC_IRQ1_DriverIRQHandler
                0x60002376                LPSPI1_DriverIRQHandler
                0x60002376                DMA3_DMA19_DriverIRQHandler
                0x60002376                GPIO1_INT3_DriverIRQHandler
                0x60002376                DCP_VMI_DriverIRQHandler
                0x60002376                LPI2C4_DriverIRQHandler
                0x60002376                GPC_DriverIRQHandler
                0x60002376                Reserved123_DriverIRQHandler
                0x60002376                GPIO2_Combined_0_15_DriverIRQHandler
                0x60002376                PWM1_2_DriverIRQHandler
                0x60002376                USB_OTG1_DriverIRQHandler
                0x60002376                TEMP_LOW_HIGH_DriverIRQHandler
                0x60002376                SAI3_TX_DriverIRQHandler
                0x60002376                WDOG2_DriverIRQHandler
                0x60002376                Reserved68_DriverIRQHandler
                0x60002376                PWM3_0_DriverIRQHandler
                0x60002376                GPIO4_Combined_0_15_DriverIRQHandler
                0x60002376                GPIO4_Combined_16_31_DriverIRQHandler
                0x60002376                GPIO5_Combined_16_31_DriverIRQHandler
                0x60002376                DMA5_DMA21_DriverIRQHandler
                0x60002376                CCM_1_DriverIRQHandler
                0x60002376                ADC2_DriverIRQHandler
                0x60002376                Reserved115_DriverIRQHandler
                0x60002376                TEMP_PANIC_DriverIRQHandler
                0x60002376                DMA15_DMA31_DriverIRQHandler
                0x60002376                LPSPI3_DriverIRQHandler
                0x60002376                PWM1_3_DriverIRQHandler
                0x60002376                ACMP1_DriverIRQHandler
                0x60002376                LPI2C2_DriverIRQHandler
                0x60002376                Reserved86_DriverIRQHandler
                0x60002376                DMA_ERROR_DriverIRQHandler
                0x60002376                ADC_ETC_IRQ0_DriverIRQHandler
                0x60002376                CAN1_DriverIRQHandler
                0x60002376                GPIO1_INT6_DriverIRQHandler
                0x60002376                GPIO1_INT1_DriverIRQHandler
                0x60002376                PWM2_0_DriverIRQHandler
                0x60002376                SNVS_LP_WRAPPER_DriverIRQHandler
                0x60002376                USB_OTG2_DriverIRQHandler
 *(SORT_BY_ALIGNMENT(.text*))
 *fill*         0x60002378        0x8 ff
 .text.SVC_Handler
                0x60002380       0x28 ./amazon-freertos/freertos/portable/port.o
                0x60002380                SVC_Handler
 *fill*         0x600023a8        0x8 ff
 .text.PendSV_Handler
                0x600023b0       0x68 ./amazon-freertos/freertos/portable/port.o
                0x600023b0                PendSV_Handler
 .text.DbgConsole_ReadOneCharacter
                0x60002418       0x34 ./utilities/fsl_debug_console.o
                0x60002418                DbgConsole_ReadOneCharacter
 .text.DbgConsole_SendDataReliable
                0x6000244c       0x58 ./utilities/fsl_debug_console.o
                0x6000244c                DbgConsole_SendDataReliable
 .text.DbgConsole_ReadCharacter
                0x600024a4       0x3c ./utilities/fsl_debug_console.o
                0x600024a4                DbgConsole_ReadCharacter
 .text.DbgConsole_Init
                0x600024e0      0x104 ./utilities/fsl_debug_console.o
                0x600024e0                DbgConsole_Init
 .text.DbgConsole_Printf
                0x600025e4       0x74 ./utilities/fsl_debug_console.o
                0x600025e4                DbgConsole_Printf
 .text.__NVIC_SetPriority
                0x60002658       0x54 ./source/freertos_sdcard.o
 .text.CLOCK_SetMux
                0x600026ac       0x9c ./source/freertos_sdcard.o
 .text.CLOCK_SetDiv
                0x60002748       0x9c ./source/freertos_sdcard.o
 .text.CLOCK_GetDiv
                0x600027e4       0x44 ./source/freertos_sdcard.o
 .text.BOARD_USDHCClockConfiguration
                0x60002828       0x34 ./source/freertos_sdcard.o
 .text.BOARD_PowerOnSDCARD
                0x6000285c       0x18 ./source/freertos_sdcard.o
                0x6000285c                BOARD_PowerOnSDCARD
 .text.SDCARD_DetectCallBack
                0x60002874       0x30 ./source/freertos_sdcard.o
 .text.CardDetectTask
                0x600028a4      0x148 ./source/freertos_sdcard.o
 .text.AccessCardTask
                0x600029ec       0xc0 ./source/freertos_sdcard.o
 .text.main     0x60002aac       0x8c ./source/freertos_sdcard.o
                0x60002aac                main
 .text.SDCARD_ReadWrite
                0x60002b38      0x1b0 ./source/freertos_sdcard.o
 .text.SD_SendApplicationCmd
                0x60002ce8       0x34 ./sdmmc/src/fsl_sd.o
 .text.SD_GoIdle
                0x60002d1c       0x34 ./sdmmc/src/fsl_sd.o
 .text.SD_SetBlockSize
                0x60002d50       0x34 ./sdmmc/src/fsl_sd.o
 .text.SD_ExecuteTuning
                0x60002d84       0x34 ./sdmmc/src/fsl_sd.o
 .text.SD_SwitchVoltage
                0x60002db8       0x5c ./sdmmc/src/fsl_sd.o
 .text.SD_StopTransmission
                0x60002e14       0x80 ./sdmmc/src/fsl_sd.o
 .text.SD_Transfer
                0x60002e94       0x74 ./sdmmc/src/fsl_sd.o
 .text.SD_WaitWriteComplete
                0x60002f08       0x8c ./sdmmc/src/fsl_sd.o
 .text.SD_SendWriteSuccessBlocks
                0x60002f94       0xe0 ./sdmmc/src/fsl_sd.o
 .text.SD_SendRca
                0x60003074       0x74 ./sdmmc/src/fsl_sd.o
 .text.SD_SwitchFunction
                0x600030e8       0xc8 ./sdmmc/src/fsl_sd.o
 .text.SD_DecodeScr
                0x600031b0      0x174 ./sdmmc/src/fsl_sd.o
 .text.SD_SendScr
                0x60003324      0x144 ./sdmmc/src/fsl_sd.o
 .text.SD_SelectFunction
                0x60003468      0x2a8 ./sdmmc/src/fsl_sd.o
 .text.SD_SetDataBusWidth
                0x60003710       0xa0 ./sdmmc/src/fsl_sd.o
 .text.SD_DecodeCsd
                0x600037b0      0x374 ./sdmmc/src/fsl_sd.o
 .text.SD_SendCsd
                0x60003b24       0x9c ./sdmmc/src/fsl_sd.o
 .text.SD_DecodeCid
                0x60003bc0       0xd4 ./sdmmc/src/fsl_sd.o
 .text.SD_AllSendCid
                0x60003c94       0x90 ./sdmmc/src/fsl_sd.o
 .text.SD_ApplicationSendOperationCondition
                0x60003d24       0xd4 ./sdmmc/src/fsl_sd.o
 .text.SD_SendInterfaceCondition
                0x60003df8       0x98 ./sdmmc/src/fsl_sd.o
 .text.SD_SelectBusTiming
                0x60003e90      0x1e0 ./sdmmc/src/fsl_sd.o
 .text.SD_DecodeStatus
                0x60004070      0x114 ./sdmmc/src/fsl_sd.o
 .text.SD_ReadStatus
                0x60004184      0x154 ./sdmmc/src/fsl_sd.o
                0x60004184                SD_ReadStatus
 .text.SD_SelectCard
                0x600042d8       0x38 ./sdmmc/src/fsl_sd.o
                0x600042d8                SD_SelectCard
 .text.SD_Read  0x60004310      0x130 ./sdmmc/src/fsl_sd.o
 .text.SD_Write
                0x60004440      0x170 ./sdmmc/src/fsl_sd.o
 .text.SD_Erase
                0x600045b0      0x140 ./sdmmc/src/fsl_sd.o
 .text.SD_CheckReadOnly
                0x600046f0       0x48 ./sdmmc/src/fsl_sd.o
                0x600046f0                SD_CheckReadOnly
 .text.SD_ReadBlocks
                0x60004738      0x14c ./sdmmc/src/fsl_sd.o
                0x60004738                SD_ReadBlocks
 .text.SD_WriteBlocks
                0x60004884      0x148 ./sdmmc/src/fsl_sd.o
                0x60004884                SD_WriteBlocks
 .text.SD_EraseBlocks
                0x600049cc       0xe8 ./sdmmc/src/fsl_sd.o
                0x600049cc                SD_EraseBlocks
 .text.SD_ProbeBusVoltage
                0x60004ab4      0x118 ./sdmmc/src/fsl_sd.o
                0x60004ab4                SD_ProbeBusVoltage
 .text.SD_CardInit
                0x60004bcc      0x170 ./sdmmc/src/fsl_sd.o
                0x60004bcc                SD_CardInit
 .text.SD_CardDeinit
                0x60004d3c       0x28 ./sdmmc/src/fsl_sd.o
                0x60004d3c                SD_CardDeinit
 .text.SD_HostInit
                0x60004d64       0x54 ./sdmmc/src/fsl_sd.o
                0x60004d64                SD_HostInit
 .text.SD_HostDeinit
                0x60004db8       0x30 ./sdmmc/src/fsl_sd.o
                0x60004db8                SD_HostDeinit
 .text.SDMMC_SelectCard
                0x60004de8       0x90 ./sdmmc/src/fsl_sdmmc_common.o
                0x60004de8                SDMMC_SelectCard
 .text.SDMMC_SendApplicationCommand
                0x60004e78       0x8c ./sdmmc/src/fsl_sdmmc_common.o
                0x60004e78                SDMMC_SendApplicationCommand
 .text.SDMMC_GoIdle
                0x60004f04       0x64 ./sdmmc/src/fsl_sdmmc_common.o
                0x60004f04                SDMMC_GoIdle
 .text.SDMMC_SetBlockSize
                0x60004f68       0x7c ./sdmmc/src/fsl_sdmmc_common.o
                0x60004f68                SDMMC_SetBlockSize
 .text.SDMMC_SwitchToVoltage
                0x60004fe4      0x108 ./sdmmc/src/fsl_sdmmc_common.o
                0x60004fe4                SDMMC_SwitchToVoltage
 .text.SDMMCEVENT_GetInstance
                0x600050ec       0x40 ./sdmmc/port/fsl_sdmmc_event.o
 .text.SDMMCEVENT_Wait
                0x6000512c       0x78 ./sdmmc/port/fsl_sdmmc_event.o
                0x6000512c                SDMMCEVENT_Wait
 .text.SDMMCEVENT_Notify
                0x600051a4       0x70 ./sdmmc/port/fsl_sdmmc_event.o
                0x600051a4                SDMMCEVENT_Notify
 .text.SDMMCEVENT_Delay
                0x60005214       0x2c ./sdmmc/port/fsl_sdmmc_event.o
                0x60005214                SDMMCEVENT_Delay
 .text.__NVIC_EnableIRQ
                0x60005240       0x3c ./sdmmc/port/fsl_sdmmc_host.o
 .text.__NVIC_SetPriority
                0x6000527c       0x54 ./sdmmc/port/fsl_sdmmc_host.o
 .text.GPIO_PinRead
                0x600052d0       0x30 ./sdmmc/port/fsl_sdmmc_host.o
 .text.SDMMCHOST_NofiyCardInsertStatus
                0x60005300       0x6c ./sdmmc/port/fsl_sdmmc_host.o
 .text.SDMMCHOST_DetectCardInsertByHost
                0x6000536c       0x4c ./sdmmc/port/fsl_sdmmc_host.o
 .text.SDMMCHOST_DetectCardRemoveByHost
                0x600053b8       0x48 ./sdmmc/port/fsl_sdmmc_host.o
 .text.SDMMCHOST_TransferCompleteCallback
                0x60005400       0x44 ./sdmmc/port/fsl_sdmmc_host.o
 .text.SDMMCHOST_ReTuningCallback
                0x60005444       0x24 ./sdmmc/port/fsl_sdmmc_host.o
 .text.SDMMCHOST_TransferFunction
                0x60005468       0xc8 ./sdmmc/port/fsl_sdmmc_host.o
 .text.SDMMCHOST_CardDetectInit
                0x60005530       0xe0 ./sdmmc/port/fsl_sdmmc_host.o
 .text.SDMMCHOST_CardDetectDeinit
                0x60005610       0x18 ./sdmmc/port/fsl_sdmmc_host.o
 .text.GPIO2_Combined_16_31_IRQHandler
                0x60005628       0x54 ./sdmmc/port/fsl_sdmmc_host.o
                0x60005628                GPIO2_Combined_16_31_IRQHandler
 .text.SDMMCHOST_IsCardPresent
                0x6000567c       0x18 ./sdmmc/port/fsl_sdmmc_host.o
                0x6000567c                SDMMCHOST_IsCardPresent
 .text.SDMMCHOST_PowerOffCard
                0x60005694       0x40 ./sdmmc/port/fsl_sdmmc_host.o
                0x60005694                SDMMCHOST_PowerOffCard
 .text.SDMMCHOST_PowerOnCard
                0x600056d4       0x40 ./sdmmc/port/fsl_sdmmc_host.o
                0x600056d4                SDMMCHOST_PowerOnCard
 .text.SDMMCHOST_Init
                0x60005714      0x100 ./sdmmc/port/fsl_sdmmc_host.o
                0x60005714                SDMMCHOST_Init
 .text.SCB_CleanDCache_by_Addr
                0x60005814       0x54 ./drivers/fsl_cache.o
 .text.SCB_CleanInvalidateDCache_by_Addr
                0x60005868       0x54 ./drivers/fsl_cache.o
 .text.CLOCK_GetOscFreq
                0x600058bc       0x30 ./drivers/fsl_clock.o
 .text.CLOCK_InitExternalClk
                0x600058ec       0x6c ./drivers/fsl_clock.o
                0x600058ec                CLOCK_InitExternalClk
 .text.CLOCK_SwitchOsc
                0x60005958       0x34 ./drivers/fsl_clock.o
                0x60005958                CLOCK_SwitchOsc
 .text.CLOCK_InitRcOsc24M
                0x6000598c       0x24 ./drivers/fsl_clock.o
                0x6000598c                CLOCK_InitRcOsc24M
 .text.CLOCK_InitArmPll
                0x600059b0       0x68 ./drivers/fsl_clock.o
                0x600059b0                CLOCK_InitArmPll
 .text.CLOCK_InitSysPll
                0x60005a18       0x9c ./drivers/fsl_clock.o
                0x60005a18                CLOCK_InitSysPll
 .text.CLOCK_DeinitUsb2Pll
                0x60005ab4       0x18 ./drivers/fsl_clock.o
                0x60005ab4                CLOCK_DeinitUsb2Pll
 .text.CLOCK_DeinitAudioPll
                0x60005acc       0x1c ./drivers/fsl_clock.o
                0x60005acc                CLOCK_DeinitAudioPll
 .text.CLOCK_DeinitVideoPll
                0x60005ae8       0x1c ./drivers/fsl_clock.o
                0x60005ae8                CLOCK_DeinitVideoPll
 .text.CLOCK_DeinitEnetPll
                0x60005b04       0x1c ./drivers/fsl_clock.o
                0x60005b04                CLOCK_DeinitEnetPll
 .text.CLOCK_GetPllFreq
                0x60005b20      0x300 ./drivers/fsl_clock.o
                0x60005b20                CLOCK_GetPllFreq
 .text.CLOCK_InitSysPfd
                0x60005e20       0x64 ./drivers/fsl_clock.o
                0x60005e20                CLOCK_InitSysPfd
 .text.CLOCK_GetSysPfdFreq
                0x60005e84       0xac ./drivers/fsl_clock.o
                0x60005e84                CLOCK_GetSysPfdFreq
 .text.CLOCK_ControlGate
                0x60005f30       0x64 ./drivers/fsl_gpio.o
 .text.GPIO_GetInstance
                0x60005f94       0x4c ./drivers/fsl_gpio.o
 .text.GPIO_PinInit
                0x60005fe0       0xa4 ./drivers/fsl_gpio.o
                0x60005fe0                GPIO_PinInit
 .text.GPIO_PinWrite
                0x60006084       0x54 ./drivers/fsl_gpio.o
                0x60006084                GPIO_PinWrite
 .text.GPIO_PinSetInterruptConfig
                0x600060d8       0xfc ./drivers/fsl_gpio.o
                0x600060d8                GPIO_PinSetInterruptConfig
 .text.CLOCK_ControlGate
                0x600061d4       0x64 ./drivers/fsl_lpuart.o
 .text.LPUART_GetInstance
                0x60006238       0x4c ./drivers/fsl_lpuart.o
                0x60006238                LPUART_GetInstance
 .text.LPUART_Init
                0x60006284      0x300 ./drivers/fsl_lpuart.o
                0x60006284                LPUART_Init
 .text.LPUART_GetDefaultConfig
                0x60006584       0x88 ./drivers/fsl_lpuart.o
                0x60006584                LPUART_GetDefaultConfig
 .text.LPUART_ClearStatusFlags
                0x6000660c       0xa4 ./drivers/fsl_lpuart.o
                0x6000660c                LPUART_ClearStatusFlags
 .text.LPUART_WriteBlocking
                0x600066b0       0x58 ./drivers/fsl_lpuart.o
                0x600066b0                LPUART_WriteBlocking
 .text.LPUART_ReadBlocking
                0x60006708      0x148 ./drivers/fsl_lpuart.o
                0x60006708                LPUART_ReadBlocking
 .text.LPUART1_DriverIRQHandler
                0x60006850       0x24 ./drivers/fsl_lpuart.o
                0x60006850                LPUART1_DriverIRQHandler
 .text.LPUART2_DriverIRQHandler
                0x60006874       0x24 ./drivers/fsl_lpuart.o
                0x60006874                LPUART2_DriverIRQHandler
 .text.LPUART3_DriverIRQHandler
                0x60006898       0x24 ./drivers/fsl_lpuart.o
                0x60006898                LPUART3_DriverIRQHandler
 .text.LPUART4_DriverIRQHandler
                0x600068bc       0x24 ./drivers/fsl_lpuart.o
                0x600068bc                LPUART4_DriverIRQHandler
 .text.LPUART5_DriverIRQHandler
                0x600068e0       0x24 ./drivers/fsl_lpuart.o
                0x600068e0                LPUART5_DriverIRQHandler
 .text.LPUART6_DriverIRQHandler
                0x60006904       0x24 ./drivers/fsl_lpuart.o
                0x60006904                LPUART6_DriverIRQHandler
 .text.LPUART7_DriverIRQHandler
                0x60006928       0x24 ./drivers/fsl_lpuart.o
                0x60006928                LPUART7_DriverIRQHandler
 .text.LPUART8_DriverIRQHandler
                0x6000694c       0x24 ./drivers/fsl_lpuart.o
                0x6000694c                LPUART8_DriverIRQHandler
 .text.__NVIC_EnableIRQ
                0x60006970       0x3c ./drivers/fsl_usdhc.o
 .text.__NVIC_DisableIRQ
                0x600069ac       0x44 ./drivers/fsl_usdhc.o
 .text.CLOCK_ControlGate
                0x600069f0       0x64 ./drivers/fsl_usdhc.o
 .text.USDHC_GetInstance
                0x60006a54       0x48 ./drivers/fsl_usdhc.o
 .text.USDHC_SetTransferInterrupt
                0x60006a9c       0x60 ./drivers/fsl_usdhc.o
 .text.USDHC_ReceiveCommandResponse
                0x60006afc       0xc0 ./drivers/fsl_usdhc.o
 .text.USDHC_SendCommand
                0x60006bbc       0xf8 ./drivers/fsl_usdhc.o
                0x60006bbc                USDHC_SendCommand
 .text.USDHC_Init
                0x60006cb4      0x12c ./drivers/fsl_usdhc.o
                0x60006cb4                USDHC_Init
 .text.USDHC_Deinit
                0x60006de0       0x28 ./drivers/fsl_usdhc.o
                0x60006de0                USDHC_Deinit
 .text.USDHC_GetCapability
                0x60006e08       0x8c ./drivers/fsl_usdhc.o
                0x60006e08                USDHC_GetCapability
 .text.USDHC_SetSdClock
                0x60006e94      0x1a8 ./drivers/fsl_usdhc.o
                0x60006e94                USDHC_SetSdClock
 .text.USDHC_SetADMA1Descriptor
                0x6000703c      0x184 ./drivers/fsl_usdhc.o
                0x6000703c                USDHC_SetADMA1Descriptor
 .text.USDHC_SetADMA2Descriptor
                0x600071c0      0x1e0 ./drivers/fsl_usdhc.o
                0x600071c0                USDHC_SetADMA2Descriptor
 .text.USDHC_SetInternalDmaConfig
                0x600073a0       0xd0 ./drivers/fsl_usdhc.o
                0x600073a0                USDHC_SetInternalDmaConfig
 .text.USDHC_SetAdmaTableConfig
                0x60007470      0x10c ./drivers/fsl_usdhc.o
                0x60007470                USDHC_SetAdmaTableConfig
 .text.USDHC_TransferNonBlocking
                0x6000757c      0x144 ./drivers/fsl_usdhc.o
                0x6000757c                USDHC_TransferNonBlocking
 .text.USDHC_EnableStandardTuning
                0x600076c0       0x90 ./drivers/fsl_usdhc.o
                0x600076c0                USDHC_EnableStandardTuning
 .text.USDHC_TransferHandleCommand
                0x60007750       0xa4 ./drivers/fsl_usdhc.o
 .text.USDHC_TransferHandleData
                0x600077f4      0x110 ./drivers/fsl_usdhc.o
 .text.USDHC_TransferHandleReTuning
                0x60007904       0x40 ./drivers/fsl_usdhc.o
 .text.USDHC_TransferCreateHandle
                0x60007944       0xb8 ./drivers/fsl_usdhc.o
                0x60007944                USDHC_TransferCreateHandle
 .text.USDHC_TransferHandleIRQ
                0x600079fc       0xcc ./drivers/fsl_usdhc.o
                0x600079fc                USDHC_TransferHandleIRQ
 .text.USDHC1_DriverIRQHandler
                0x60007ac8       0x24 ./drivers/fsl_usdhc.o
                0x60007ac8                USDHC1_DriverIRQHandler
 .text.USDHC2_DriverIRQHandler
                0x60007aec       0x24 ./drivers/fsl_usdhc.o
                0x60007aec                USDHC2_DriverIRQHandler
 .text.SCB_EnableICache
                0x60007b10       0x40 ./device/system_MIMXRT1052.o
 .text.SCB_EnableDCache
                0x60007b50       0x80 ./device/system_MIMXRT1052.o
 .text.SystemInit
                0x60007bd0       0xf4 ./device/system_MIMXRT1052.o
                0x60007bd0                SystemInit
 .text.HAL_UartInit
                0x60007cc4      0x100 ./component/uart/lpuart_adapter.o
                0x60007cc4                HAL_UartInit
 .text.HAL_UartReceiveBlocking
                0x60007dc4       0x6c ./component/uart/lpuart_adapter.o
                0x60007dc4                HAL_UartReceiveBlocking
 .text.HAL_UartSendBlocking
                0x60007e30       0x64 ./component/uart/lpuart_adapter.o
                0x60007e30                HAL_UartSendBlocking
 .text.SerialManager_Write
                0x60007e94       0x6c ./component/serial_manager/serial_manager.o
 .text.SerialManager_Read
                0x60007f00       0x6c ./component/serial_manager/serial_manager.o
 .text.SerialManager_Init
                0x60007f6c       0x74 ./component/serial_manager/serial_manager.o
                0x60007f6c                SerialManager_Init
 .text.SerialManager_OpenWriteHandle
                0x60007fe0       0x58 ./component/serial_manager/serial_manager.o
                0x60007fe0                SerialManager_OpenWriteHandle
 .text.SerialManager_OpenReadHandle
                0x60008038       0x60 ./component/serial_manager/serial_manager.o
                0x60008038                SerialManager_OpenReadHandle
 .text.Serial_UartInit
                0x60008098       0x80 ./component/serial_manager/serial_port_uart.o
                0x60008098                Serial_UartInit
 .text.Serial_UartWrite
                0x60008118       0x58 ./component/serial_manager/serial_port_uart.o
                0x60008118                Serial_UartWrite
 .text.Serial_UartRead
                0x60008170       0x58 ./component/serial_manager/serial_port_uart.o
                0x60008170                Serial_UartRead
 .text.ARM_MPU_Enable
                0x600081c8       0x3c ./board/board.o
 .text.ARM_MPU_Disable
                0x60008204       0x38 ./board/board.o
 .text.SCB_EnableICache
                0x6000823c       0x40 ./board/board.o
 .text.SCB_DisableICache
                0x6000827c       0x38 ./board/board.o
 .text.SCB_EnableDCache
                0x600082b4       0x80 ./board/board.o
 .text.SCB_DisableDCache
                0x60008334       0x68 ./board/board.o
 .text.CLOCK_GetMux
                0x6000839c       0x44 ./board/board.o
 .text.CLOCK_GetDiv
                0x600083e0       0x44 ./board/board.o
 .text.CLOCK_GetOscFreq
                0x60008424       0x30 ./board/board.o
 .text.BOARD_DebugConsoleSrcFreq
                0x60008454       0x64 ./board/board.o
                0x60008454                BOARD_DebugConsoleSrcFreq
 .text.BOARD_SD_Pin_Config
                0x600084b8      0x12c ./board/board.o
                0x600084b8                BOARD_SD_Pin_Config
 .text.BOARD_ConfigMPU
                0x600085e4       0xec ./board/board.o
                0x600085e4                BOARD_ConfigMPU
 .text.CLOCK_SetMux
                0x600086d0       0x9c ./board/clock_config.o
 .text.CLOCK_SetDiv
                0x6000876c       0x9c ./board/clock_config.o
 .text.CLOCK_ControlGate
                0x60008808       0x64 ./board/clock_config.o
 .text.CLOCK_SetXtalFreq
                0x6000886c       0x20 ./board/clock_config.o
 .text.CLOCK_SetRtcXtalFreq
                0x6000888c       0x20 ./board/clock_config.o
 .text.IOMUXC_EnableMode
                0x600088ac       0x48 ./board/clock_config.o
 .text.IOMUXC_MQSConfig
                0x600088f4       0x44 ./board/clock_config.o
 .text.BOARD_BootClockRUN
                0x60008938      0x62c ./board/clock_config.o
                0x60008938                BOARD_BootClockRUN
 .text.CLOCK_ControlGate
                0x60008f64       0x64 ./board/pin_mux.o
 .text.BOARD_InitPins
                0x60008fc8      0x238 ./board/pin_mux.o
                0x60008fc8                BOARD_InitPins
 .text.pvPortMalloc
                0x60009200      0x184 ./amazon-freertos/freertos/portable/heap_4.o
                0x60009200                pvPortMalloc
 .text.vPortFree
                0x60009384       0xb0 ./amazon-freertos/freertos/portable/heap_4.o
                0x60009384                vPortFree
 .text.prvHeapInit
                0x60009434       0xc4 ./amazon-freertos/freertos/portable/heap_4.o
 .text.prvInsertBlockIntoFreeList
                0x600094f8       0xb4 ./amazon-freertos/freertos/portable/heap_4.o
 .text.pxPortInitialiseStack
                0x600095ac       0x68 ./amazon-freertos/freertos/portable/port.o
                0x600095ac                pxPortInitialiseStack
 .text.prvTaskExitError
                0x60009614       0x54 ./amazon-freertos/freertos/portable/port.o
 .text.prvPortStartFirstTask
                0x60009668       0x28 ./amazon-freertos/freertos/portable/port.o
 .text.xPortStartScheduler
                0x60009690      0x13c ./amazon-freertos/freertos/portable/port.o
                0x60009690                xPortStartScheduler
 .text.vPortEnterCritical
                0x600097cc       0x5c ./amazon-freertos/freertos/portable/port.o
                0x600097cc                vPortEnterCritical
 .text.vPortExitCritical
                0x60009828       0x50 ./amazon-freertos/freertos/portable/port.o
                0x60009828                vPortExitCritical
 .text.SysTick_Handler
                0x60009878       0x40 ./amazon-freertos/freertos/portable/port.o
                0x60009878                SysTick_Handler
 .text.vPortSetupTimerInterrupt
                0x600098b8       0x48 ./amazon-freertos/freertos/portable/port.o
                0x600098b8                vPortSetupTimerInterrupt
 .text.vPortEnableVFP
                0x60009900       0x14 ./amazon-freertos/freertos/portable/port.o
 .text.vPortValidateInterruptPriority
                0x60009914       0x7c ./amazon-freertos/freertos/portable/port.o
                0x60009914                vPortValidateInterruptPriority
 .text.xQueueGenericReset
                0x60009990       0xd0 ./amazon-freertos/freertos/queue.o
                0x60009990                xQueueGenericReset
 .text.xQueueGenericSend
                0x60009a60      0x1f4 ./amazon-freertos/freertos/queue.o
                0x60009a60                xQueueGenericSend
 .text.xQueueReceive
                0x60009c54      0x1b8 ./amazon-freertos/freertos/queue.o
                0x60009c54                xQueueReceive
 .text.xQueueSemaphoreTake
                0x60009e0c      0x214 ./amazon-freertos/freertos/queue.o
                0x60009e0c                xQueueSemaphoreTake
 .text.vQueueAddToRegistry
                0x6000a020       0x50 ./amazon-freertos/freertos/queue.o
                0x6000a020                vQueueAddToRegistry
 .text.vQueueUnregisterQueue
                0x6000a070       0x54 ./amazon-freertos/freertos/queue.o
                0x6000a070                vQueueUnregisterQueue
 .text.prvAddNewTaskToReadyList
                0x6000a0c4       0xdc ./amazon-freertos/freertos/tasks.o
 .text.vTaskDelay
                0x6000a1a0       0x68 ./amazon-freertos/freertos/tasks.o
                0x6000a1a0                vTaskDelay
 .text.vTaskSuspend
                0x6000a208      0x124 ./amazon-freertos/freertos/tasks.o
                0x6000a208                vTaskSuspend
 .text.vTaskStartScheduler
                0x6000a32c       0x98 ./amazon-freertos/freertos/tasks.o
                0x6000a32c                vTaskStartScheduler
 .text.vTaskSuspendAll
                0x6000a3c4       0x1c ./amazon-freertos/freertos/tasks.o
                0x6000a3c4                vTaskSuspendAll
 .text.xTaskResumeAll
                0x6000a3e0      0x138 ./amazon-freertos/freertos/tasks.o
                0x6000a3e0                xTaskResumeAll
 .text.xTaskGetTickCount
                0x6000a518       0x20 ./amazon-freertos/freertos/tasks.o
                0x6000a518                xTaskGetTickCount
 .text.xTaskIncrementTick
                0x6000a538      0x150 ./amazon-freertos/freertos/tasks.o
                0x6000a538                xTaskIncrementTick
 .text.vTaskSwitchContext
                0x6000a688       0xb4 ./amazon-freertos/freertos/tasks.o
                0x6000a688                vTaskSwitchContext
 .text.vTaskPlaceOnEventList
                0x6000a73c       0x48 ./amazon-freertos/freertos/tasks.o
                0x6000a73c                vTaskPlaceOnEventList
 .text.vTaskPlaceOnEventListRestricted
                0x6000a784       0x54 ./amazon-freertos/freertos/tasks.o
                0x6000a784                vTaskPlaceOnEventListRestricted
 .text.xTaskRemoveFromEventList
                0x6000a7d8       0xc4 ./amazon-freertos/freertos/tasks.o
                0x6000a7d8                xTaskRemoveFromEventList
 .text.vTaskInternalSetTimeOutState
                0x6000a89c       0x2c ./amazon-freertos/freertos/tasks.o
                0x6000a89c                vTaskInternalSetTimeOutState
 .text.xTaskCheckForTimeOut
                0x6000a8c8       0xc0 ./amazon-freertos/freertos/tasks.o
                0x6000a8c8                xTaskCheckForTimeOut
 .text.vTaskMissedYield
                0x6000a988       0x18 ./amazon-freertos/freertos/tasks.o
                0x6000a988                vTaskMissedYield
 .text.prvIdleTask
                0x6000a9a0       0x30 ./amazon-freertos/freertos/tasks.o
 .text.prvInitialiseTaskLists
                0x6000a9d0       0x80 ./amazon-freertos/freertos/tasks.o
 .text.prvCheckTasksWaitingTermination
                0x6000aa50       0x58 ./amazon-freertos/freertos/tasks.o
 .text.prvResetNextTaskUnblockTime
                0x6000aaa8       0x40 ./amazon-freertos/freertos/tasks.o
 .text.xTaskGetSchedulerState
                0x6000aae8       0x3c ./amazon-freertos/freertos/tasks.o
                0x6000aae8                xTaskGetSchedulerState
 .text.xTaskPriorityInherit
                0x6000ab24      0x100 ./amazon-freertos/freertos/tasks.o
                0x6000ab24                xTaskPriorityInherit
 .text.xTaskPriorityDisinherit
                0x6000ac24      0x108 ./amazon-freertos/freertos/tasks.o
                0x6000ac24                xTaskPriorityDisinherit
 .text.vTaskPriorityDisinheritAfterTimeout
                0x6000ad2c      0x130 ./amazon-freertos/freertos/tasks.o
                0x6000ad2c                vTaskPriorityDisinheritAfterTimeout
 .text.pvTaskIncrementMutexHeldCount
                0x6000ae5c       0x28 ./amazon-freertos/freertos/tasks.o
                0x6000ae5c                pvTaskIncrementMutexHeldCount
 .text.prvAddCurrentTaskToDelayedList
                0x6000ae84       0xcc ./amazon-freertos/freertos/tasks.o
 .text.xTimerCreateTimerTask
                0x6000af50       0x60 ./amazon-freertos/freertos/timers.o
                0x6000af50                xTimerCreateTimerTask
 .text.xTimerGenericCommand
                0x6000afb0       0x98 ./amazon-freertos/freertos/timers.o
                0x6000afb0                xTimerGenericCommand
 .text.prvProcessExpiredTimer
                0x6000b048       0x98 ./amazon-freertos/freertos/timers.o
 .text.prvProcessTimerOrBlockTask
                0x6000b0e0       0x9c ./amazon-freertos/freertos/timers.o
 .text.prvGetNextExpireTime
                0x6000b17c       0x48 ./amazon-freertos/freertos/timers.o
 .text.prvSampleTimeNow
                0x6000b1c4       0x40 ./amazon-freertos/freertos/timers.o
 .text.prvInsertTimerInActiveList
                0x6000b204       0x84 ./amazon-freertos/freertos/timers.o
 .text.prvProcessReceivedCommands
                0x6000b288      0x1b8 ./amazon-freertos/freertos/timers.o
 .text.prvSwitchTimerLists
                0x6000b440       0xc8 ./amazon-freertos/freertos/timers.o
 .text.prvCheckForValidListAndQueue
                0x6000b508       0x6c ./amazon-freertos/freertos/timers.o
 .text.__assertion_failed
                0x6000b574       0x4c c:/nxp/mcuxpressoide_11.0.1_2563/ide/plugins/com.nxp.mcuxpresso.tools.win32_11.0.1.201907311258/tools/bin/../lib/gcc/arm-none-eabi/8.2.1/../../../../arm-none-eabi/lib/thumb/v7e-m+dp/hard\libcr_nohost_nf.a(_cr_assert.o)
                0x6000b574                __assertion_failed
 .text._Cwritebuf
                0x6000b5c0       0x6c c:/nxp/mcuxpressoide_11.0.1_2563/ide/plugins/com.nxp.mcuxpresso.tools.win32_11.0.1.201907311258/tools/bin/../lib/gcc/arm-none-eabi/8.2.1/../../../../arm-none-eabi/lib/thumb/v7e-m+dp/hard\libcr_c.a(_writebuf.o)
                0x6000b5c0                _Cwritebuf
 .text.malloc   0x6000b62c       0xc8 c:/nxp/mcuxpressoide_11.0.1_2563/ide/plugins/com.nxp.mcuxpresso.tools.win32_11.0.1.201907311258/tools/bin/../lib/gcc/arm-none-eabi/8.2.1/../../../../arm-none-eabi/lib/thumb/v7e-m+dp/hard\libcr_c.a(alloc.o)
                0x6000b62c                malloc
 .text._Csys_alloc
                0x6000b6f4       0x20 c:/nxp/mcuxpressoide_11.0.1_2563/ide/plugins/com.nxp.mcuxpresso.tools.win32_11.0.1.201907311258/tools/bin/../lib/gcc/arm-none-eabi/8.2.1/../../../../arm-none-eabi/lib/thumb/v7e-m+dp/hard\libcr_c.a(alloc.o)
                0x6000b6f4                _Csys_alloc
 .text.fseek    0x6000b714      0x100 c:/nxp/mcuxpressoide_11.0.1_2563/ide/plugins/com.nxp.mcuxpresso.tools.win32_11.0.1.201907311258/tools/bin/../lib/gcc/arm-none-eabi/8.2.1/../../../../arm-none-eabi/lib/thumb/v7e-m+dp/hard\libcr_c.a(fseek.o)
                0x6000b714                fseek
 .text.ftell    0x6000b814       0x48 c:/nxp/mcuxpressoide_11.0.1_2563/ide/plugins/com.nxp.mcuxpresso.tools.win32_11.0.1.201907311258/tools/bin/../lib/gcc/arm-none-eabi/8.2.1/../../../../arm-none-eabi/lib/thumb/v7e-m+dp/hard\libcr_c.a(ftell.o)
                0x6000b814                ftell
 .text._initio  0x6000b85c       0x78 c:/nxp/mcuxpressoide_11.0.1_2563/ide/plugins/com.nxp.mcuxpresso.tools.win32_11.0.1.201907311258/tools/bin/../lib/gcc/arm-none-eabi/8.2.1/../../../../arm-none-eabi/lib/thumb/v7e-m+dp/hard\libcr_c.a(initio.o)
                0x6000b85c                _initio
 .text.setvbuf  0x6000b8d4       0x40 c:/nxp/mcuxpressoide_11.0.1_2563/ide/plugins/com.nxp.mcuxpresso.tools.win32_11.0.1.201907311258/tools/bin/../lib/gcc/arm-none-eabi/8.2.1/../../../../arm-none-eabi/lib/thumb/v7e-m+dp/hard\libcr_c.a(setvbuf.o)
                0x6000b8d4                setvbuf
 .text._sbrk    0x6000b914       0x3c c:/nxp/mcuxpressoide_11.0.1_2563/ide/plugins/com.nxp.mcuxpresso.tools.win32_11.0.1.201907311258/tools/bin/../lib/gcc/arm-none-eabi/8.2.1/../../../../arm-none-eabi/lib/thumb/v7e-m+dp/hard\libcr_c.a(_cr_sbrk.o)
                0x6000b914                _sbrk
 .text.fflush   0x6000b950       0x44 c:/nxp/mcuxpressoide_11.0.1_2563/ide/plugins/com.nxp.mcuxpresso.tools.win32_11.0.1.201907311258/tools/bin/../lib/gcc/arm-none-eabi/8.2.1/../../../../arm-none-eabi/lib/thumb/v7e-m+dp/hard\libcr_c.a(fflush.o)
                0x6000b950                fflush
 .text.__check_heap_overflow
                0x6000b994       0x18 c:/nxp/mcuxpressoide_11.0.1_2563/ide/plugins/com.nxp.mcuxpresso.tools.win32_11.0.1.201907311258/tools/bin/../lib/gcc/arm-none-eabi/8.2.1/../../../../arm-none-eabi/lib/thumb/v7e-m+dp/hard\libcr_c.a(_cr_check_heap.o)
                0x6000b994                __check_heap_overflow
 .text.DbgConsole_PrintCallback
                0x6000b9ac       0x64 ./utilities/fsl_debug_console.o
 .text.DbgConsole_Putchar
                0x6000ba10       0x1c ./utilities/fsl_debug_console.o
                0x6000ba10                DbgConsole_Putchar
 .text.DbgConsole_Getchar
                0x6000ba2c       0x1c ./utilities/fsl_debug_console.o
                0x6000ba2c                DbgConsole_Getchar
 .text.ConvertRadixNumToString
                0x6000ba48      0x114 ./utilities/fsl_str.o
 .text.StrFormatPrintf
                0x6000bb5c      0x30c ./utilities/fsl_str.o
                0x6000bb5c                StrFormatPrintf
 .text.DMA0_DMA16_IRQHandler
                0x6000be68        0x8 ./startup/startup_mimxrt1052.o
                0x6000be68                DMA0_DMA16_IRQHandler
 .text.DMA1_DMA17_IRQHandler
                0x6000be70        0x8 ./startup/startup_mimxrt1052.o
                0x6000be70                DMA1_DMA17_IRQHandler
 .text.DMA2_DMA18_IRQHandler
                0x6000be78        0x8 ./startup/startup_mimxrt1052.o
                0x6000be78                DMA2_DMA18_IRQHandler
 .text.DMA3_DMA19_IRQHandler
                0x6000be80        0x8 ./startup/startup_mimxrt1052.o
                0x6000be80                DMA3_DMA19_IRQHandler
 .text.DMA4_DMA20_IRQHandler
                0x6000be88        0x8 ./startup/startup_mimxrt1052.o
                0x6000be88                DMA4_DMA20_IRQHandler
 .text.DMA5_DMA21_IRQHandler
                0x6000be90        0x8 ./startup/startup_mimxrt1052.o
                0x6000be90                DMA5_DMA21_IRQHandler
 .text.DMA6_DMA22_IRQHandler
                0x6000be98        0x8 ./startup/startup_mimxrt1052.o
                0x6000be98                DMA6_DMA22_IRQHandler
 .text.DMA7_DMA23_IRQHandler
                0x6000bea0        0x8 ./startup/startup_mimxrt1052.o
                0x6000bea0                DMA7_DMA23_IRQHandler
 .text.DMA8_DMA24_IRQHandler
                0x6000bea8        0x8 ./startup/startup_mimxrt1052.o
                0x6000bea8                DMA8_DMA24_IRQHandler
 .text.DMA9_DMA25_IRQHandler
                0x6000beb0        0x8 ./startup/startup_mimxrt1052.o
                0x6000beb0                DMA9_DMA25_IRQHandler
 .text.DMA10_DMA26_IRQHandler
                0x6000beb8        0x8 ./startup/startup_mimxrt1052.o
                0x6000beb8                DMA10_DMA26_IRQHandler
 .text.DMA11_DMA27_IRQHandler
                0x6000bec0        0x8 ./startup/startup_mimxrt1052.o
                0x6000bec0                DMA11_DMA27_IRQHandler
 .text.DMA12_DMA28_IRQHandler
                0x6000bec8        0x8 ./startup/startup_mimxrt1052.o
                0x6000bec8                DMA12_DMA28_IRQHandler
 .text.DMA13_DMA29_IRQHandler
                0x6000bed0        0x8 ./startup/startup_mimxrt1052.o
                0x6000bed0                DMA13_DMA29_IRQHandler
 .text.DMA14_DMA30_IRQHandler
                0x6000bed8        0x8 ./startup/startup_mimxrt1052.o
                0x6000bed8                DMA14_DMA30_IRQHandler
 .text.DMA15_DMA31_IRQHandler
                0x6000bee0        0x8 ./startup/startup_mimxrt1052.o
                0x6000bee0                DMA15_DMA31_IRQHandler
 .text.DMA_ERROR_IRQHandler
                0x6000bee8        0x8 ./startup/startup_mimxrt1052.o
                0x6000bee8                DMA_ERROR_IRQHandler
 .text.CTI0_ERROR_IRQHandler
                0x6000bef0        0x8 ./startup/startup_mimxrt1052.o
                0x6000bef0                CTI0_ERROR_IRQHandler
 .text.CTI1_ERROR_IRQHandler
                0x6000bef8        0x8 ./startup/startup_mimxrt1052.o
                0x6000bef8                CTI1_ERROR_IRQHandler
 .text.CORE_IRQHandler
                0x6000bf00        0x8 ./startup/startup_mimxrt1052.o
                0x6000bf00                CORE_IRQHandler
 .text.LPUART1_IRQHandler
                0x6000bf08        0x8 ./startup/startup_mimxrt1052.o
                0x6000bf08                LPUART1_IRQHandler
 .text.LPUART2_IRQHandler
                0x6000bf10        0x8 ./startup/startup_mimxrt1052.o
                0x6000bf10                LPUART2_IRQHandler
 .text.LPUART3_IRQHandler
                0x6000bf18        0x8 ./startup/startup_mimxrt1052.o
                0x6000bf18                LPUART3_IRQHandler
 .text.LPUART4_IRQHandler
                0x6000bf20        0x8 ./startup/startup_mimxrt1052.o
                0x6000bf20                LPUART4_IRQHandler
 .text.LPUART5_IRQHandler
                0x6000bf28        0x8 ./startup/startup_mimxrt1052.o
                0x6000bf28                LPUART5_IRQHandler
 .text.LPUART6_IRQHandler
                0x6000bf30        0x8 ./startup/startup_mimxrt1052.o
                0x6000bf30                LPUART6_IRQHandler
 .text.LPUART7_IRQHandler
                0x6000bf38        0x8 ./startup/startup_mimxrt1052.o
                0x6000bf38                LPUART7_IRQHandler
 .text.LPUART8_IRQHandler
                0x6000bf40        0x8 ./startup/startup_mimxrt1052.o
                0x6000bf40                LPUART8_IRQHandler
 .text.LPI2C1_IRQHandler
                0x6000bf48        0x8 ./startup/startup_mimxrt1052.o
                0x6000bf48                LPI2C1_IRQHandler
 .text.LPI2C2_IRQHandler
                0x6000bf50        0x8 ./startup/startup_mimxrt1052.o
                0x6000bf50                LPI2C2_IRQHandler
 .text.LPI2C3_IRQHandler
                0x6000bf58        0x8 ./startup/startup_mimxrt1052.o
                0x6000bf58                LPI2C3_IRQHandler
 .text.LPI2C4_IRQHandler
                0x6000bf60        0x8 ./startup/startup_mimxrt1052.o
                0x6000bf60                LPI2C4_IRQHandler
 .text.LPSPI1_IRQHandler
                0x6000bf68        0x8 ./startup/startup_mimxrt1052.o
                0x6000bf68                LPSPI1_IRQHandler
 .text.LPSPI2_IRQHandler
                0x6000bf70        0x8 ./startup/startup_mimxrt1052.o
                0x6000bf70                LPSPI2_IRQHandler
 .text.LPSPI3_IRQHandler
                0x6000bf78        0x8 ./startup/startup_mimxrt1052.o
                0x6000bf78                LPSPI3_IRQHandler
 .text.LPSPI4_IRQHandler
                0x6000bf80        0x8 ./startup/startup_mimxrt1052.o
                0x6000bf80                LPSPI4_IRQHandler
 .text.CAN1_IRQHandler
                0x6000bf88        0x8 ./startup/startup_mimxrt1052.o
                0x6000bf88                CAN1_IRQHandler
 .text.CAN2_IRQHandler
                0x6000bf90        0x8 ./startup/startup_mimxrt1052.o
                0x6000bf90                CAN2_IRQHandler
 .text.FLEXRAM_IRQHandler
                0x6000bf98        0x8 ./startup/startup_mimxrt1052.o
                0x6000bf98                FLEXRAM_IRQHandler
 .text.KPP_IRQHandler
                0x6000bfa0        0x8 ./startup/startup_mimxrt1052.o
                0x6000bfa0                KPP_IRQHandler
 .text.TSC_DIG_IRQHandler
                0x6000bfa8        0x8 ./startup/startup_mimxrt1052.o
                0x6000bfa8                TSC_DIG_IRQHandler
 .text.GPR_IRQ_IRQHandler
                0x6000bfb0        0x8 ./startup/startup_mimxrt1052.o
                0x6000bfb0                GPR_IRQ_IRQHandler
 .text.LCDIF_IRQHandler
                0x6000bfb8        0x8 ./startup/startup_mimxrt1052.o
                0x6000bfb8                LCDIF_IRQHandler
 .text.CSI_IRQHandler
                0x6000bfc0        0x8 ./startup/startup_mimxrt1052.o
                0x6000bfc0                CSI_IRQHandler
 .text.PXP_IRQHandler
                0x6000bfc8        0x8 ./startup/startup_mimxrt1052.o
                0x6000bfc8                PXP_IRQHandler
 .text.WDOG2_IRQHandler
                0x6000bfd0        0x8 ./startup/startup_mimxrt1052.o
                0x6000bfd0                WDOG2_IRQHandler
 .text.SNVS_HP_WRAPPER_IRQHandler
                0x6000bfd8        0x8 ./startup/startup_mimxrt1052.o
                0x6000bfd8                SNVS_HP_WRAPPER_IRQHandler
 .text.SNVS_HP_WRAPPER_TZ_IRQHandler
                0x6000bfe0        0x8 ./startup/startup_mimxrt1052.o
                0x6000bfe0                SNVS_HP_WRAPPER_TZ_IRQHandler
 .text.SNVS_LP_WRAPPER_IRQHandler
                0x6000bfe8        0x8 ./startup/startup_mimxrt1052.o
                0x6000bfe8                SNVS_LP_WRAPPER_IRQHandler
 .text.CSU_IRQHandler
                0x6000bff0        0x8 ./startup/startup_mimxrt1052.o
                0x6000bff0                CSU_IRQHandler
 .text.DCP_IRQHandler
                0x6000bff8        0x8 ./startup/startup_mimxrt1052.o
                0x6000bff8                DCP_IRQHandler
 .text.DCP_VMI_IRQHandler
                0x6000c000        0x8 ./startup/startup_mimxrt1052.o
                0x6000c000                DCP_VMI_IRQHandler
 .text.Reserved68_IRQHandler
                0x6000c008        0x8 ./startup/startup_mimxrt1052.o
                0x6000c008                Reserved68_IRQHandler
 .text.TRNG_IRQHandler
                0x6000c010        0x8 ./startup/startup_mimxrt1052.o
                0x6000c010                TRNG_IRQHandler
 .text.SJC_IRQHandler
                0x6000c018        0x8 ./startup/startup_mimxrt1052.o
                0x6000c018                SJC_IRQHandler
 .text.BEE_IRQHandler
                0x6000c020        0x8 ./startup/startup_mimxrt1052.o
                0x6000c020                BEE_IRQHandler
 .text.SAI1_IRQHandler
                0x6000c028        0x8 ./startup/startup_mimxrt1052.o
                0x6000c028                SAI1_IRQHandler
 .text.SAI2_IRQHandler
                0x6000c030        0x8 ./startup/startup_mimxrt1052.o
                0x6000c030                SAI2_IRQHandler
 .text.SAI3_RX_IRQHandler
                0x6000c038        0x8 ./startup/startup_mimxrt1052.o
                0x6000c038                SAI3_RX_IRQHandler
 .text.SAI3_TX_IRQHandler
                0x6000c040        0x8 ./startup/startup_mimxrt1052.o
                0x6000c040                SAI3_TX_IRQHandler
 .text.SPDIF_IRQHandler
                0x6000c048        0x8 ./startup/startup_mimxrt1052.o
                0x6000c048                SPDIF_IRQHandler
 .text.PMU_EVENT_IRQHandler
                0x6000c050        0x8 ./startup/startup_mimxrt1052.o
                0x6000c050                PMU_EVENT_IRQHandler
 .text.Reserved78_IRQHandler
                0x6000c058        0x8 ./startup/startup_mimxrt1052.o
                0x6000c058                Reserved78_IRQHandler
 .text.TEMP_LOW_HIGH_IRQHandler
                0x6000c060        0x8 ./startup/startup_mimxrt1052.o
                0x6000c060                TEMP_LOW_HIGH_IRQHandler
 .text.TEMP_PANIC_IRQHandler
                0x6000c068        0x8 ./startup/startup_mimxrt1052.o
                0x6000c068                TEMP_PANIC_IRQHandler
 .text.USB_PHY1_IRQHandler
                0x6000c070        0x8 ./startup/startup_mimxrt1052.o
                0x6000c070                USB_PHY1_IRQHandler
 .text.USB_PHY2_IRQHandler
                0x6000c078        0x8 ./startup/startup_mimxrt1052.o
                0x6000c078                USB_PHY2_IRQHandler
 .text.ADC1_IRQHandler
                0x6000c080        0x8 ./startup/startup_mimxrt1052.o
                0x6000c080                ADC1_IRQHandler
 .text.ADC2_IRQHandler
                0x6000c088        0x8 ./startup/startup_mimxrt1052.o
                0x6000c088                ADC2_IRQHandler
 .text.DCDC_IRQHandler
                0x6000c090        0x8 ./startup/startup_mimxrt1052.o
                0x6000c090                DCDC_IRQHandler
 .text.Reserved86_IRQHandler
                0x6000c098        0x8 ./startup/startup_mimxrt1052.o
                0x6000c098                Reserved86_IRQHandler
 .text.Reserved87_IRQHandler
                0x6000c0a0        0x8 ./startup/startup_mimxrt1052.o
                0x6000c0a0                Reserved87_IRQHandler
 .text.GPIO1_INT0_IRQHandler
                0x6000c0a8        0x8 ./startup/startup_mimxrt1052.o
                0x6000c0a8                GPIO1_INT0_IRQHandler
 .text.GPIO1_INT1_IRQHandler
                0x6000c0b0        0x8 ./startup/startup_mimxrt1052.o
                0x6000c0b0                GPIO1_INT1_IRQHandler
 .text.GPIO1_INT2_IRQHandler
                0x6000c0b8        0x8 ./startup/startup_mimxrt1052.o
                0x6000c0b8                GPIO1_INT2_IRQHandler
 .text.GPIO1_INT3_IRQHandler
                0x6000c0c0        0x8 ./startup/startup_mimxrt1052.o
                0x6000c0c0                GPIO1_INT3_IRQHandler
 .text.GPIO1_INT4_IRQHandler
                0x6000c0c8        0x8 ./startup/startup_mimxrt1052.o
                0x6000c0c8                GPIO1_INT4_IRQHandler
 .text.GPIO1_INT5_IRQHandler
                0x6000c0d0        0x8 ./startup/startup_mimxrt1052.o
                0x6000c0d0                GPIO1_INT5_IRQHandler
 .text.GPIO1_INT6_IRQHandler
                0x6000c0d8        0x8 ./startup/startup_mimxrt1052.o
                0x6000c0d8                GPIO1_INT6_IRQHandler
 .text.GPIO1_INT7_IRQHandler
                0x6000c0e0        0x8 ./startup/startup_mimxrt1052.o
                0x6000c0e0                GPIO1_INT7_IRQHandler
 .text.GPIO1_Combined_0_15_IRQHandler
                0x6000c0e8        0x8 ./startup/startup_mimxrt1052.o
                0x6000c0e8                GPIO1_Combined_0_15_IRQHandler
 .text.GPIO1_Combined_16_31_IRQHandler
                0x6000c0f0        0x8 ./startup/startup_mimxrt1052.o
                0x6000c0f0                GPIO1_Combined_16_31_IRQHandler
 .text.GPIO2_Combined_0_15_IRQHandler
                0x6000c0f8        0x8 ./startup/startup_mimxrt1052.o
                0x6000c0f8                GPIO2_Combined_0_15_IRQHandler
 .text.GPIO3_Combined_0_15_IRQHandler
                0x6000c100        0x8 ./startup/startup_mimxrt1052.o
                0x6000c100                GPIO3_Combined_0_15_IRQHandler
 .text.GPIO3_Combined_16_31_IRQHandler
                0x6000c108        0x8 ./startup/startup_mimxrt1052.o
                0x6000c108                GPIO3_Combined_16_31_IRQHandler
 .text.GPIO4_Combined_0_15_IRQHandler
                0x6000c110        0x8 ./startup/startup_mimxrt1052.o
                0x6000c110                GPIO4_Combined_0_15_IRQHandler
 .text.GPIO4_Combined_16_31_IRQHandler
                0x6000c118        0x8 ./startup/startup_mimxrt1052.o
                0x6000c118                GPIO4_Combined_16_31_IRQHandler
 .text.GPIO5_Combined_0_15_IRQHandler
                0x6000c120        0x8 ./startup/startup_mimxrt1052.o
                0x6000c120                GPIO5_Combined_0_15_IRQHandler
 .text.GPIO5_Combined_16_31_IRQHandler
                0x6000c128        0x8 ./startup/startup_mimxrt1052.o
                0x6000c128                GPIO5_Combined_16_31_IRQHandler
 .text.FLEXIO1_IRQHandler
                0x6000c130        0x8 ./startup/startup_mimxrt1052.o
                0x6000c130                FLEXIO1_IRQHandler
 .text.FLEXIO2_IRQHandler
                0x6000c138        0x8 ./startup/startup_mimxrt1052.o
                0x6000c138                FLEXIO2_IRQHandler
 .text.WDOG1_IRQHandler
                0x6000c140        0x8 ./startup/startup_mimxrt1052.o
                0x6000c140                WDOG1_IRQHandler
 .text.RTWDOG_IRQHandler
                0x6000c148        0x8 ./startup/startup_mimxrt1052.o
                0x6000c148                RTWDOG_IRQHandler
 .text.EWM_IRQHandler
                0x6000c150        0x8 ./startup/startup_mimxrt1052.o
                0x6000c150                EWM_IRQHandler
 .text.CCM_1_IRQHandler
                0x6000c158        0x8 ./startup/startup_mimxrt1052.o
                0x6000c158                CCM_1_IRQHandler
 .text.CCM_2_IRQHandler
                0x6000c160        0x8 ./startup/startup_mimxrt1052.o
                0x6000c160                CCM_2_IRQHandler
 .text.GPC_IRQHandler
                0x6000c168        0x8 ./startup/startup_mimxrt1052.o
                0x6000c168                GPC_IRQHandler
 .text.SRC_IRQHandler
                0x6000c170        0x8 ./startup/startup_mimxrt1052.o
                0x6000c170                SRC_IRQHandler
 .text.Reserved115_IRQHandler
                0x6000c178        0x8 ./startup/startup_mimxrt1052.o
                0x6000c178                Reserved115_IRQHandler
 .text.GPT1_IRQHandler
                0x6000c180        0x8 ./startup/startup_mimxrt1052.o
                0x6000c180                GPT1_IRQHandler
 .text.GPT2_IRQHandler
                0x6000c188        0x8 ./startup/startup_mimxrt1052.o
                0x6000c188                GPT2_IRQHandler
 .text.PWM1_0_IRQHandler
                0x6000c190        0x8 ./startup/startup_mimxrt1052.o
                0x6000c190                PWM1_0_IRQHandler
 .text.PWM1_1_IRQHandler
                0x6000c198        0x8 ./startup/startup_mimxrt1052.o
                0x6000c198                PWM1_1_IRQHandler
 .text.PWM1_2_IRQHandler
                0x6000c1a0        0x8 ./startup/startup_mimxrt1052.o
                0x6000c1a0                PWM1_2_IRQHandler
 .text.PWM1_3_IRQHandler
                0x6000c1a8        0x8 ./startup/startup_mimxrt1052.o
                0x6000c1a8                PWM1_3_IRQHandler
 .text.PWM1_FAULT_IRQHandler
                0x6000c1b0        0x8 ./startup/startup_mimxrt1052.o
                0x6000c1b0                PWM1_FAULT_IRQHandler
 .text.Reserved123_IRQHandler
                0x6000c1b8        0x8 ./startup/startup_mimxrt1052.o
                0x6000c1b8                Reserved123_IRQHandler
 .text.FLEXSPI_IRQHandler
                0x6000c1c0        0x8 ./startup/startup_mimxrt1052.o
                0x6000c1c0                FLEXSPI_IRQHandler
 .text.SEMC_IRQHandler
                0x6000c1c8        0x8 ./startup/startup_mimxrt1052.o
                0x6000c1c8                SEMC_IRQHandler
 .text.USDHC1_IRQHandler
                0x6000c1d0        0x8 ./startup/startup_mimxrt1052.o
                0x6000c1d0                USDHC1_IRQHandler
 .text.USDHC2_IRQHandler
                0x6000c1d8        0x8 ./startup/startup_mimxrt1052.o
                0x6000c1d8                USDHC2_IRQHandler
 .text.USB_OTG2_IRQHandler
                0x6000c1e0        0x8 ./startup/startup_mimxrt1052.o
                0x6000c1e0                USB_OTG2_IRQHandler
 .text.USB_OTG1_IRQHandler
                0x6000c1e8        0x8 ./startup/startup_mimxrt1052.o
                0x6000c1e8                USB_OTG1_IRQHandler
 .text.ENET_IRQHandler
                0x6000c1f0        0x8 ./startup/startup_mimxrt1052.o
                0x6000c1f0                ENET_IRQHandler
 .text.ENET_1588_Timer_IRQHandler
                0x6000c1f8        0x8 ./startup/startup_mimxrt1052.o
                0x6000c1f8                ENET_1588_Timer_IRQHandler
 .text.XBAR1_IRQ_0_1_IRQHandler
                0x6000c200        0x8 ./startup/startup_mimxrt1052.o
                0x6000c200                XBAR1_IRQ_0_1_IRQHandler
 .text.XBAR1_IRQ_2_3_IRQHandler
                0x6000c208        0x8 ./startup/startup_mimxrt1052.o
                0x6000c208                XBAR1_IRQ_2_3_IRQHandler
 .text.ADC_ETC_IRQ0_IRQHandler
                0x6000c210        0x8 ./startup/startup_mimxrt1052.o
                0x6000c210                ADC_ETC_IRQ0_IRQHandler
 .text.ADC_ETC_IRQ1_IRQHandler
                0x6000c218        0x8 ./startup/startup_mimxrt1052.o
                0x6000c218                ADC_ETC_IRQ1_IRQHandler
 .text.ADC_ETC_IRQ2_IRQHandler
                0x6000c220        0x8 ./startup/startup_mimxrt1052.o
                0x6000c220                ADC_ETC_IRQ2_IRQHandler
 .text.ADC_ETC_ERROR_IRQ_IRQHandler
                0x6000c228        0x8 ./startup/startup_mimxrt1052.o
                0x6000c228                ADC_ETC_ERROR_IRQ_IRQHandler
 .text.PIT_IRQHandler
                0x6000c230        0x8 ./startup/startup_mimxrt1052.o
                0x6000c230                PIT_IRQHandler
 .text.ACMP1_IRQHandler
                0x6000c238        0x8 ./startup/startup_mimxrt1052.o
                0x6000c238                ACMP1_IRQHandler
 .text.ACMP2_IRQHandler
                0x6000c240        0x8 ./startup/startup_mimxrt1052.o
                0x6000c240                ACMP2_IRQHandler
 .text.ACMP3_IRQHandler
                0x6000c248        0x8 ./startup/startup_mimxrt1052.o
                0x6000c248                ACMP3_IRQHandler
 .text.ACMP4_IRQHandler
                0x6000c250        0x8 ./startup/startup_mimxrt1052.o
                0x6000c250                ACMP4_IRQHandler
 .text.Reserved143_IRQHandler
                0x6000c258        0x8 ./startup/startup_mimxrt1052.o
                0x6000c258                Reserved143_IRQHandler
 .text.Reserved144_IRQHandler
                0x6000c260        0x8 ./startup/startup_mimxrt1052.o
                0x6000c260                Reserved144_IRQHandler
 .text.ENC1_IRQHandler
                0x6000c268        0x8 ./startup/startup_mimxrt1052.o
                0x6000c268                ENC1_IRQHandler
 .text.ENC2_IRQHandler
                0x6000c270        0x8 ./startup/startup_mimxrt1052.o
                0x6000c270                ENC2_IRQHandler
 .text.ENC3_IRQHandler
                0x6000c278        0x8 ./startup/startup_mimxrt1052.o
                0x6000c278                ENC3_IRQHandler
 .text.ENC4_IRQHandler
                0x6000c280        0x8 ./startup/startup_mimxrt1052.o
                0x6000c280                ENC4_IRQHandler
 .text.TMR1_IRQHandler
                0x6000c288        0x8 ./startup/startup_mimxrt1052.o
                0x6000c288                TMR1_IRQHandler
 .text.TMR2_IRQHandler
                0x6000c290        0x8 ./startup/startup_mimxrt1052.o
                0x6000c290                TMR2_IRQHandler
 .text.TMR3_IRQHandler
                0x6000c298        0x8 ./startup/startup_mimxrt1052.o
                0x6000c298                TMR3_IRQHandler
 .text.TMR4_IRQHandler
                0x6000c2a0        0x8 ./startup/startup_mimxrt1052.o
                0x6000c2a0                TMR4_IRQHandler
 .text.PWM2_0_IRQHandler
                0x6000c2a8        0x8 ./startup/startup_mimxrt1052.o
                0x6000c2a8                PWM2_0_IRQHandler
 .text.PWM2_1_IRQHandler
                0x6000c2b0        0x8 ./startup/startup_mimxrt1052.o
                0x6000c2b0                PWM2_1_IRQHandler
 .text.PWM2_2_IRQHandler
                0x6000c2b8        0x8 ./startup/startup_mimxrt1052.o
                0x6000c2b8                PWM2_2_IRQHandler
 .text.PWM2_3_IRQHandler
                0x6000c2c0        0x8 ./startup/startup_mimxrt1052.o
                0x6000c2c0                PWM2_3_IRQHandler
 .text.PWM2_FAULT_IRQHandler
                0x6000c2c8        0x8 ./startup/startup_mimxrt1052.o
                0x6000c2c8                PWM2_FAULT_IRQHandler
 .text.PWM3_0_IRQHandler
                0x6000c2d0        0x8 ./startup/startup_mimxrt1052.o
                0x6000c2d0                PWM3_0_IRQHandler
 .text.PWM3_1_IRQHandler
                0x6000c2d8        0x8 ./startup/startup_mimxrt1052.o
                0x6000c2d8                PWM3_1_IRQHandler
 .text.PWM3_2_IRQHandler
                0x6000c2e0        0x8 ./startup/startup_mimxrt1052.o
                0x6000c2e0                PWM3_2_IRQHandler
 .text.PWM3_3_IRQHandler
                0x6000c2e8        0x8 ./startup/startup_mimxrt1052.o
                0x6000c2e8                PWM3_3_IRQHandler
 .text.PWM3_FAULT_IRQHandler
                0x6000c2f0        0x8 ./startup/startup_mimxrt1052.o
                0x6000c2f0                PWM3_FAULT_IRQHandler
 .text.PWM4_0_IRQHandler
                0x6000c2f8        0x8 ./startup/startup_mimxrt1052.o
                0x6000c2f8                PWM4_0_IRQHandler
 .text.PWM4_1_IRQHandler
                0x6000c300        0x8 ./startup/startup_mimxrt1052.o
                0x6000c300                PWM4_1_IRQHandler
 .text.PWM4_2_IRQHandler
                0x6000c308        0x8 ./startup/startup_mimxrt1052.o
                0x6000c308                PWM4_2_IRQHandler
 .text.PWM4_3_IRQHandler
                0x6000c310        0x8 ./startup/startup_mimxrt1052.o
                0x6000c310                PWM4_3_IRQHandler
 .text.PWM4_FAULT_IRQHandler
                0x6000c318        0x8 ./startup/startup_mimxrt1052.o
                0x6000c318                PWM4_FAULT_IRQHandler
 .text.BOARD_PowerOffSDCARD
                0x6000c320        0xe ./source/freertos_sdcard.o
                0x6000c320                BOARD_PowerOffSDCARD
 .text.HardFault_Handler
                0x6000c32e       0x2c ./source/semihost_hardfault.o
                0x6000c32e                HardFault_Handler
 .text.USDHC_GetPresentStatusFlags
                0x6000c35a       0x18 ./sdmmc/src/fsl_sd.o
 .text.USDHC_SetDataBusWidth
                0x6000c372       0x2e ./sdmmc/src/fsl_sd.o
 .text.UDSHC_SelectVoltage
                0x6000c3a0       0x40 ./sdmmc/src/fsl_sd.o
 .text.SD_PowerOnCard
                0x6000c3e0       0x1a ./sdmmc/src/fsl_sd.o
                0x6000c3e0                SD_PowerOnCard
 .text.SD_PowerOffCard
                0x6000c3fa       0x1a ./sdmmc/src/fsl_sd.o
                0x6000c3fa                SD_PowerOffCard
 .text.SD_IsCardPresent
                0x6000c414       0x16 ./sdmmc/src/fsl_sd.o
                0x6000c414                SD_IsCardPresent
 .text.SD_Deinit
                0x6000c42a       0x1c ./sdmmc/src/fsl_sd.o
                0x6000c42a                SD_Deinit
 .text.USDHC_GetPresentStatusFlags
                0x6000c446       0x18 ./sdmmc/src/fsl_sdmmc_common.o
 .text.USDHC_ForceClockOn
                0x6000c45e       0x40 ./sdmmc/src/fsl_sdmmc_common.o
 .text.UDSHC_SelectVoltage
                0x6000c49e       0x40 ./sdmmc/src/fsl_sdmmc_common.o
 .text.USDHC_EnableAutoTuning
                0x6000c4de       0x38 ./sdmmc/src/fsl_sdmmc_common.o
 .text.USDHC_GetExecuteStdTuningStatus
                0x6000c516       0x1c ./sdmmc/src/fsl_sdmmc_common.o
 .text.USDHC_CheckStdTuningResult
                0x6000c532       0x1c ./sdmmc/src/fsl_sdmmc_common.o
 .text.USDHC_CheckTuningError
                0x6000c54e       0x1c ./sdmmc/src/fsl_sdmmc_common.o
 .text.SDMMC_ExecuteTuning
                0x6000c56a      0x114 ./sdmmc/src/fsl_sdmmc_common.o
                0x6000c56a                SDMMC_ExecuteTuning
 .text.SDMMCEVENT_Create
                0x6000c67e       0x44 ./sdmmc/port/fsl_sdmmc_event.o
                0x6000c67e                SDMMCEVENT_Create
 .text.SDMMCEVENT_Delete
                0x6000c6c2       0x34 ./sdmmc/port/fsl_sdmmc_event.o
                0x6000c6c2                SDMMCEVENT_Delete
 .text.EnableIRQ
                0x6000c6f6       0x2c ./sdmmc/port/fsl_sdmmc_host.o
 .text.GPIO_PortEnableInterrupts
                0x6000c722       0x22 ./sdmmc/port/fsl_sdmmc_host.o
 .text.GPIO_PortGetInterruptFlags
                0x6000c744       0x18 ./sdmmc/port/fsl_sdmmc_host.o
 .text.GPIO_PortClearInterruptFlags
                0x6000c75c       0x1c ./sdmmc/port/fsl_sdmmc_host.o
 .text.USDHC_EnableInterruptStatus
                0x6000c778       0x22 ./sdmmc/port/fsl_sdmmc_host.o
 .text.USDHC_EnableInterruptSignal
                0x6000c79a       0x22 ./sdmmc/port/fsl_sdmmc_host.o
 .text.USDHC_DisableInterruptSignal
                0x6000c7bc       0x24 ./sdmmc/port/fsl_sdmmc_host.o
 .text.USDHC_GetPresentStatusFlags
                0x6000c7e0       0x18 ./sdmmc/port/fsl_sdmmc_host.o
 .text.USDHC_CardDetectByData3
                0x6000c7f8       0x38 ./sdmmc/port/fsl_sdmmc_host.o
 .text.USDHC_DetectCardInsert
                0x6000c830       0x26 ./sdmmc/port/fsl_sdmmc_host.o
 .text.UDSHC_SelectVoltage
                0x6000c856       0x40 ./sdmmc/port/fsl_sdmmc_host.o
 .text.SDMMCHOST_CardInterrupt
                0x6000c896       0x30 ./sdmmc/port/fsl_sdmmc_host.o
 .text.SDMMCHOST_ErrorRecovery
                0x6000c8c6       0x48 ./sdmmc/port/fsl_sdmmc_host.o
                0x6000c8c6                SDMMCHOST_ErrorRecovery
 .text.SDMMCHOST_Delay
                0x6000c90e       0x16 ./sdmmc/port/fsl_sdmmc_host.o
                0x6000c90e                SDMMCHOST_Delay
 .text.SDMMCHOST_Reset
                0x6000c924       0x2e ./sdmmc/port/fsl_sdmmc_host.o
                0x6000c924                SDMMCHOST_Reset
 .text.SDMMCHOST_Deinit
                0x6000c952       0x32 ./sdmmc/port/fsl_sdmmc_host.o
                0x6000c952                SDMMCHOST_Deinit
 .text.L1CACHE_CleanDCacheByRange
                0x6000c984       0x32 ./drivers/fsl_cache.o
 .text.L1CACHE_CleanInvalidateDCacheByRange
                0x6000c9b6       0x32 ./drivers/fsl_cache.o
 .text.DCACHE_CleanByRange
                0x6000c9e8       0x1a ./drivers/fsl_cache.o
                0x6000c9e8                DCACHE_CleanByRange
 .text.DCACHE_CleanInvalidateByRange
                0x6000ca02       0x1a ./drivers/fsl_cache.o
                0x6000ca02                DCACHE_CleanInvalidateByRange
 .text.CLOCK_IsPllBypassed
                0x6000ca1c       0x32 ./drivers/fsl_clock.o
 .text.CLOCK_IsPllEnabled
                0x6000ca4e       0x3c ./drivers/fsl_clock.o
 .text.CLOCK_GetPllBypassRefClk
                0x6000ca8a       0x34 ./drivers/fsl_clock.o
 .text.CLOCK_EnableClock
                0x6000cabe       0x1e ./drivers/fsl_gpio.o
 .text.GPIO_SetPinInterruptConfig
                0x6000cadc       0x22 ./drivers/fsl_gpio.o
 .text.CLOCK_EnableClock
                0x6000cafe       0x1e ./drivers/fsl_lpuart.o
 .text.LPUART_SoftwareReset
                0x6000cb1c       0x2c ./drivers/fsl_lpuart.o
 .text.LPUART_GetStatusFlags
                0x6000cb48       0x2c ./drivers/fsl_lpuart.o
                0x6000cb48                LPUART_GetStatusFlags
 .text.CLOCK_EnableClock
                0x6000cb74       0x1e ./drivers/fsl_usdhc.o
 .text.CLOCK_DisableClock
                0x6000cb92       0x1e ./drivers/fsl_usdhc.o
 .text.EnableIRQ
                0x6000cbb0       0x2c ./drivers/fsl_usdhc.o
 .text.DisableIRQ
                0x6000cbdc       0x2c ./drivers/fsl_usdhc.o
 .text.USDHC_EnableInternalDMA
                0x6000cc08       0x44 ./drivers/fsl_usdhc.o
 .text.USDHC_EnableInterruptStatus
                0x6000cc4c       0x22 ./drivers/fsl_usdhc.o
 .text.USDHC_DisableInterruptStatus
                0x6000cc6e       0x24 ./drivers/fsl_usdhc.o
 .text.USDHC_EnableInterruptSignal
                0x6000cc92       0x22 ./drivers/fsl_usdhc.o
 .text.USDHC_DisableInterruptSignal
                0x6000ccb4       0x24 ./drivers/fsl_usdhc.o
 .text.USDHC_GetEnabledInterruptStatusFlags
                0x6000ccd8       0x1e ./drivers/fsl_usdhc.o
 .text.USDHC_GetInterruptStatusFlags
                0x6000ccf6       0x18 ./drivers/fsl_usdhc.o
 .text.USDHC_ClearInterruptStatusFlags
                0x6000cd0e       0x1c ./drivers/fsl_usdhc.o
 .text.USDHC_WriteData
                0x6000cd2a       0x1c ./drivers/fsl_usdhc.o
 .text.USDHC_ReadData
                0x6000cd46       0x18 ./drivers/fsl_usdhc.o
 .text.USDHC_SetDataTransferConfig
                0x6000cd5e      0x19a ./drivers/fsl_usdhc.o
 .text.USDHC_ReadDataPort
                0x6000cef8       0xb0 ./drivers/fsl_usdhc.o
 .text.USDHC_WriteDataPort
                0x6000cfa8       0xb2 ./drivers/fsl_usdhc.o
 .text.USDHC_Reset
                0x6000d05a       0x52 ./drivers/fsl_usdhc.o
                0x6000d05a                USDHC_Reset
 .text.USDHC_SetCardActive
                0x6000d0ac       0x4e ./drivers/fsl_usdhc.o
                0x6000d0ac                USDHC_SetCardActive
 .text.USDHC_EnableDDRMode
                0x6000d0fa       0x88 ./drivers/fsl_usdhc.o
                0x6000d0fa                USDHC_EnableDDRMode
 .text.USDHC_AdjustDelayForManualTuning
                0x6000d182       0x4e ./drivers/fsl_usdhc.o
                0x6000d182                USDHC_AdjustDelayForManualTuning
 .text.USDHC_TransferHandleCardDetect
                0x6000d1d0       0x4c ./drivers/fsl_usdhc.o
 .text.USDHC_TransferHandleSdioInterrupt
                0x6000d21c       0x28 ./drivers/fsl_usdhc.o
 .text.USDHC_TransferHandleBlockGap
                0x6000d244       0x28 ./drivers/fsl_usdhc.o
 .text.SystemInitHook
                0x6000d26c        0xe ./device/system_MIMXRT1052.o
                0x6000d26c                SystemInitHook
 .text.HAL_UartGetStatus
                0x6000d27a       0x22 ./component/uart/lpuart_adapter.o
 .text.SerialManager_StartWriting
                0x6000d29c       0x4a ./component/serial_manager/serial_manager.o
 .text.SerialManager_StartReading
                0x6000d2e6       0x4a ./component/serial_manager/serial_manager.o
 .text.SerialManager_WriteBlocking
                0x6000d330       0x20 ./component/serial_manager/serial_manager.o
                0x6000d330                SerialManager_WriteBlocking
 .text.SerialManager_ReadBlocking
                0x6000d350       0x20 ./component/serial_manager/serial_manager.o
                0x6000d350                SerialManager_ReadBlocking
 .text.IOMUXC_SetPinConfig
                0x6000d370       0x26 ./board/board.o
 .text.BOARD_InitDebugConsole
                0x6000d396       0x22 ./board/board.o
                0x6000d396                BOARD_InitDebugConsole
 .text.CLOCK_DisableClock
                0x6000d3b8       0x1e ./board/clock_config.o
 .text.CLOCK_SetPllBypass
                0x6000d3d6       0x4e ./board/clock_config.o
 .text.IOMUXC_SetSaiMClkClockSource
                0x6000d424       0x6c ./board/clock_config.o
 .text.CLOCK_EnableClock
                0x6000d490       0x1e ./board/pin_mux.o
 .text.IOMUXC_SetPinMux
                0x6000d4ae       0x3a ./board/pin_mux.o
 .text.IOMUXC_SetPinConfig
                0x6000d4e8       0x26 ./board/pin_mux.o
 .text.vListInitialise
                0x6000d50e       0x40 ./amazon-freertos/freertos/list.o
                0x6000d50e                vListInitialise
 .text.vListInitialiseItem
                0x6000d54e       0x1a ./amazon-freertos/freertos/list.o
                0x6000d54e                vListInitialiseItem
 .text.vListInsertEnd
                0x6000d568       0x48 ./amazon-freertos/freertos/list.o
                0x6000d568                vListInsertEnd
 .text.vListInsert
                0x6000d5b0       0x72 ./amazon-freertos/freertos/list.o
                0x6000d5b0                vListInsert
 .text.uxListRemove
                0x6000d622       0x54 ./amazon-freertos/freertos/list.o
                0x6000d622                uxListRemove
 .text.xQueueGenericCreate
                0x6000d676       0x76 ./amazon-freertos/freertos/queue.o
                0x6000d676                xQueueGenericCreate
 .text.prvInitialiseNewQueue
                0x6000d6ec       0x46 ./amazon-freertos/freertos/queue.o
 .text.xQueueGenericSendFromISR
                0x6000d732      0x128 ./amazon-freertos/freertos/queue.o
                0x6000d732                xQueueGenericSendFromISR
 .text.xQueueGiveFromISR
                0x6000d85a      0x112 ./amazon-freertos/freertos/queue.o
                0x6000d85a                xQueueGiveFromISR
 .text.vQueueDelete
                0x6000d96c       0x3a ./amazon-freertos/freertos/queue.o
                0x6000d96c                vQueueDelete
 .text.prvGetDisinheritPriorityAfterTimeout
                0x6000d9a6       0x30 ./amazon-freertos/freertos/queue.o
 .text.prvCopyDataToQueue
                0x6000d9d6       0xd4 ./amazon-freertos/freertos/queue.o
 .text.prvCopyDataFromQueue
                0x6000daaa       0x4c ./amazon-freertos/freertos/queue.o
 .text.prvUnlockQueue
                0x6000daf6       0xa4 ./amazon-freertos/freertos/queue.o
 .text.prvIsQueueEmpty
                0x6000db9a       0x2c ./amazon-freertos/freertos/queue.o
 .text.prvIsQueueFull
                0x6000dbc6       0x30 ./amazon-freertos/freertos/queue.o
 .text.vQueueWaitForMessageRestricted
                0x6000dbf6       0x68 ./amazon-freertos/freertos/queue.o
                0x6000dbf6                vQueueWaitForMessageRestricted
 .text.xTaskCreate
                0x6000dc5e       0x82 ./amazon-freertos/freertos/tasks.o
                0x6000dc5e                xTaskCreate
 .text.prvInitialiseNewTask
                0x6000dce0      0x13a ./amazon-freertos/freertos/tasks.o
 .text.prvDeleteTCB
                0x6000de1a       0x20 ./amazon-freertos/freertos/tasks.o
 .text.prvTimerTask
                0x6000de3a       0x24 ./amazon-freertos/freertos/timers.o
 .text.__main   0x6000de5e        0xe c:/nxp/mcuxpressoide_11.0.1_2563/ide/plugins/com.nxp.mcuxpresso.tools.win32_11.0.1.201907311258/tools/bin/../lib/gcc/arm-none-eabi/8.2.1/../../../../arm-none-eabi/lib/thumb/v7e-m+dp/hard\libcr_nohost_nf.a(_cr__main.o)
                0x6000de5e                __main
 .text.__sys_appexit
                0x6000de6c        0x2 c:/nxp/mcuxpressoide_11.0.1_2563/ide/plugins/com.nxp.mcuxpresso.tools.win32_11.0.1.201907311258/tools/bin/../lib/gcc/arm-none-eabi/8.2.1/../../../../arm-none-eabi/lib/thumb/v7e-m+dp/hard\libcr_nohost_nf.a(__sys_appexit.o)
                0x6000de6c                __sys_appexit
                0x6000de6c                __exit
 .text.memcpy   0x6000de6e        0x4 c:/nxp/mcuxpressoide_11.0.1_2563/ide/plugins/com.nxp.mcuxpresso.tools.win32_11.0.1.201907311258/tools/bin/../lib/gcc/arm-none-eabi/8.2.1/../../../../arm-none-eabi/lib/thumb/v7e-m+dp/hard\libcr_c.a(memcpy.o)
                0x6000de6e                memcpy
 .text.memset   0x6000de72        0x4 c:/nxp/mcuxpressoide_11.0.1_2563/ide/plugins/com.nxp.mcuxpresso.tools.win32_11.0.1.201907311258/tools/bin/../lib/gcc/arm-none-eabi/8.2.1/../../../../arm-none-eabi/lib/thumb/v7e-m+dp/hard\libcr_c.a(memset.o)
                0x6000de72                memset
 .text._deferredlazyseek
                0x6000de76       0x40 c:/nxp/mcuxpressoide_11.0.1_2563/ide/plugins/com.nxp.mcuxpresso.tools.win32_11.0.1.201907311258/tools/bin/../lib/gcc/arm-none-eabi/8.2.1/../../../../arm-none-eabi/lib/thumb/v7e-m+dp/hard\libcr_c.a(_deferredlazyseek.o)
                0x6000de76                _deferredlazyseek
 .text.__flsbuf
                0x6000deb6      0x140 c:/nxp/mcuxpressoide_11.0.1_2563/ide/plugins/com.nxp.mcuxpresso.tools.win32_11.0.1.201907311258/tools/bin/../lib/gcc/arm-none-eabi/8.2.1/../../../../arm-none-eabi/lib/thumb/v7e-m+dp/hard\libcr_c.a(_deferredlazyseek.o)
                0x6000deb6                __flsbuf
 .text._fflush  0x6000dff6       0x52 c:/nxp/mcuxpressoide_11.0.1_2563/ide/plugins/com.nxp.mcuxpresso.tools.win32_11.0.1.201907311258/tools/bin/../lib/gcc/arm-none-eabi/8.2.1/../../../../arm-none-eabi/lib/thumb/v7e-m+dp/hard\libcr_c.a(_fflush.o)
                0x6000dff6                _fflush
 .text.free     0x6000e048       0x30 c:/nxp/mcuxpressoide_11.0.1_2563/ide/plugins/com.nxp.mcuxpresso.tools.win32_11.0.1.201907311258/tools/bin/../lib/gcc/arm-none-eabi/8.2.1/../../../../arm-none-eabi/lib/thumb/v7e-m+dp/hard\libcr_c.a(alloc.o)
                0x6000e048                free
 .text.fputs    0x6000e078       0x2c c:/nxp/mcuxpressoide_11.0.1_2563/ide/plugins/com.nxp.mcuxpresso.tools.win32_11.0.1.201907311258/tools/bin/../lib/gcc/arm-none-eabi/8.2.1/../../../../arm-none-eabi/lib/thumb/v7e-m+dp/hard\libcr_c.a(fputs.o)
                0x6000e078                fputs
 .text.memcmp   0x6000e0a4       0x40 c:/nxp/mcuxpressoide_11.0.1_2563/ide/plugins/com.nxp.mcuxpresso.tools.win32_11.0.1.201907311258/tools/bin/../lib/gcc/arm-none-eabi/8.2.1/../../../../arm-none-eabi/lib/thumb/v7e-m+dp/hard\libcr_c.a(memcmp.o)
                0x6000e0a4                memcmp
 .text.strlen   0x6000e0e4       0x4c c:/nxp/mcuxpressoide_11.0.1_2563/ide/plugins/com.nxp.mcuxpresso.tools.win32_11.0.1.201907311258/tools/bin/../lib/gcc/arm-none-eabi/8.2.1/../../../../arm-none-eabi/lib/thumb/v7e-m+dp/hard\libcr_c.a(strlen.o)
                0x6000e0e4                strlen
 .text._fdopen  0x6000e130       0x68 c:/nxp/mcuxpressoide_11.0.1_2563/ide/plugins/com.nxp.mcuxpresso.tools.win32_11.0.1.201907311258/tools/bin/../lib/gcc/arm-none-eabi/8.2.1/../../../../arm-none-eabi/lib/thumb/v7e-m+dp/hard\libcr_c.a(_fdopen.o)
                0x6000e130                _fdopen
 .text.fclose   0x6000e198       0x58 c:/nxp/mcuxpressoide_11.0.1_2563/ide/plugins/com.nxp.mcuxpresso.tools.win32_11.0.1.201907311258/tools/bin/../lib/gcc/arm-none-eabi/8.2.1/../../../../arm-none-eabi/lib/thumb/v7e-m+dp/hard\libcr_c.a(fclose.o)
                0x6000e198                fclose
 .text.remove   0x6000e1f0       0x14 c:/nxp/mcuxpressoide_11.0.1_2563/ide/plugins/com.nxp.mcuxpresso.tools.win32_11.0.1.201907311258/tools/bin/../lib/gcc/arm-none-eabi/8.2.1/../../../../arm-none-eabi/lib/thumb/v7e-m+dp/hard\libcr_c.a(remove.o)
                0x6000e1f0                remove
 .text._do_fflush
                0x6000e204       0x40 c:/nxp/mcuxpressoide_11.0.1_2563/ide/plugins/com.nxp.mcuxpresso.tools.win32_11.0.1.201907311258/tools/bin/../lib/gcc/arm-none-eabi/8.2.1/../../../../arm-none-eabi/lib/thumb/v7e-m+dp/hard\libcr_c.a(_do_fflush.o)
                0x6000e204                _do_fflush
 .text.__aeabi_memcpy
                0x6000e244       0x34 c:/nxp/mcuxpressoide_11.0.1_2563/ide/plugins/com.nxp.mcuxpresso.tools.win32_11.0.1.201907311258/tools/bin/../lib/gcc/arm-none-eabi/8.2.1/thumb/v7e-m+dp/hard\libcr_eabihelpers.a(memcpy.o)
                0x6000e244                __aeabi_memcpy
                0x6000e24e                __aeabi_memcpy8
                0x6000e24e                __aeabi_memcpy4
 .text.__aeabi_memset_lowlevel
                0x6000e278       0x32 c:/nxp/mcuxpressoide_11.0.1_2563/ide/plugins/com.nxp.mcuxpresso.tools.win32_11.0.1.201907311258/tools/bin/../lib/gcc/arm-none-eabi/8.2.1/thumb/v7e-m+dp/hard\libcr_eabihelpers.a(memcpy.o)
                0x6000e278                __aeabi_lowlevel_memset
 .text.__sys_close
                0x6000e2aa        0x6 c:/nxp/mcuxpressoide_11.0.1_2563/ide/plugins/com.nxp.mcuxpresso.tools.win32_11.0.1.201907311258/tools/bin/../lib/gcc/arm-none-eabi/8.2.1/../../../../arm-none-eabi/lib/thumb/v7e-m+dp/hard\libcr_nohost_nf.a(__sys_close.o)
                0x6000e2aa                __sys_close
 .text.__sys_flen
                0x6000e2b0        0x6 c:/nxp/mcuxpressoide_11.0.1_2563/ide/plugins/com.nxp.mcuxpresso.tools.win32_11.0.1.201907311258/tools/bin/../lib/gcc/arm-none-eabi/8.2.1/../../../../arm-none-eabi/lib/thumb/v7e-m+dp/hard\libcr_nohost_nf.a(__sys_flen.o)
                0x6000e2b0                __sys_flen
 .text.__sys_istty
                0x6000e2b6        0x6 c:/nxp/mcuxpressoide_11.0.1_2563/ide/plugins/com.nxp.mcuxpresso.tools.win32_11.0.1.201907311258/tools/bin/../lib/gcc/arm-none-eabi/8.2.1/../../../../arm-none-eabi/lib/thumb/v7e-m+dp/hard\libcr_nohost_nf.a(__sys_istty.o)
                0x6000e2b6                __sys_istty
 .text.__sys_remove
                0x6000e2bc        0x6 c:/nxp/mcuxpressoide_11.0.1_2563/ide/plugins/com.nxp.mcuxpresso.tools.win32_11.0.1.201907311258/tools/bin/../lib/gcc/arm-none-eabi/8.2.1/../../../../arm-none-eabi/lib/thumb/v7e-m+dp/hard\libcr_nohost_nf.a(__sys_remove.o)
                0x6000e2bc                __sys_remove
 .text.__sys_seek
                0x6000e2c2        0x6 c:/nxp/mcuxpressoide_11.0.1_2563/ide/plugins/com.nxp.mcuxpresso.tools.win32_11.0.1.201907311258/tools/bin/../lib/gcc/arm-none-eabi/8.2.1/../../../../arm-none-eabi/lib/thumb/v7e-m+dp/hard\libcr_nohost_nf.a(__sys_seek.o)
                0x6000e2c2                __sys_seek
 .text.__sys_tmpnam
                0x6000e2c8        0x6 c:/nxp/mcuxpressoide_11.0.1_2563/ide/plugins/com.nxp.mcuxpresso.tools.win32_11.0.1.201907311258/tools/bin/../lib/gcc/arm-none-eabi/8.2.1/../../../../arm-none-eabi/lib/thumb/v7e-m+dp/hard\libcr_nohost_nf.a(__sys_tmpnam.o)
                0x6000e2c8                __sys_tmpnam
 .text.__sys_write
                0x6000e2ce        0x4 c:/nxp/mcuxpressoide_11.0.1_2563/ide/plugins/com.nxp.mcuxpresso.tools.win32_11.0.1.201907311258/tools/bin/../lib/gcc/arm-none-eabi/8.2.1/../../../../arm-none-eabi/lib/thumb/v7e-m+dp/hard\libcr_nohost_nf.a(__sys_write.o)
                0x6000e2ce                __sys_write
 *(SORT_BY_ALIGNMENT(.rodata) SORT_BY_ALIGNMENT(.rodata.*) SORT_BY_ALIGNMENT(.constdata) SORT_BY_ALIGNMENT(.constdata.*))
 *fill*         0x6000e2d2        0x2 ff
 .rodata.dcd_data
                0x6000e2d4        0x1 ./xip/evkbimxrt1050_sdram_ini_dcd.o
                0x6000e2d4                dcd_data
 *fill*         0x6000e2d5        0x3 ff
 .rodata        0x6000e2d8      0x21f ./utilities/fsl_debug_console.o